<html>
<body>
<pre>
<h1>µVision Build Log</h1>
<h2>Tool Versions:</h2>
IDE-Version: ¦ÌVision V5.25.2.0
Copyright (C) 2018 ARM Ltd and ARM Germany GmbH. All rights reserved.
License Information: D D, D, LIC=03C9U-SFWAE-CXLU6-DNE3R-CLL2M-97C91
 
Tool Versions:
Toolchain:       MDK-ARM Plus  Version: 5.25.2.0
Toolchain Path:  D:\Keil_v5\ARM\ARMCC\Bin
C Compiler:      Armcc.exe V5.06 update 6 (build 750)
Assembler:       Armasm.exe V5.06 update 6 (build 750)
Linker/Locator:  ArmLink.exe V5.06 update 6 (build 750)
Library Manager: ArmAr.exe V5.06 update 6 (build 750)
Hex Converter:   FromElf.exe V5.06 update 6 (build 750)
CPU DLL:         SARMCM3.DLL V5.25.2.0
Dialog DLL:      DCM.DLL V1.17.1.0
Target DLL:      Segger\JL2CM3.dll V2.99.29.0
Dialog DLL:      TCM.DLL V1.35.1.0
 
<h2>Project:</h2>
E:\WorkSpace_Gimbal\STM32Code\XD_SPRain_BGC.uvprojx
Project File Date:  09/12/2018

<h2>Output:</h2>
*** Using Compiler 'V5.06 update 6 (build 750)', folder: 'D:\Keil_v5\ARM\ARMCC\Bin'
Build target 'xd_sprain_bgc'
compiling P.cpp...
compiling PID.cpp...
compiling PD.cpp...
compiling fuzzy_control.cpp...
compiling FuzzyLogic.cpp...
compiling DirectionAlign.cpp...
apps\Function\DirectionAlign.cpp(58): warning:  #1035-D: single-precision operand implicitly converted to double-precision
  			if(mot_value.y == 0.0) 
apps\Function\DirectionAlign.cpp(91): warning:  #1035-D: single-precision operand implicitly converted to double-precision
  			if(mot_value.x == 0.0)
apps\Function\DirectionAlign.cpp(118): warning:  #1035-D: single-precision operand implicitly converted to double-precision
  			if(mot_value.z == 0.0)
apps\Function\DirectionAlign.cpp(185): warning:  #1-D: last line of file ends without a newline
  };
apps\Function\DirectionAlign.cpp: 4 warnings, 0 errors
compiling AttitudeControl.cpp...
compiling filter.cpp...
compiling Attitude.cpp...
compiling AccelCal.cpp...
compiling accelerometer_calibration.cpp...
compiling AccelCalibrator.cpp...
compiling mpu6500.cpp...
compiling attitude_filter.cpp...
apps\Function\attitude_filter.cpp(176): warning:  #1035-D: single-precision operand implicitly converted to double-precision
  			if(beta_conj < 0.0001) beta_conj = 0.0001;
apps\Function\attitude_filter.cpp(308): warning:  #1035-D: single-precision operand implicitly converted to double-precision
  			if(beta_conj < 0.0001) beta_conj = 0.0001;
apps\Function\attitude_filter.cpp: 2 warnings, 0 errors
compiling NotchFilter.cpp...
apps\Function\NotchFilter.cpp(5): warning:  #1035-D: single-precision operand implicitly converted to double-precision
    return (logf(x) / M_LN2);
apps\Function\NotchFilter.cpp: 1 warning, 0 errors
compiling mavlink_com.cpp...
compiling parameter.cpp...
compiling CAN_com.cpp...
compiling DCM_EKF_IMU.cpp...
apps\Function\DCM_EKF_IMU.cpp(258): warning:  #1035-D: single-precision operand implicitly converted to double-precision
  	float a_len = 1.5 * sqrt(y0*y0+y1*y1+y2*y2);
apps\Function\DCM_EKF_IMU.cpp: 1 warning, 0 errors
compiling Gimbal.cpp...
apps\Gimbal.cpp(72): warning:  #1299-D: members and base-classes will be initialized in declaration order, not in member initialisation list order
  		direction_align()
apps\Gimbal.cpp: 1 warning, 0 errors
compiling Upper_Control_Interface.cpp...
compiling application.cpp...
compiling AP_SmallEKF.cpp...
apps\Function\AP_SmallEKF.cpp(936): warning:  #940-D: missing return statement at end of non-void function "SmallEKF::getStatus" 
  }
apps\Function\AP_SmallEKF.cpp: 1 warning, 0 errors
compiling att2mot.cpp...
apps\Function\att2mot.cpp(428): warning:  #1035-D: single-precision operand implicitly converted to double-precision
  	k_filter = angle_be.z * 0.01 / deadzone.z;
apps\Function\att2mot.cpp(561): warning:  #940-D: missing return statement at end of non-void function "drone_quat_compensation" 
  }
apps\Function\att2mot.cpp(691): warning:  #1035-D: single-precision operand implicitly converted to double-precision
  	speed_z = 0.15*enc_speed.z * 1000;
apps\Function\att2mot.cpp(688): warning:  #550-D: variable "cz"  was set but never used
  	float sx, cx, sy, cy, sz, cz, vx, vy, vz;
apps\Function\att2mot.cpp(689): warning:  #550-D: variable "enc_z_last"  was set but never used
  	static float enc_z_last, speed_z;
apps\Function\att2mot.cpp: 5 warnings, 0 errors
compiling bgc_param.cpp...
compiling scheduler.cpp...
compiling dataBox.cpp...
compiling AP_Math.cpp...
compiling polygon.cpp...
compiling location.cpp...
compiling matrix_alg.cpp...
compiling quaternion.cpp...
compiling matrix3.cpp...
compiling vector2.cpp...
compiling fir_vec3f.cpp...
.\Libraries\CMSIS\Include\core_cm4.h(107): warning:  #1215-D: #warning directive: "Compiler generates FPU instructions for a device without an FPU (check __FPU_PRESENT)"
        #warning "Compiler generates FPU instructions for a device without an FPU (check __FPU_PRESENT)"
apps\Function\fir_vec3f.cpp: 1 warning, 0 errors
compiling vector3.cpp...
linking...
Program Size: Code=298022 RO-data=10334 RW-data=11488 ZI-data=78120  
FromELF: creating hex file...
After Build - User command #1: fromelf --bin .\Objects\XD_SPRain_BGC.axf --output xd_sprain_bgc.bin
".\Objects\XD_SPRain_BGC.axf" - 0 Error(s), 16 Warning(s).

<h2>Software Packages used:</h2>

Package Vendor: Keil
                http://www.keil.com/pack/Keil.STM32F4xx_DFP.2.13.0.pack
                Keil.STM32F4xx_DFP.2.13.0
                STMicroelectronics STM32F4 Series Device Support, Drivers and Examples

<h2>Collection of Component include folders:</h2>
  .\RTE\_xd_sprain_bgc
  D:\Keil_v5\ARM\PACK\Keil\STM32F4xx_DFP\2.13.0\Drivers\CMSIS\Device\ST\STM32F4xx\Include

<h2>Collection of Component Files used:</h2>
Build Time Elapsed:  00:00:08
</pre>
</body>
</html>
