Component: ARM Compiler 5.06 update 6 (build 750) Tool: armlink [4d35ed]

==============================================================================

Section Cross References

    attitudecontrol.o(.text) refers to pd.o(.text) for AC_PD::set_dt(float)
    attitudecontrol.o(.text) refers to pid.o(.text) for AC_PID::set_dt(float)
    attitudecontrol.o(.text) refers to attitude.o(.text) for Attitude::cos_pitch()
    attitudecontrol.o(.text) refers to vector3.o(t._ZNK7Vector3IfEmlEf) for Vector3<float>::operator *(float) const
    attitudecontrol.o(.text) refers to location.o(.text) for wrap_360_cd_float(float)
    attitudecontrol.o(.text) refers to ap_math.o(.text) for safe_sqrt(float)
    attitudecontrol.o(.text) refers to attitudecontrol.o(t._ZN7Vector3IfEC1Ev) for Vector3<float>::Vector3()
    attitudecontrol.o(.text) refers to attitudecontrol.o(.data) for scop_out_loop_x
    attitudecontrol.o(.text) refers to vector3.o(t._ZN7Vector3IfEpLERKS0_) for Vector3<float>::operator +=(const Vector3<float>&)
    attitudecontrol.o(.text) refers to vector3.o(t._ZNK7Vector3IfEmiERKS0_) for Vector3<float>::operator -(const Vector3<float>&) const
    attitudecontrol.o(.text) refers to attitudecontrol.o(i._ZNK6AC_PID2kDEv) for AC_PID::kD() const
    attitudecontrol.o(.text) refers to attitudecontrol.o(i._ZNK6AC_PID2kPEv) for AC_PID::kP() const
    attitudecontrol.o(.text) refers to attitudecontrol.o(t._ZN9AP_ParamTIfL11ap_var_type4EEaSERKf) for AP_ParamT<float, (ap_var_type)4>::operator =(const float&)
    attitudecontrol.o(.text) refers to att2mot.o(.text) for ChMatrix3::ChMatrix3()
    attitudecontrol.o(.ARM.exidx) refers to attitudecontrol.o(.text) for .text
    attitudecontrol.o(.init_array) refers to attitudecontrol.o(.text) for __sti___19_AttitudeControl_cpp_61cf2197
    attitudecontrol.o(.init_array) refers to init_aeabi.o(.text) for __cpp_initialize__aeabi_
    pid.o(.text) refers to attitudecontrol.o(t._ZN9AP_ParamTIfL11ap_var_type4EEaSERKf) for AP_ParamT<float, (ap_var_type)4>::operator =(const float&)
    pid.o(.text) refers to pid.o(i._ZN9AP_ParamTIfL11ap_var_type4EEC1Ev) for AP_ParamT<float, (ap_var_type)4>::AP_ParamT()
    pid.o(.text) refers to pid.o(i.__ARM_isfinitef) for __ARM_isfinitef
    pid.o(.text) refers to pid.o(.data) for AC_PID::var_info
    pid.o(.ARM.exidx) refers to pid.o(.text) for .text
    pid.o(.init_array) refers to pid.o(.text) for __sti___7_PID_cpp_d532c8a9
    pid.o(.init_array) refers to init_aeabi.o(.text) for __cpp_initialize__aeabi_
    p.o(.text) refers to p.o(.data) for AC_P::var_info
    p.o(.ARM.exidx) refers to p.o(.text) for .text
    p.o(.init_array) refers to p.o(.text) for __sti___5_P_cpp_5a5710aa
    p.o(.init_array) refers to init_aeabi.o(.text) for __cpp_initialize__aeabi_
    pd.o(.text) refers to attitudecontrol.o(t._ZN9AP_ParamTIfL11ap_var_type4EEaSERKf) for AP_ParamT<float, (ap_var_type)4>::operator =(const float&)
    pd.o(.text) refers to pid.o(i._ZN9AP_ParamTIfL11ap_var_type4EEC1Ev) for AP_ParamT<float, (ap_var_type)4>::AP_ParamT()
    pd.o(.text) refers to pd.o(.data) for AC_PD::var_info
    pd.o(.ARM.exidx) refers to pd.o(.text) for .text
    pd.o(.init_array) refers to pd.o(.text) for __sti___6_PD_cpp_693c8706
    pd.o(.init_array) refers to init_aeabi.o(.text) for __cpp_initialize__aeabi_
    fuzzylogic.o(.text) refers to kservice.o(.text) for rt_kprintf
    fuzzylogic.o(.text) refers to fuzzylogic.o(i._ZSt3expf) for std::exp(float)
    fuzzylogic.o(.text) refers to powf.o(i.__hardfp_powf) for __hardfp_powf
    fuzzylogic.o(.text) refers to fuzzylogic.o(.constdata) for __FUNCTION__
    fuzzylogic.o(.text) refers to fuzzylogic.o(.conststring) for .conststring
    fuzzylogic.o(.text) refers to strcmpv7m.o(.text) for strcmp
    fuzzylogic.o(.text) refers to mem.o(.text) for rt_malloc
    fuzzylogic.o(.text) refers to calloc.o(.text) for calloc
    fuzzylogic.o(.ARM.exidx) refers to fuzzylogic.o(.text) for .text
    fuzzy_control.o(.text) refers to expf.o(i.__hardfp_expf) for __hardfp_expf
    fuzzy_control.o(.text) refers to fuzzy_control.o(i._ZN7Gaussmf10set_centerEf) for Gaussmf::set_center(float)
    fuzzy_control.o(.text) refers to kservice.o(.text) for rt_kprintf
    fuzzy_control.o(.text) refers to fuzzy_control.o(.data) for scop_fc_fuzzificat_i1
    fuzzy_control.o(.ARM.exidx) refers to fuzzy_control.o(.text) for .text
    excitation.o(.text) refers to sinf.o(i.__hardfp_sinf) for __hardfp_sinf
    excitation.o(.text) refers to excitation.o(.constdata) for log_w_table
    excitation.o(.text) refers to excitation.o(.data) for scop_excitation_freq
    excitation.o(.ARM.exidx) refers to excitation.o(.text) for .text
    directionalign.o(.text) refers to pid.o(i._ZN9AP_ParamTIfL11ap_var_type4EEC1Ev) for AP_ParamT<float, (ap_var_type)4>::AP_ParamT()
    directionalign.o(.text) refers to attitudecontrol.o(t._ZN7Vector3IfEC1Ev) for Vector3<float>::Vector3()
[...]
    js_vy                                    0x20002610   Data           4  att2mot.o(.data)
    js_vz                                    0x20002614   Data           4  att2mot.o(.data)
    js_vox                                   0x20002618   Data           4  att2mot.o(.data)
    js_voy                                   0x2000261c   Data           4  att2mot.o(.data)
    js_voz                                   0x20002620   Data           4  att2mot.o(.data)
    js_speed_z                               0x20002624   Data           4  att2mot.o(.data)
    js_gyro_z                                0x20002628   Data           4  att2mot.o(.data)
    scop_tr_temp                             0x2000262c   Data           4  att2mot.o(.data)
    scop_tr_k                                0x20002630   Data           4  att2mot.o(.data)
    scop_tr_angle                            0x20002634   Data           4  att2mot.o(.data)
    scop_tr_d                                0x20002638   Data           4  att2mot.o(.data)
    scop_tr_d_                               0x2000263c   Data           4  att2mot.o(.data)
    scop_tr_set                              0x20002640   Data           4  att2mot.o(.data)
    gpioa                                    0x200026dc   Data          12  gpio.o(.data)
    _GPIOA                                   0x200026e8   Data           4  gpio.o(.data)
    gpiob                                    0x200026ec   Data          12  gpio.o(.data)
    _GPIOB                                   0x200026f8   Data           4  gpio.o(.data)
    gpioc                                    0x200026fc   Data          12  gpio.o(.data)
    _GPIOC                                   0x20002708   Data           4  gpio.o(.data)
    gpiod                                    0x2000270c   Data          12  gpio.o(.data)
    _GPIOD                                   0x20002718   Data           4  gpio.o(.data)
    gpioe                                    0x2000271c   Data          12  gpio.o(.data)
    _GPIOE                                   0x20002728   Data           4  gpio.o(.data)
    TIMER1                                   0x20002774   Data           4  stm32f40x_timer.o(.data)
    TIMER2                                   0x200027ac   Data           4  stm32f40x_timer.o(.data)
    TIMER3                                   0x200027e4   Data           4  stm32f40x_timer.o(.data)
    TIMER4                                   0x2000281c   Data           4  stm32f40x_timer.o(.data)
    TIMER5                                   0x20002854   Data           4  stm32f40x_timer.o(.data)
    TIMER6                                   0x2000288c   Data           4  stm32f40x_timer.o(.data)
    TIMER7                                   0x200028c4   Data           4  stm32f40x_timer.o(.data)
    TIMER8                                   0x200028fc   Data           4  stm32f40x_timer.o(.data)
    uart1                                    0x20002900   Data           8  usart.o(.data)
    uart3                                    0x20002908   Data           8  usart.o(.data)
    uart6                                    0x20002910   Data           8  usart.o(.data)
    rx_data                                  0x2000293c   Data           4  stm32f4xx_sd.o(.data)
    working_directory                        0x20002940   Data         256  dfs.o(.data)
    rt_interrupt_from_thread                 0x20002a40   Data           4  cpuport.o(.data)
    rt_interrupt_to_thread                   0x20002a44   Data           4  cpuport.o(.data)
    rt_thread_switch_interrupt_flag          0x20002a48   Data           4  cpuport.o(.data)
    SystemCoreClock                          0x20002a60   Data           4  system_stm32f4xx.o(.data)
    AHBPrescTable                            0x20002a64   Data          16  system_stm32f4xx.o(.data)
    rt_interrupt_nest                        0x20002a7c   Data           1  irq.o(.data)
    rt_assert_hook                           0x20002a88   Data           4  kservice.o(.data)
    rt_object_container                      0x20002aac   Data         144  object.o(.data)
    rt_object_trytake_hook                   0x20002b44   Data           4  object.o(.data)
    rt_object_take_hook                      0x20002b48   Data           4  object.o(.data)
    rt_object_put_hook                       0x20002b4c   Data           4  object.o(.data)
    rt_current_thread                        0x20002b54   Data           4  scheduler_1.o(.data)
    rt_current_priority                      0x20002b58   Data           1  scheduler_1.o(.data)
    rt_thread_ready_priority_group           0x20002b5c   Data           4  scheduler_1.o(.data)
    rt_thread_defunct                        0x20002b60   Data           8  scheduler_1.o(.data)
    finsh_compile_sp                         0x20002ba0   Data           4  finsh_compiler.o(.data)
    finsh_compile_pc                         0x20002ba4   Data           4  finsh_compiler.o(.data)
    global_errno                             0x20002ba8   Data           1  finsh_error.o(.data)
    global_sysvar_list                       0x20002bf0   Data           4  finsh_var.o(.data)
    finsh_sp                                 0x20002bf4   Data           4  finsh_vm.o(.data)
    finsh_pc                                 0x20002bf8   Data           4  finsh_vm.o(.data)
    global_syscall_list                      0x20002bfc   Data           4  finsh_vm.o(.data)
    shell                                    0x20002c00   Data           4  shell.o(.data)
    _syscall_table_begin                     0x20002c04   Data           4  symbol.o(.data)
    _syscall_table_end                       0x20002c08   Data           4  symbol.o(.data)
    _sysvar_table_begin                      0x20002c0c   Data           4  symbol.o(.data)
    _sysvar_table_end                        0x20002c10   Data           4  symbol.o(.data)
    kf_gyrox                                 0x20002d1c   Data          32  attitude.o(.bss)
    bmm150                                   0x20002d48   Data          32  bmm150.o(.bss)
    sOFiles                                  0x20003734   Data          24  e2pfs.o(.bss)
    sEEDMA_InitStructure                     0x20003770   Data          60  eeprom.o(.bss)
    gimbal                                   0x200037ac   Data       32684  gimbal.o(.bss)
    Scheduler::Sys_Event                     0x2000b77c   Data          32  scheduler.o(.bss)
    kf                                       0x2000b79c   Data          32  att2mot.o(.bss)
    bxcan1                                   0x2000b84c   Data         256  bxcan.o(.bss)
    PIN_MAP                                  0x2000b94c   Data        1600  gpio.o(.bss)
    DMA_TX_InitStructure                     0x2000bfd0   Data          60  stm32_hw_spi.o(.bss)
    DMA_RX_InitStructure                     0x2000c00c   Data          60  stm32_hw_spi.o(.bss)
    serial1                                  0x2000c048   Data          84  usart.o(.bss)
    serial3                                  0x2000c09c   Data          84  usart.o(.bss)
    serial6                                  0x2000c0f0   Data          84  usart.o(.bss)
    SDIO_InitStructure                       0x2000c388   Data          24  stm32f4xx_sd.o(.bss)
    SDIO_CmdInitStructure                    0x2000c3a0   Data          20  stm32f4xx_sd.o(.bss)
    SDIO_DataInitStructure                   0x2000c3b4   Data          24  stm32f4xx_sd.o(.bss)
    rx_buf                                   0x2000c3d0   Data        4096  stm32f4xx_sd.o(.bss)
    filesystem_operation_table               0x2000d3d0   Data          16  dfs.o(.bss)
    filesystem_table                         0x2000d3e0   Data          32  dfs.o(.bss)
    fd_table                                 0x2000d424   Data         128  dfs.o(.bss)
    rt_thread_priority_table                 0x2000dae8   Data         256  scheduler_1.o(.bss)
    finsh_heap                               0x2000e128   Data         128  finsh_heap.o(.bss)
    global_node_table                        0x2000e1a8   Data         320  finsh_node.o(.bss)
    global_variable                          0x2000e2e8   Data         192  finsh_var.o(.bss)
    finsh_vm_stack                           0x2000e3a8   Data         256  finsh_vm.o(.bss)
    text_segment                             0x2000e4a8   Data         128  finsh_vm.o(.bss)
    __libspace_start                         0x2000eda8   Data          96  libspace.o(.bss)
    __temporary_stack_top$libspace           0x2000ee08   Data           0  libspace.o(.bss)
    Image$$RW_IRAM1$$ZI$$Limit               0x20015e08   Number         0  anon$$obj.o ABSOLUTE



==============================================================================

Memory Map of the image

  Image Entry point : 0x08000189

  Load Region LR_IROM1 (Base: 0x08000000, Size: 0x0004e27c, Max: 0x00100000, ABSOLUTE, COMPRESSED[0x0004bbec])

    Execution Region ER_IROM1 (Exec base: 0x08000000, Load base: 0x08000000, Size: 0x0004b59c, Max: 0x00100000, ABSOLUTE)

    Exec Addr    Load Addr    Size         Type   Attr      Idx    E Section Name        Object

    0x08000000   0x08000000   0x00000188   Data   RO         4855    RESET               startup_stm32f4xx.o
    0x08000188   0x08000188   0x00000008   Code   RO         6917  * !!!main             c_w.l(__main.o)
    0x08000190   0x08000190   0x00000034   Code   RO         7692    !!!scatter          c_w.l(__scatter.o)
    0x080001c4   0x080001c4   0x00000064   Code   RO         7690    !!dclz77c           c_w.l(__dclz77c.o)
    0x08000228   0x08000228   0x0000001c   Code   RO         7694    !!handler_zi        c_w.l(__scatter_zi.o)
    0x08000244   0x08000244   0x00000002   Code   RO         7636    .ARM.Collect$$libinit$$00000000  c_w.l(libinit.o)
    0x08000246   0x08000246   0x00000004   Code   RO         7344    .ARM.Collect$$libinit$$00000001  c_w.l(libinit2.o)
    0x0800024a   0x0800024a   0x00000000   Code   RO         7347    .ARM.Collect$$libinit$$00000004  c_w.l(libinit2.o)
    0x0800024a   0x0800024a   0x00000008   Code   RO         7348    .ARM.Collect$$libinit$$00000005  c_w.l(libinit2.o)
    0x08000252   0x08000252   0x00000000   Code   RO         7350    .ARM.Collect$$libinit$$0000000A  c_w.l(libinit2.o)
    0x08000252   0x08000252   0x00000000   Code   RO         7352    .ARM.Collect$$libinit$$0000000C  c_w.l(libinit2.o)
    0x08000252   0x08000252   0x00000000   Code   RO         7354    .ARM.Collect$$libinit$$0000000E  c_w.l(libinit2.o)
    0x08000252   0x08000252   0x00000006   Code   RO         7355    .ARM.Collect$$libinit$$0000000F  c_w.l(libinit2.o)
    0x08000258   0x08000258   0x00000000   Code   RO         7357    .ARM.Collect$$libinit$$00000011  c_w.l(libinit2.o)
    0x08000258   0x08000258   0x0000000c   Code   RO         7358    .ARM.Collect$$libinit$$00000012  c_w.l(libinit2.o)
    0x08000264   0x08000264   0x00000000   Code   RO         7359    .ARM.Collect$$libinit$$00000013  c_w.l(libinit2.o)
    0x08000264   0x08000264   0x00000000   Code   RO         7361    .ARM.Collect$$libinit$$00000015  c_w.l(libinit2.o)
    0x08000264   0x08000264   0x00000000   Code   RO         7363    .ARM.Collect$$libinit$$00000017  c_w.l(libinit2.o)
    0x08000264   0x08000264   0x00000000   Code   RO         7365    .ARM.Collect$$libinit$$00000019  c_w.l(libinit2.o)
    0x08000264   0x08000264   0x00000000   Code   RO         7367    .ARM.Collect$$libinit$$0000001B  c_w.l(libinit2.o)
    0x08000264   0x08000264   0x00000000   Code   RO         7369    .ARM.Collect$$libinit$$0000001D  c_w.l(libinit2.o)
    0x08000264   0x08000264   0x00000000   Code   RO         7371    .ARM.Collect$$libinit$$0000001F  c_w.l(libinit2.o)
    0x08000264   0x08000264   0x00000000   Code   RO         7373    .ARM.Collect$$libinit$$00000021  c_w.l(libinit2.o)
    0x08000264   0x08000264   0x00000000   Code   RO         7375    .ARM.Collect$$libinit$$00000023  c_w.l(libinit2.o)
    0x08000264   0x08000264   0x00000000   Code   RO         7377    .ARM.Collect$$libinit$$00000025  c_w.l(libinit2.o)
    0x08000264   0x08000264   0x00000000   Code   RO         7381    .ARM.Collect$$libinit$$0000002C  c_w.l(libinit2.o)
    0x08000264   0x08000264   0x00000000   Code   RO         7383    .ARM.Collect$$libinit$$0000002E  c_w.l(libinit2.o)
    0x08000264   0x08000264   0x00000000   Code   RO         7385    .ARM.Collect$$libinit$$00000030  c_w.l(libinit2.o)
    0x08000264   0x08000264   0x00000004   Code   RO         7386    .ARM.Collect$$libinit$$00000031  c_w.l(libinit2.o)
    0x08000268   0x08000268   0x00000000   Code   RO         7387    .ARM.Collect$$libinit$$00000032  c_w.l(libinit2.o)
    0x08000268   0x08000268   0x00000002   Code   RO         7388    .ARM.Collect$$libinit$$00000033  c_w.l(libinit2.o)
    0x0800026a   0x0800026a   0x00000002   Code   RO         7687    .ARM.Collect$$libshutdown$$00000000  c_w.l(libshutdown.o)
    0x0800026c   0x0800026c   0x00000006   Code   RO         7545    .ARM.Collect$$libshutdown$$00000001  c_w.l(libshutdown2.o)
    0x08000272   0x08000272   0x00000000   Code   RO         7546    .ARM.Collect$$libshutdown$$00000002  c_w.l(libshutdown2.o)
    0x08000272   0x08000272   0x00000000   Code   RO         7548    .ARM.Collect$$libshutdown$$00000004  c_w.l(libshutdown2.o)
    0x08000272   0x08000272   0x00000000   Code   RO         7551    .ARM.Collect$$libshutdown$$00000007  c_w.l(libshutdown2.o)
    0x08000272   0x08000272   0x00000000   Code   RO         7554    .ARM.Collect$$libshutdown$$0000000A  c_w.l(libshutdown2.o)
    0x08000272   0x08000272   0x00000000   Code   RO         7556    .ARM.Collect$$libshutdown$$0000000C  c_w.l(libshutdown2.o)
    0x08000272   0x08000272   0x00000000   Code   RO         7559    .ARM.Collect$$libshutdown$$0000000F  c_w.l(libshutdown2.o)
    0x08000272   0x08000272   0x00000002   Code   RO         7560    .ARM.Collect$$libshutdown$$00000010  c_w.l(libshutdown2.o)
    0x08000274   0x08000274   0x00000000   Code   RO         7292    .ARM.Collect$$rtentry$$00000000  c_w.l(__rtentry.o)
    0x08000274   0x08000274   0x00000000   Code   RO         7501    .ARM.Collect$$rtentry$$00000002  c_w.l(__rtentry2.o)
    0x08000274   0x08000274   0x00000006   Code   RO         7513    .ARM.Collect$$rtentry$$00000004  c_w.l(__rtentry4.o)
    0x0800027a   0x0800027a   0x00000000   Code   RO         7503    .ARM.Collect$$rtentry$$00000009  c_w.l(__rtentry2.o)
    0x0800027a   0x0800027a   0x00000004   Code   RO         7504    .ARM.Collect$$rtentry$$0000000A  c_w.l(__rtentry2.o)
    0x0800027e   0x0800027e   0x00000000   Code   RO         7506    .ARM.Collect$$rtentry$$0000000C  c_w.l(__rtentry2.o)
    0x0800027e   0x0800027e   0x00000008   Code   RO         7507    .ARM.Collect$$rtentry$$0000000D  c_w.l(__rtentry2.o)
    0x08000286   0x08000286   0x00000002   Code   RO         7650    .ARM.Collect$$rtexit$$00000000  c_w.l(rtexit.o)
    0x08000288   0x08000288   0x00000000   Code   RO         7663    .ARM.Collect$$rtexit$$00000002  c_w.l(rtexit2.o)
    0x08000288   0x08000288   0x00000004   Code   RO         7664    .ARM.Collect$$rtexit$$00000003  c_w.l(rtexit2.o)
    0x0800028c   0x0800028c   0x00000006   Code   RO         7665    .ARM.Collect$$rtexit$$00000004  c_w.l(rtexit2.o)
    0x08000292   0x08000292   0x00000002   PAD
    0x08000294   0x08000294   0x00000000   Code   RO         7524    .emb_text           c_w.l(maybetermalloc1.o)
    0x08000294   0x08000294   0x000012bc   Code   RO            3    .text               attitudecontrol.o
    0x08001550   0x08001550   0x00000414   Code   RO          470    .text               pid.o
    0x08001964   0x08001964   0x00000024   Code   RO          576    .text               p.o
    0x08001988   0x08001988   0x000002b4   Code   RO          619    .text               pd.o
    0x08001c3c   0x08001c3c   0x00000d40   Code   RO          647    .text               fuzzylogic.o
    0x0800297c   0x0800297c   0x000005fa   Code   RO          817    .text               fuzzy_control.o
    0x08002f76   0x08002f76   0x00000002   PAD
    0x08002f78   0x08002f78   0x0000012c   Code   RO          847    .text               excitation.o
    0x080030a4   0x080030a4   0x00000768   Code   RO          872    .text               directionalign.o
    0x0800380c   0x0800380c   0x0000044c   Code   RO          928    .text               attitude.o
    0x08003c58   0x08003c58   0x00001f44   Code   RO         1085    .text               attitude_filter.o
    0x08005b9c   0x08005b9c   0x00000020   Code   RO         1154    .text               filter.o
    0x08005bbc   0x08005bbc   0x00000f58   Code   RO         1548    .text               mpu6500.o
    0x08006b14   0x08006b14   0x00000084   Code   RO         1618    .text               rotation.o
    0x08006b98   0x08006b98   0x0000195c   Code   RO         1679    .text               accelerometer_calibration.o
    0x080084f4   0x080084f4   0x000012dc   Code   RO         1889    .text               bmm050.o
    0x080097d0   0x080097d0   0x00000248   Code   RO         1924    .text               bmm150.o
    0x08009a18   0x08009a18   0x000005a4   Code   RO         1962    .text               accelcal.o
    0x08009fbc   0x08009fbc   0x00000de8   Code   RO         2017    .text               accelcalibrator.o
    0x0800ada4   0x0800ada4   0x00006ae0   Code   RO         2132    .text               dcm_ekf_imu.o
    0x08011884   0x08011884   0x00000048   Code   RO         2203    .text               notchfilter.o
    0x080118cc   0x080118cc   0x00004b68   Code   RO         2253    .text               ap_smallekf.o
    0x08016434   0x08016434   0x0000004c   Code   RO         2351    .text               serial_com.o
    0x08016480   0x08016480   0x000016fc   Code   RO         2377    .text               can_com.o
    0x08017b7c   0x08017b7c   0x000005ca   Code   RO         2441    .text               mavlink_com.o
    0x08018146   0x08018146   0x00000002   PAD
    0x08018148   0x08018148   0x00000450   Code   RO         2478    .text               fast_uart.o
    0x08018598   0x08018598   0x00000590   Code   RO         2651    .text               ringbuffer.o
    0x08018b28   0x08018b28   0x00000c3c   Code   RO         2677    .text               parameter.o
    0x08019764   0x08019764   0x0000109c   Code   RO         2769    .text               e2pfs.o
    0x0801a800   0x0801a800   0x000000d4   Code   RO         2814    .text               e2pfs_port.o
    0x0801a8d4   0x0801a8d4   0x00000b44   Code   RO         2835    .text               eeprom.o
    0x0801b418   0x0801b418   0x000022fc   Code   RO         2878    .text               gimbal.o
    0x0801d714   0x0801d714   0x000000c8   Code   RO         3226    .text               startup.o
    0x0801d7dc   0x0801d7dc   0x00000500   Code   RO         3246    .text               application.o
    0x0801dcdc   0x0801dcdc   0x00000218   Code   RO         3454    .text               time_measure.o
    0x0801def4   0x0801def4   0x00000354   Code   RO         3477    .text               timers.o
    0x0801e248   0x0801e248   0x00000114   Code   RO         3504    .text               bgc_param.o
    0x0801e35c   0x0801e35c   0x00000310   Code   RO         3605    .text               scheduler.o
    0x0801e66c   0x0801e66c   0x00000618   Code   RO         3677    .text               upper_control_interface.o
    0x0801ec84   0x0801ec84   0x0000025c   Code   RO         3709    .text               databox.o
    0x0801eee0   0x0801eee0   0x00002a0c   Code   RO         3736    .text               att2mot.o
    0x080218ec   0x080218ec   0x000000c8   Code   RO         3795    .text               board.o
    0x080219b4   0x080219b4   0x00000de4   Code   RO         3839    .text               bxcan.o
    0x08022798   0x08022798   0x000010ec   Code   RO         3869    .text               can.o
    0x08023884   0x08023884   0x00000d84   Code   RO         3892    .text               gpio.o
    0x08024608   0x08024608   0x0000010c   Code   RO         3914    .text               idle_thread.o
    0x08024714   0x08024714   0x00000204   Code   RO         3935    .text               led.o
    0x08024918   0x08024918   0x000005f8   Code   RO         3970    .text               spi_core.o
    0x08024f10   0x08024f10   0x00000284   Code   RO         3986    .text               spi_dev.o
    0x08025194   0x08025194   0x000003d0   Code   RO         4000    .text               stm32_hw_spi.o
    0x08025564   0x08025564   0x0000019c   Code   RO         4023    .text               stm32f4xx_it.o
    0x08025700   0x08025700   0x000006c4   Code   RO         4039    .text               stm32f40x_timer.o
    0x08025dc4   0x08025dc4   0x000003a0   Code   RO         4065    .text               usart.o
    0x08026164   0x08026164   0x000001c8   Code   RO         4090    .text               hardward_bus.o
    0x0802632c   0x0802632c   0x00000714   Code   RO         4114    .text               stm32f4xx_sd.o
    0x08026a40   0x08026a40   0x00000378   Code   RO         4158    .text               dfs.o
    0x08026db8   0x08026db8   0x000009c4   Code   RO         4192    .text               dfs_file.o
    0x0802777c   0x0802777c   0x000005f4   Code   RO         4219    .text               dfs_fs.o
    0x08027d70   0x08027d70   0x0000061c   Code   RO         4236    .text               dfs_posix.o
    0x0802838c   0x0802838c   0x00000190   Code   RO         4335    .text               cpuport.o
    0x0802851c   0x0802851c   0x0000010c   Code   RO         4351    .text               context_rvds.o
    0x08028628   0x08028628   0x000001ec   Code   RO         4356    .text               misc.o
    0x08028814   0x08028814   0x00001134   Code   RO         4388    .text               stm32f4xx_can.o
    0x08029948   0x08029948   0x000013cc   Code   RO         4532    .text               stm32f4xx_dma.o
    0x0802ad14   0x0802ad14   0x00000916   Code   RO         4596    .text               stm32f4xx_gpio.o
    0x0802b62a   0x0802b62a   0x00000002   PAD
    0x0802b62c   0x0802b62c   0x00000da8   Code   RO         4660    .text               stm32f4xx_i2c.o
    0x0802c3d4   0x0802c3d4   0x00000d78   Code   RO         4708    .text               stm32f4xx_rcc.o
    0x0802d14c   0x0802d14c   0x0000065c   Code   RO         4758    .text               stm32f4xx_sdio.o
    0x0802d7a8   0x0802d7a8   0x00000bc8   Code   RO         4774    .text               stm32f4xx_spi.o
    0x0802e370   0x0802e370   0x00003294   Code   RO         4806    .text               stm32f4xx_tim.o
    0x08031604   0x08031604   0x00000eb4   Code   RO         4822    .text               stm32f4xx_usart.o
    0x080324b8   0x080324b8   0x00000040   Code   RO         4856    .text               startup_stm32f4xx.o
    0x080324f8   0x080324f8   0x0000020c   Code   RO         4861    .text               system_stm32f4xx.o
    0x08032704   0x08032704   0x00000064   Code   RO         4882    .text               clock.o
    0x08032768   0x08032768   0x00000324   Code   RO         4902    .text               device.o
    0x08032a8c   0x08032a8c   0x00000134   Code   RO         4916    .text               idle.o
    0x08032bc0   0x08032bc0   0x00001648   Code   RO         4936    .text               ipc.o
    0x08034208   0x08034208   0x00000048   Code   RO         4953    .text               irq.o
    0x08034250   0x08034250   0x00000a0c   Code   RO         4968    .text               kservice.o
    0x08034c5c   0x08034c5c   0x00000868   Code   RO         4988    .text               mem.o
    0x080354c4   0x080354c4   0x000002dc   Code   RO         5038    .text               object.o
    0x080357a0   0x080357a0   0x000002e0   Code   RO         5057    .text               scheduler_1.o
    0x08035a80   0x08035a80   0x0000059c   Code   RO         5084    .text               thread.o
    0x0803601c   0x0803601c   0x000005b8   Code   RO         5101    .text               timer.o
    0x080365d4   0x080365d4   0x000001c8   Code   RO         5121    .text               completion.o
    0x0803679c   0x0803679c   0x00000414   Code   RO         5137    .text               dataqueue.o
    0x08036bb0   0x08036bb0   0x00000498   Code   RO         5188    .text               ringbuffer_1.o
    0x08037048   0x08037048   0x00000880   Code   RO         5223    .text               serial.o
    0x080378c8   0x080378c8   0x00000594   Code   RO         5236    .text               block_dev.o
    0x08037e5c   0x08037e5c   0x0000094c   Code   RO         5253    .text               mmc.o
    0x080387a8   0x080387a8   0x0000089c   Code   RO         5279    .text               mmcsd_core.o
    0x08039044   0x08039044   0x00000a34   Code   RO         5309    .text               sd.o
    0x08039a78   0x08039a78   0x000015f4   Code   RO         5333    .text               sdio.o
    0x0803b06c   0x0803b06c   0x00000bc8   Code   RO         5352    .text               cmd.o
    0x0803bc34   0x0803bc34   0x00001818   Code   RO         5387    .text               finsh_compiler.o
    0x0803d44c   0x0803d44c   0x0000002c   Code   RO         5424    .text               finsh_error.o
    0x0803d478   0x0803d478   0x00000210   Code   RO         5440    .text               finsh_heap.o
    0x0803d688   0x0803d688   0x00000058   Code   RO         5456    .text               finsh_init.o
    0x0803d6e0   0x0803d6e0   0x00000184   Code   RO         5474    .text               finsh_node.o
    0x0803d864   0x0803d864   0x00000adc   Code   RO         5489    .text               finsh_ops.o
    0x0803e340   0x0803e340   0x0000097c   Code   RO         5507    .text               finsh_parser.o
    0x0803ecbc   0x0803ecbc   0x00000658   Code   RO         5522    .text               finsh_token.o
    0x0803f314   0x0803f314   0x0000019c   Code   RO         5537    .text               finsh_var.o
    0x0803f4b0   0x0803f4b0   0x000000e4   Code   RO         5560    .text               finsh_vm.o
    0x0803f594   0x0803f594   0x000009c4   Code   RO         5609    .text               shell.o
    0x0803ff58   0x0803ff58   0x0000008c   Code   RO         5645    .text               ap_math.o
    0x0803ffe4   0x0803ffe4   0x00000d94   Code   RO         5745    .text               location.o
    0x08040d78   0x08040d78   0x00001038   Code   RO         5818    .text               matrix_alg.o
    0x08041db0   0x08041db0   0x00000d80   Code   RO         6102    .text               quaternion.o
    0x08042b30   0x08042b30   0x0000005c   Code   RO         6290    .text               vector3.o
    0x08042b8c   0x08042b8c   0x00000028   Code   RO         6622    .text               arm_fir_init_f32.o
    0x08042bb4   0x08042bb4   0x00000174   Code   RO         6651    .text               fir.o
    0x08042d28   0x08042d28   0x00000714   Code   RO         6683    .text               arm_fir_f32.o
    0x0804343c   0x0804343c   0x000000fc   Code   RO         6699    .text               fir_vec3f.o
    0x08043538   0x08043538   0x000000f8   Code   RO         6752    .text               arm_cortexM4lf_math.lib(arm_mat_mult_f32.o)
    0x08043630   0x08043630   0x00000098   Code   RO         6797    .text               arm_cortexM4lf_math.lib(arm_mat_trans_f32.o)
    0x080436c8   0x080436c8   0x00000028   Code   RO         6821    .text               c_w.l(calloc.o)
    0x080436f0   0x080436f0   0x0000005e   Code   RO         6823    .text               c_w.l(h1_alloc.o)
    0x0804374e   0x0804374e   0x0000004e   Code   RO         6825    .text               c_w.l(h1_free.o)
    0x0804379c   0x0804379c   0x0000001a   Code   RO         6881    .text               c_w.l(atoi.o)
    0x080437b6   0x080437b6   0x0000002e   Code   RO         6886    .text               c_w.l(aeabi_atexit.o)
    0x080437e4   0x080437e4   0x00000080   Code   RO         6889    .text               c_w.l(assert.o)
    0x08043864   0x08043864   0x0000002a   Code   RO         6891    .text               c_w.l(strcasecmp.o)
    0x0804388e   0x0804388e   0x00000016   Code   RO         6893    .text               c_w.l(strrchr.o)
    0x080438a4   0x080438a4   0x0000003e   Code   RO         6895    .text               c_w.l(strlen.o)
    0x080438e2   0x080438e2   0x00000096   Code   RO         6897    .text               c_w.l(strncmp.o)
    0x08043978   0x08043978   0x00000018   Code   RO         6899    .text               c_w.l(strcat.o)
    0x08043990   0x08043990   0x0000008a   Code   RO         6901    .text               c_w.l(rt_memcpy_v6.o)
    0x08043a1a   0x08043a1a   0x00000064   Code   RO         6903    .text               c_w.l(rt_memcpy_w.o)
    0x08043a7e   0x08043a7e   0x00000044   Code   RO         6905    .text               c_w.l(rt_memclr.o)
    0x08043ac2   0x08043ac2   0x0000004e   Code   RO         6907    .text               c_w.l(rt_memclr_w.o)
    0x08043b10   0x08043b10   0x00000056   Code   RO         6909    .text               c_w.l(strncpy.o)
    0x08043b66   0x08043b66   0x00000002   PAD
    0x08043b68   0x08043b68   0x00000080   Code   RO         6911    .text               c_w.l(strcmpv7m.o)
    0x08043be8   0x08043be8   0x00000006   Code   RO         6915    .text               c_w.l(heapauxi.o)
    0x08043bee   0x08043bee   0x00000002   PAD
    0x08043bf0   0x08043bf0   0x00000024   Code   RO         6922    .text               c_w.l(init_aeabi.o)
    0x08043c14   0x08043c14   0x00000008   Code   RO         7296    .text               c_w.l(rt_heap_descriptor_intlibspace.o)
    0x08043c1c   0x08043c1c   0x00000008   Code   RO         7301    .text               c_w.l(rt_ddtor_pointer_addr_intlibspace.o)
    0x08043c24   0x08043c24   0x00000008   Code   RO         7306    .text               c_w.l(rt_errno_addr_intlibspace.o)
    0x08043c2c   0x08043c2c   0x00000004   Code   RO         7308    .text               c_w.l(hguard.o)
    0x08043c30   0x08043c30   0x0000008a   Code   RO         7310    .text               c_w.l(init_alloc.o)
    0x08043cba   0x08043cba   0x0000000e   Code   RO         7314    .text               c_w.l(h1_init.o)
    0x08043cc8   0x08043cc8   0x00000016   Code   RO         7328    .text               c_w.l(_rserrno.o)
    0x08043cde   0x08043cde   0x0000001a   Code   RO         7330    .text               c_w.l(tolower.o)
    0x08043cf8   0x08043cf8   0x00000070   Code   RO         7332    .text               c_w.l(strtol.o)
    0x08043d68   0x08043d68   0x00000016   Code   RO         7334    .text               c_w.l(abort.o)
    0x08043d7e   0x08043d7e   0x00000042   Code   RO         7336    .text               c_w.l(cxa_finalize.o)
    0x08043dc0   0x08043dc0   0x00000014   Code   RO         7339    .text               c_w.l(assert_puts.o)
    0x08043dd4   0x08043dd4   0x0000000e   Code   RO         7491    .text               c_w.l(sys_wrch.o)
    0x08043de2   0x08043de2   0x00000002   PAD
    0x08043de4   0x08043de4   0x0000000c   Code   RO         7495    .text               c_w.l(sys_exit.o)
    0x08043df0   0x08043df0   0x00000008   Code   RO         7497    .text               c_w.l(libspace.o)
    0x08043df8   0x08043df8   0x00000010   Code   RO         7515    .text               c_w.l(rt_ctype_table.o)
    0x08043e08   0x08043e08   0x00000008   Code   RO         7520    .text               c_w.l(rt_new_handler_addr_intlibspace.o)
    0x08043e10   0x08043e10   0x00000034   Code   RO         7526    .text               c_w.l(h1_extend.o)
    0x08043e44   0x08043e44   0x0000009e   Code   RO         7530    .text               c_w.l(_strtoul.o)
    0x08043ee2   0x08043ee2   0x0000000e   Code   RO         7532    .text               c_w.l(defsig_abrt_outer.o)
    0x08043ef0   0x08043ef0   0x0000000e   Code   RO         7536    .text               c_w.l(defsig_rtmem_outer.o)
    0x08043efe   0x08043efe   0x00000004   Code   RO         7564    .text               cpprt_w.l(arm_newhandler_noexceptions.o)
    0x08043f02   0x08043f02   0x0000001a   Code   RO         7580    .text               cpprt_w.l(arm_exceptions_terminate.o)
    0x08043f1c   0x08043f1c   0x00000050   Code   RO         7587    .text               cpprt_w.l(arm_exceptions_globs.o)
    0x08043f6c   0x08043f6c   0x00000002   Code   RO         7595    .text               c_w.l(use_no_semi.o)
    0x08043f6e   0x08043f6e   0x00000000   Code   RO         7597    .text               c_w.l(indicate_semi.o)
    0x08043f6e   0x08043f6e   0x0000004a   Code   RO         7598    .text               c_w.l(sys_stackheap_outer.o)
    0x08043fb8   0x08043fb8   0x00000008   Code   RO         7605    .text               c_w.l(rt_locale_intlibspace.o)
    0x08043fc0   0x08043fc0   0x00000008   Code   RO         7610    .text               c_w.l(rt_eh_globals_addr_intlibspace.o)
    0x08043fc8   0x08043fc8   0x0000001c   Code   RO         7614    .text               c_w.l(_chval.o)
    0x08043fe4   0x08043fe4   0x00000012   Code   RO         7619    .text               c_w.l(exit.o)
    0x08043ff6   0x08043ff6   0x0000000a   Code   RO         7621    .text               c_w.l(defsig_exit.o)
    0x08044000   0x08044000   0x00000030   Code   RO         7623    .text               c_w.l(defsig_abrt_inner.o)
    0x08044030   0x08044030   0x00000050   Code   RO         7625    .text               c_w.l(defsig_rtmem_inner.o)
    0x08044080   0x08044080   0x0000003c   Code   RO         7640    .text               cpprt_w.l(arm_exceptions_mem.o)
    0x080440bc   0x080440bc   0x00000032   Code   RO         7660    .text               c_w.l(defsig_general.o)
    0x080440ee   0x080440ee   0x00000002   PAD
    0x080440f0   0x080440f0   0x00000020   Code   RO         2279    i._ZN10QuaternionC1Ev  ap_smallekf.o
    0x08044110   0x08044110   0x0000000a   Code   RO         2285    i._ZN10QuaternionixEh  ap_smallekf.o
    0x0804411a   0x0804411a   0x00000012   Code   RO         2958    i._ZN10Time_pointC1Ev  gimbal.o
    0x0804412c   0x0804412c   0x0000003e   Code   RO         2910    i._ZN14DirectionAlign19align_enc_directionEP7Vector3IfE  gimbal.o
    0x0804416a   0x0804416a   0x00000020   Code   RO         3006    i._ZN14DirectionAlign9not_alignEv  gimbal.o
    0x0804418a   0x0804418a   0x00000006   Code   RO         2988    i._ZN15FuzzyController6get_keEv  gimbal.o
    0x08044190   0x08044190   0x00000006   Code   RO         2970    i._ZN15FuzzyController6set_keEf  gimbal.o
    0x08044196   0x08044196   0x00000006   Code   RO         2994    i._ZN15FuzzyController7get_kceEv  gimbal.o
    0x0804419c   0x0804419c   0x00000006   Code   RO         2976    i._ZN15FuzzyController7set_kceEf  gimbal.o
    0x080441a2   0x080441a2   0x00000006   Code   RO         3000    i._ZN15FuzzyController8get_koutEv  gimbal.o
    0x080441a8   0x080441a8   0x00000006   Code   RO         2982    i._ZN15FuzzyController8set_koutEf  gimbal.o
    0x080441ae   0x080441ae   0x00000002   PAD
    0x080441b0   0x080441b0   0x000000d4   Code   RO         2904    i._ZN18AC_AttitudeControlC1ER8AttitudeR5AC_PDS3_S3_R6AC_PIDS5_S5_  gimbal.o
    0x08044284   0x08044284   0x000000ca   Code   RO         1636    i._ZN4math6MatrixILj3ELj3EE10from_eulerEfff  rotation.o
    0x0804434e   0x0804434e   0x00000002   PAD
    0x08044350   0x08044350   0x00000020   Code   RO         1713    i._ZN4math6MatrixILj3ELj3EEC1Ev  accelerometer_calibration.o
    0x08044370   0x08044370   0x00000004   Code   RO         1737    i._ZN4math6MatrixILj3ELj3EED1Ev  accelerometer_calibration.o
    0x08044374   0x08044374   0x00000038   Code   RO         1707    i._ZN4math6VectorILj3EEC1EPKf  accelerometer_calibration.o
    0x080443ac   0x080443ac   0x00000004   Code   RO         1740    i._ZN4math6VectorILj3EED1Ev  accelerometer_calibration.o
    0x080443b0   0x080443b0   0x00000016   Code   RO         2928    i._ZN6AC_PID4imaxEf  gimbal.o
    0x080443c6   0x080443c6   0x0000003a   Code   RO         3012    i._ZN6GimbalD1Ev    gimbal.o
    0x08044400   0x08044400   0x00000006   Code   RO          833    i._ZN7Gaussmf10set_centerEf  fuzzy_control.o
    0x08044406   0x08044406   0x00000002   PAD
    0x08044408   0x08044408   0x00000240   Code   RO         2898    i._ZN8AttitudeC1ER8MadgwickR10MahonyAHRSR7DCM_EKFR7MPU6500R6BMM150S7_R8AccelCalR15AccelCalibrator  gimbal.o
    0x08044648   0x08044648   0x0000000a   Code   RO         2934    i._ZN8Madgwick6get_q0Ev  gimbal.o
    0x08044652   0x08044652   0x0000000a   Code   RO         2940    i._ZN8Madgwick6get_q1Ev  gimbal.o
    0x0804465c   0x0804465c   0x0000000a   Code   RO         2946    i._ZN8Madgwick6get_q2Ev  gimbal.o
    0x08044666   0x08044666   0x0000000a   Code   RO         2952    i._ZN8Madgwick6get_q3Ev  gimbal.o
    0x08044670   0x08044670   0x00000004   Code   RO          494    i._ZN9AP_ParamTIfL11ap_var_type4EEC1Ev  pid.o
    0x08044674   0x08044674   0x000000f8   Code   RO         2964    i._ZN9BGC_PARAMC1Ev  gimbal.o
    0x0804476c   0x0804476c   0x00000006   Code   RO         1977    i._ZNK15AccelCalibrator10get_statusEv  accelcal.o
    0x08044772   0x08044772   0x00000002   PAD
    0x08044774   0x08044774   0x000000b0   Code   RO         1701    i._ZNK4math6MatrixILj3ELj3EEmlERKNS_6VectorILj3EEE  accelerometer_calibration.o
    0x08044824   0x08044824   0x0000000c   Code   RO           43    i._ZNK6AC_PID2kDEv  attitudecontrol.o
    0x08044830   0x08044830   0x0000000a   Code   RO           37    i._ZNK6AC_PID2kPEv  attitudecontrol.o
    0x0804483a   0x0804483a   0x0000000c   Code   RO         2916    i._ZNK6AC_PID4imaxEv  gimbal.o
    0x08044846   0x08044846   0x0000000c   Code   RO         2922    i._ZNK6AC_PID7filt_hzEv  gimbal.o
    0x08044852   0x08044852   0x0000000a   Code   RO         1731    i._ZSt3absf         accelerometer_calibration.o
    0x0804485c   0x0804485c   0x00000018   Code   RO         3757    i._ZSt3cosf         att2mot.o
    0x08044874   0x08044874   0x00000018   Code   RO          661    i._ZSt3expf         fuzzylogic.o
    0x0804488c   0x0804488c   0x00000018   Code   RO         3763    i._ZSt3sinf         att2mot.o
    0x080448a4   0x080448a4   0x00000020   Code   RO         5767    i._ZSt4fmodff       location.o
    0x080448c4   0x080448c4   0x00000018   Code   RO         1725    i._ZSt4sqrtf        accelerometer_calibration.o
    0x080448dc   0x080448dc   0x00000020   Code   RO         2156    i._ZSt5atan2ff      dcm_ekf_imu.o
    0x080448fc   0x080448fc   0x00000008   Code   RO         6925    i._ZdaPv            cpprt_w.l(array_del.o)
    0x08044904   0x08044904   0x00000008   Code   RO         6932    i._ZdlPv            cpprt_w.l(delete.o)
    0x0804490c   0x0804490c   0x00000008   Code   RO         6928    i._Znaj             cpprt_w.l(array_new.o)
    0x08044914   0x08044914   0x00000028   Code   RO         7389    i._Znwj             cpprt_w.l(new.o)
    0x0804493c   0x0804493c   0x00000030   Code   RO         7456    i.__ARM_fpclassify  m_wm.l(fpclassify.o)
    0x0804496c   0x0804496c   0x00000026   Code   RO         7458    i.__ARM_fpclassifyf  m_wm.l(fpclassifyf.o)
    0x08044992   0x08044992   0x00000012   Code   RO          488    i.__ARM_isfinitef   pid.o
    0x080449a4   0x080449a4   0x0000000e   Code   RO         5661    i.__ARM_isnanf      ap_math.o
    0x080449b2   0x080449b2   0x00000024   Code   RO         7047    i.__aeabi_vec_ctor_nocookie_nodtor  cpprt_w.l(aeabi_vec_ctor_nocookie_nodtor.o)
    0x080449d6   0x080449d6   0x00000010   Code   RO         6935    i.__cxa_guard_acquire  cpprt_w.l(cxa_guard_acquire.o)
    0x080449e6   0x080449e6   0x00000002   PAD
    0x080449e8   0x080449e8   0x00000118   Code   RO         7084    i.__hardfp_acosf    m_wm.l(acosf.o)
    0x08044b00   0x08044b00   0x0000012c   Code   RO         7096    i.__hardfp_asinf    m_wm.l(asinf.o)
    0x08044c2c   0x08044c2c   0x00000004   PAD
    0x08044c30   0x08044c30   0x000002d8   Code   RO         7108    i.__hardfp_atan     m_wm.l(atan.o)
    0x08044f08   0x08044f08   0x000001f0   Code   RO         7122    i.__hardfp_atan2    m_wm.l(atan2.o)
    0x080450f8   0x080450f8   0x00000250   Code   RO         7134    i.__hardfp_atan2f   m_wm.l(atan2f.o)
    0x08045348   0x08045348   0x00000016   Code   RO         5761    i.__hardfp_copysign  location.o
    0x0804535e   0x0804535e   0x00000002   PAD
    0x08045360   0x08045360   0x000000c8   Code   RO         7146    i.__hardfp_cos      m_wm.l(cos.o)
    0x08045428   0x08045428   0x00000150   Code   RO         7158    i.__hardfp_cosf     m_wm.l(cosf.o)
    0x08045578   0x08045578   0x000001e8   Code   RO         7170    i.__hardfp_expf     m_wm.l(expf.o)
    0x08045760   0x08045760   0x00000014   Code   RO         7184    i.__hardfp_fabs     m_wm.l(fabs.o)
    0x08045774   0x08045774   0x000000b0   Code   RO         7190    i.__hardfp_fmodf    m_wm.l(fmodf.o)
    0x08045824   0x08045824   0x0000016c   Code   RO         7202    i.__hardfp_logf     m_wm.l(logf.o)
    0x08045990   0x08045990   0x00000664   Code   RO         7216    i.__hardfp_powf     m_wm.l(powf.o)
    0x08045ff4   0x08045ff4   0x00000004   PAD
    0x08045ff8   0x08045ff8   0x000000c8   Code   RO         7230    i.__hardfp_sin      m_wm.l(sin.o)
    0x080460c0   0x080460c0   0x00000190   Code   RO         7242    i.__hardfp_sinf     m_wm.l(sinf.o)
    0x08046250   0x08046250   0x0000007a   Code   RO         7254    i.__hardfp_sqrt     m_wm.l(sqrt.o)
    0x080462ca   0x080462ca   0x0000003a   Code   RO         7266    i.__hardfp_sqrtf    m_wm.l(sqrtf.o)
    0x08046304   0x08046304   0x0000017c   Code   RO         7278    i.__hardfp_tanf     m_wm.l(tanf.o)
    0x08046480   0x08046480   0x00000438   Code   RO         7477    i.__ieee754_rem_pio2  m_wm.l(rred.o)
    0x080468b8   0x080468b8   0x00000170   Code   RO         7439    i.__kernel_cos      m_wm.l(cos_i.o)
    0x08046a28   0x08046a28   0x000000f8   Code   RO         7474    i.__kernel_poly     m_wm.l(poly.o)
    0x08046b20   0x08046b20   0x00000130   Code   RO         7485    i.__kernel_sin      m_wm.l(sin_i.o)
    0x08046c50   0x08046c50   0x00000014   Code   RO         7443    i.__mathlib_dbl_infnan  m_wm.l(dunder.o)
    0x08046c64   0x08046c64   0x00000014   Code   RO         7444    i.__mathlib_dbl_infnan2  m_wm.l(dunder.o)
    0x08046c78   0x08046c78   0x00000020   Code   RO         7445    i.__mathlib_dbl_invalid  m_wm.l(dunder.o)
    0x08046c98   0x08046c98   0x00000020   Code   RO         7448    i.__mathlib_dbl_underflow  m_wm.l(dunder.o)
    0x08046cb8   0x08046cb8   0x00000014   Code   RO         7460    i.__mathlib_flt_divzero  m_wm.l(funder.o)
    0x08046ccc   0x08046ccc   0x00000006   Code   RO         7461    i.__mathlib_flt_infnan  m_wm.l(funder.o)
    0x08046cd2   0x08046cd2   0x00000006   Code   RO         7462    i.__mathlib_flt_infnan2  m_wm.l(funder.o)
    0x08046cd8   0x08046cd8   0x00000010   Code   RO         7463    i.__mathlib_flt_invalid  m_wm.l(funder.o)
    0x08046ce8   0x08046ce8   0x00000010   Code   RO         7464    i.__mathlib_flt_overflow  m_wm.l(funder.o)
    0x08046cf8   0x08046cf8   0x00000010   Code   RO         7466    i.__mathlib_flt_underflow  m_wm.l(funder.o)
    0x08046d08   0x08046d08   0x00000154   Code   RO         7482    i.__mathlib_rredf2  m_wm.l(rredf.o)
    0x08046e5c   0x08046e5c   0x00000010   Code   RO         7110    i.atan              m_wm.l(atan.o)
    0x08046e6c   0x08046e6c   0x00000018   Code   RO         7186    i.fabs              m_wm.l(fabs.o)
    0x08046e84   0x08046e84   0x0000003e   Code   RO         7268    i.sqrtf             m_wm.l(sqrtf.o)
    0x08046ec2   0x08046ec2   0x00000002   PAD
    0x08046ec4   0x08046ec4   0x0000002c   Code   RO         7617    locale$$code        c_w.l(lc_ctype_c.o)
    0x08046ef0   0x08046ef0   0x0000013c   Code   RO         2231    t._ZN11NotchFilterI7Vector3IfEE4initEffff  notchfilter.o
    0x0804702c   0x0804702c   0x00000024   Code   RO         1463    t._ZN15LowPassFilter2pI7Vector3IfEE20set_cutoff_frequencyEff  filter.o
    0x08047050   0x08047050   0x0000002c   Code   RO         1487    t._ZN15LowPassFilter2pI7Vector3IfEE5applyERKS1_  filter.o
    0x0804707c   0x0804707c   0x00000032   Code   RO         1469    t._ZN15LowPassFilter2pI7Vector3IfEEC1Eff  filter.o
    0x080470ae   0x080470ae   0x00000002   PAD
    0x080470b0   0x080470b0   0x000000c8   Code   RO         1451    t._ZN19DigitalBiquadFilterI7Vector3IfEE14compute_paramsEffRNS2_13biquad_paramsE  filter.o
    0x08047178   0x08047178   0x0000012c   Code   RO         1439    t._ZN19DigitalBiquadFilterI7Vector3IfEE5applyERKS1_RKNS2_13biquad_paramsE  filter.o
    0x080472a4   0x080472a4   0x00000040   Code   RO         1433    t._ZN19DigitalBiquadFilterI7Vector3IfEEC1Ev  filter.o
    0x080472e4   0x080472e4   0x00000018   Code   RO         1695    t._ZN4math10VectorBaseILj3EEC1Ev  accelerometer_calibration.o
    0x080472fc   0x080472fc   0x000000ce   Code   RO         5914    t._ZN7Matrix3IfE13from_euler312Efff  matrix3.o
    0x080473ca   0x080473ca   0x00000116   Code   RO         5920    t._ZN7Matrix3IfE6rotateERK7Vector3IfE  matrix3.o
    0x080474e0   0x080474e0   0x00000020   Code   RO         5848    t._ZN7Matrix3IfEC1ERK7Vector3IfES4_S4_  matrix3.o
    0x08047500   0x08047500   0x00000078   Code   RO         2029    t._ZN7Matrix3IfEC1Efffffffff  accelcalibrator.o
    0x08047578   0x08047578   0x00000028   Code   RO         2273    t._ZN7Matrix3IfEC1Ev  ap_smallekf.o
    0x080475a0   0x080475a0   0x0000000e   Code   RO         2297    t._ZN7Matrix3IfEixEh  ap_smallekf.o
    0x080475ae   0x080475ae   0x0000006c   Code   RO         5854    t._ZN7Matrix3IfEpLERKS0_  matrix3.o
    0x0804761a   0x0804761a   0x0000000a   Code   RO         5779    t._ZN7Vector3IdEixEh  location.o
    0x08047624   0x08047624   0x00000018   Code   RO         2150    t._ZN7Vector3IfE4zeroEv  dcm_ekf_imu.o
    0x0804763c   0x0804763c   0x0000040e   Code   RO         6432    t._ZN7Vector3IfE6rotateE8Rotation  vector3.o
    0x08047a4a   0x08047a4a   0x0000000e   Code   RO         2035    t._ZN7Vector3IfEC1Efff  accelcalibrator.o
    0x08047a58   0x08047a58   0x00000018   Code   RO           49    t._ZN7Vector3IfEC1Ev  attitudecontrol.o
    0x08047a70   0x08047a70   0x0000000e   Code   RO          892    t._ZN7Vector3IfEclEfff  directionalign.o
    0x08047a7e   0x08047a7e   0x00000026   Code   RO         6378    t._ZN7Vector3IfEdVEf  vector3.o
    0x08047aa4   0x08047aa4   0x0000000a   Code   RO         2291    t._ZN7Vector3IfEixEh  ap_smallekf.o
    0x08047aae   0x08047aae   0x00000026   Code   RO         6372    t._ZN7Vector3IfEmLEf  vector3.o
    0x08047ad4   0x08047ad4   0x00000032   Code   RO         6360    t._ZN7Vector3IfEpLERKS0_  vector3.o
    0x08047b06   0x08047b06   0x0000000a   Code   RO         1565    t._ZN7Vector3IsEC1Ev  mpu6500.o
    0x08047b10   0x08047b10   0x0000000e   Code   RO         2047    t._ZN7VectorNIfLh9EE4zeroEv  accelcalibrator.o
    0x08047b1e   0x08047b1e   0x00000010   Code   RO         2053    t._ZN7VectorNIfLh9EEC1Ev  accelcalibrator.o
    0x08047b2e   0x08047b2e   0x00000008   Code   RO         2041    t._ZN7VectorNIfLh9EEixEh  accelcalibrator.o
    0x08047b36   0x08047b36   0x00000006   Code   RO         2710    t._ZN9AP_ParamTIaL11ap_var_type1EE3setERKa  parameter.o
    0x08047b3c   0x08047b3c   0x0000000a   Code   RO         2692    t._ZN9AP_ParamTIfL11ap_var_type4EE3setERKf  parameter.o
    0x08047b46   0x08047b46   0x0000000a   Code   RO           31    t._ZN9AP_ParamTIfL11ap_var_type4EEaSERKf  attitudecontrol.o
    0x08047b50   0x08047b50   0x00000006   Code   RO         2698    t._ZN9AP_ParamTIiL11ap_var_type3EE3setERKi  parameter.o
    0x08047b56   0x08047b56   0x00000006   Code   RO         2704    t._ZN9AP_ParamTIsL11ap_var_type2EE3setERKs  parameter.o
    0x08047b5c   0x08047b5c   0x00000022   Code   RO         1719    t._ZNK4math10MatrixBaseILj3ELj3EEmlILj3EEENS_6MatrixILj3EXT_EEERKNS3_ILj3EXT_EEE  accelerometer_calibration.o
    0x08047b7e   0x08047b7e   0x0000007c   Code   RO         5884    t._ZNK7Matrix3IfE10transposedEv  matrix3.o
    0x08047bfa   0x08047bfa   0x00000074   Code   RO         5908    t._ZNK7Matrix3IfE11to_euler312Ev  matrix3.o
    0x08047c6e   0x08047c6e   0x00000092   Code   RO         5860    t._ZNK7Matrix3IfEmlERK7Vector3IfE  matrix3.o
    0x08047d00   0x08047d00   0x000001a8   Code   RO         5878    t._ZNK7Matrix3IfEmlERKS0_  matrix3.o
    0x08047ea8   0x08047ea8   0x0000000a   Code   RO         5773    t._ZNK7Vector3IdEixEh  location.o
    0x08047eb2   0x08047eb2   0x00000022   Code   RO         6408    t._ZNK7Vector3IfE6lengthEv  vector3.o
    0x08047ed4   0x08047ed4   0x00000058   Code   RO         6354    t._ZNK7Vector3IfEdvEf  vector3.o
    0x08047f2c   0x08047f2c   0x0000004a   Code   RO         6342    t._ZNK7Vector3IfEmiERKS0_  vector3.o
    0x08047f76   0x08047f76   0x0000004c   Code   RO         6348    t._ZNK7Vector3IfEmlEf  vector3.o
    0x08047fc2   0x08047fc2   0x0000003c   Code   RO         6330    t._ZNK7Vector3IfEngEv  vector3.o
    0x08047ffe   0x08047ffe   0x0000004a   Code   RO         6336    t._ZNK7Vector3IfEplERKS0_  vector3.o
    0x08048048   0x08048048   0x0000006e   Code   RO         6402    t._ZNK7Vector3IfErmERKS0_  vector3.o
    0x080480b6   0x080480b6   0x00000018   Code   RO         7050    x$fpl$basic         fz_wm.l(basic.o)
    0x080480ce   0x080480ce   0x00000002   PAD
    0x080480d0   0x080480d0   0x00000062   Code   RO         7052    x$fpl$d2f           fz_wm.l(d2f.o)
    0x08048132   0x08048132   0x00000002   PAD
    0x08048134   0x08048134   0x00000150   Code   RO         7054    x$fpl$dadd          fz_wm.l(daddsub_clz.o)
    0x08048284   0x08048284   0x00000018   Code   RO         7422    x$fpl$dcmpinf       fz_wm.l(dcmpi.o)
    0x0804829c   0x0804829c   0x000002b0   Code   RO         7061    x$fpl$ddiv          fz_wm.l(ddiv.o)
    0x0804854c   0x0804854c   0x00000078   Code   RO         7064    x$fpl$deqf          fz_wm.l(deqf.o)
    0x080485c4   0x080485c4   0x0000005e   Code   RO         7066    x$fpl$dfix          fz_wm.l(dfix.o)
    0x08048622   0x08048622   0x0000002e   Code   RO         7071    x$fpl$dflt          fz_wm.l(dflt_clz.o)
    0x08048650   0x08048650   0x00000026   Code   RO         7070    x$fpl$dfltu         fz_wm.l(dflt_clz.o)
    0x08048676   0x08048676   0x00000002   PAD
    0x08048678   0x08048678   0x00000078   Code   RO         7076    x$fpl$dleqf         fz_wm.l(dleqf.o)
    0x080486f0   0x080486f0   0x00000154   Code   RO         7078    x$fpl$dmul          fz_wm.l(dmul.o)
    0x08048844   0x08048844   0x0000009c   Code   RO         7424    x$fpl$dnaninf       fz_wm.l(dnaninf.o)
    0x080488e0   0x080488e0   0x0000000c   Code   RO         7426    x$fpl$dretinf       fz_wm.l(dretinf.o)
    0x080488ec   0x080488ec   0x0000006c   Code   RO         7080    x$fpl$drleqf        fz_wm.l(drleqf.o)
    0x08048958   0x08048958   0x00000016   Code   RO         7055    x$fpl$drsb          fz_wm.l(daddsub_clz.o)
    0x0804896e   0x0804896e   0x00000002   PAD
    0x08048970   0x08048970   0x00000198   Code   RO         7428    x$fpl$dsqrt         fz_wm.l(dsqrt_umaal.o)
    0x08048b08   0x08048b08   0x000001d4   Code   RO         7056    x$fpl$dsub          fz_wm.l(daddsub_clz.o)
    0x08048cdc   0x08048cdc   0x00000056   Code   RO         7082    x$fpl$f2d           fz_wm.l(f2d.o)
    0x08048d32   0x08048d32   0x0000008c   Code   RO         7430    x$fpl$fnaninf       fz_wm.l(fnaninf.o)
    0x08048dbe   0x08048dbe   0x0000000a   Code   RO         7593    x$fpl$fpinit        fz_wm.l(fpinit.o)
    0x08048dc8   0x08048dc8   0x000000f4   Code   RO         7432    x$fpl$frem          fz_wm.l(frem_clz.o)
    0x08048ebc   0x08048ebc   0x0000000a   Code   RO         7434    x$fpl$fretinf       fz_wm.l(fretinf.o)
    0x08048ec6   0x08048ec6   0x00000000   Code   RO         7438    x$fpl$usenofp       fz_wm.l(usenofp.o)
    0x08048ec6   0x08048ec6   0x00000048   Data   RO          649    .constdata          fuzzylogic.o
    0x08048f0e   0x08048f0e   0x00000002   PAD
    0x08048f10   0x08048f10   0x00000348   Data   RO          849    .constdata          excitation.o
    0x08049258   0x08049258   0x0000000c   Data   RO         1550    .constdata          mpu6500.o
    0x08049264   0x08049264   0x000000e4   Data   RO         1620    .constdata          rotation.o
    0x08049348   0x08049348   0x00000018   Data   RO         1681    .constdata          accelerometer_calibration.o
    0x08049360   0x08049360   0x00000008   Data   RO         1927    .constdata          bmm150.o
    0x08049368   0x08049368   0x0000000b   Data   RO         2380    .constdata          can_com.o
    0x08049373   0x08049373   0x00000015   Data   RO         2480    .constdata          fast_uart.o
    0x08049388   0x08049388   0x0000001b   Data   RO         2679    .constdata          parameter.o
    0x080493a3   0x080493a3   0x00000001   PAD
    0x080493a4   0x080493a4   0x00000070   Data   RO         3248    .constdata          application.o
    0x08049414   0x08049414   0x000001a0   Data   RO         3506    .constdata          bgc_param.o
    0x080495b4   0x080495b4   0x00000034   Data   RO         3841    .constdata          bxcan.o
    0x080495e8   0x080495e8   0x00000097   Data   RO         3870    .constdata          can.o
    0x0804967f   0x0804967f   0x00000001   PAD
    0x08049680   0x08049680   0x0000003f   Data   RO         3937    .constdata          led.o
    0x080496bf   0x080496bf   0x000000a3   Data   RO         3971    .constdata          spi_core.o
    0x08049762   0x08049762   0x000000d9   Data   RO         3987    .constdata          spi_dev.o
    0x0804983b   0x0804983b   0x00000001   PAD
    0x0804983c   0x0804983c   0x00000050   Data   RO         4067    .constdata          usart.o
    0x0804988c   0x0804988c   0x00000010   Data   RO         4116    .constdata          stm32f4xx_sd.o
    0x0804989c   0x0804989c   0x00000023   Data   RO         4160    .constdata          dfs.o
    0x080498bf   0x080498bf   0x00000033   Data   RO         4220    .constdata          dfs_fs.o
    0x080498f2   0x080498f2   0x00000013   Data   RO         4336    .constdata          cpuport.o
    0x08049905   0x08049905   0x000000a8   Data   RO         4903    .constdata          device.o
    0x080499ad   0x080499ad   0x00000016   Data   RO         4918    .constdata          idle.o
    0x080499c3   0x080499c3   0x000001d7   Data   RO         4937    .constdata          ipc.o
    0x08049b9a   0x08049b9a   0x00000122   Data   RO         4970    .constdata          kservice.o
    0x08049cbc   0x08049cbc   0x00000046   Data   RO         4990    .constdata          mem.o
    0x08049d02   0x08049d02   0x0000005e   Data   RO         5039    .constdata          object.o
    0x08049d60   0x08049d60   0x0000004e   Data   RO         5059    .constdata          scheduler_1.o
    0x08049dae   0x08049dae   0x000000aa   Data   RO         5085    .constdata          thread.o
    0x08049e58   0x08049e58   0x0000005c   Data   RO         5103    .constdata          timer.o
    0x08049eb4   0x08049eb4   0x00000039   Data   RO         5122    .constdata          completion.o
    0x08049eed   0x08049eed   0x0000004b   Data   RO         5138    .constdata          dataqueue.o
    0x08049f38   0x08049f38   0x00000097   Data   RO         5189    .constdata          ringbuffer_1.o
    0x08049fcf   0x08049fcf   0x000000d3   Data   RO         5224    .constdata          serial.o
    0x0804a0a2   0x0804a0a2   0x00000002   PAD
    0x0804a0a4   0x0804a0a4   0x00000078   Data   RO         5254    .constdata          mmc.o
    0x0804a11c   0x0804a11c   0x00000013   Data   RO         5281    .constdata          mmcsd_core.o
    0x0804a12f   0x0804a12f   0x00000001   PAD
    0x0804a130   0x0804a130   0x00000060   Data   RO         5310    .constdata          sd.o
    0x0804a190   0x0804a190   0x0000011d   Data   RO         5334    .constdata          sdio.o
    0x0804a2ad   0x0804a2ad   0x00000003   PAD
    0x0804a2b0   0x0804a2b0   0x00000050   Data   RO         5353    .constdata          cmd.o
    0x0804a300   0x0804a300   0x000000c4   Data   RO         5490    .constdata          finsh_ops.o
    0x0804a3c4   0x0804a3c4   0x00000040   Data   RO         5523    .constdata          finsh_token.o
    0x0804a404   0x0804a404   0x00000060   Data   RO         5611    .constdata          shell.o
    0x0804a464   0x0804a464   0x00000004   PAD
    0x0804a468   0x0804a468   0x00000098   Data   RO         7111    .constdata          m_wm.l(atan.o)
    0x0804a500   0x0804a500   0x00000030   Data   RO         7173    .constdata          m_wm.l(expf.o)
    0x0804a530   0x0804a530   0x00000040   Data   RO         7205    .constdata          m_wm.l(logf.o)
    0x0804a570   0x0804a570   0x00000140   Data   RO         7219    .constdata          m_wm.l(powf.o)
    0x0804a6b0   0x0804a6b0   0x00000030   Data   RO         7440    .constdata          m_wm.l(cos_i.o)
    0x0804a6e0   0x0804a6e0   0x00000008   Data   RO         7476    .constdata          m_wm.l(qnan.o)
    0x0804a6e8   0x0804a6e8   0x000000c8   Data   RO         7479    .constdata          m_wm.l(rred.o)
    0x0804a7b0   0x0804a7b0   0x00000020   Data   RO         7483    .constdata          m_wm.l(rredf.o)
    0x0804a7d0   0x0804a7d0   0x00000028   Data   RO         7486    .constdata          m_wm.l(sin_i.o)
    0x0804a7f8   0x0804a7f8   0x00000014   Data   RO           24    .constdata__ZTV18AC_AttitudeControl  attitudecontrol.o
    0x0804a80c   0x0804a80c   0x00000010   Data   RO         1748    .constdata__ZTVN4math10MatrixBaseILj3ELj3EEE  accelerometer_calibration.o
    0x0804a81c   0x0804a81c   0x00000010   Data   RO         1744    .constdata__ZTVN4math10VectorBaseILj3EEE  accelerometer_calibration.o
    0x0804a82c   0x0804a82c   0x00000010   Data   RO         1750    .constdata__ZTVN4math6MatrixILj3ELj3EEE  accelerometer_calibration.o
    0x0804a83c   0x0804a83c   0x00000010   Data   RO         1746    .constdata__ZTVN4math6VectorILj3EEE  accelerometer_calibration.o
    0x0804a84c   0x0804a84c   0x0000004c   Data   RO          650    .conststring        fuzzylogic.o
    0x0804a898   0x0804a898   0x00000076   Data   RO         1682    .conststring        accelerometer_calibration.o
    0x0804a90e   0x0804a90e   0x00000002   PAD
    0x0804a910   0x0804a910   0x0000003f   Data   RO         3249    .conststring        application.o
    0x0804a94f   0x0804a94f   0x00000001   PAD
    0x0804a950   0x0804a950   0x00000182   Data   RO         3871    .conststring        can.o
    0x0804aad2   0x0804aad2   0x00000002   PAD
    0x0804aad4   0x0804aad4   0x000000ed   Data   RO         4991    .conststring        mem.o
    0x0804abc1   0x0804abc1   0x00000003   PAD
    0x0804abc4   0x0804abc4   0x00000060   Data   RO         5311    .conststring        sd.o
    0x0804ac24   0x0804ac24   0x000001ad   Data   RO         5354    .conststring        cmd.o
    0x0804add1   0x0804add1   0x00000003   PAD
    0x0804add4   0x0804add4   0x000000f3   Data   RO         5425    .conststring        finsh_error.o
    0x0804aec7   0x0804aec7   0x00000001   PAD
    0x0804aec8   0x0804aec8   0x0000003e   Data   RO         5524    .conststring        finsh_token.o
    0x0804af06   0x0804af06   0x00000080   Data   RO         2772    .rodata.name        e2pfs.o
    0x0804af86   0x0804af86   0x00000017   Data   RO         2838    .rodata.name        eeprom.o
    0x0804af9d   0x0804af9d   0x00000036   Data   RO         2883    .rodata.name        gimbal.o
    0x0804afd3   0x0804afd3   0x00000021   Data   RO         3873    .rodata.name        can.o
    0x0804aff4   0x0804aff4   0x00000020   Data   RO         3916    .rodata.name        idle_thread.o
    0x0804b014   0x0804b014   0x0000005f   Data   RO         4194    .rodata.name        dfs_file.o
    0x0804b073   0x0804b073   0x00000029   Data   RO         4221    .rodata.name        dfs_fs.o
    0x0804b09c   0x0804b09c   0x0000003d   Data   RO         4237    .rodata.name        dfs_posix.o
    0x0804b0d9   0x0804b0d9   0x00000027   Data   RO         4993    .rodata.name        mem.o
    0x0804b100   0x0804b100   0x000001b3   Data   RO         5356    .rodata.name        cmd.o
    0x0804b2b3   0x0804b2b3   0x00000001   PAD
    0x0804b2b4   0x0804b2b4   0x00000030   Data   RO         2773    FSymTab             e2pfs.o
    0x0804b2e4   0x0804b2e4   0x0000000c   Data   RO         2839    FSymTab             eeprom.o
    0x0804b2f0   0x0804b2f0   0x00000018   Data   RO         2884    FSymTab             gimbal.o
    0x0804b308   0x0804b308   0x0000000c   Data   RO         3874    FSymTab             can.o
    0x0804b314   0x0804b314   0x0000000c   Data   RO         3917    FSymTab             idle_thread.o
    0x0804b320   0x0804b320   0x00000030   Data   RO         4195    FSymTab             dfs_file.o
    0x0804b350   0x0804b350   0x00000018   Data   RO         4222    FSymTab             dfs_fs.o
    0x0804b368   0x0804b368   0x00000018   Data   RO         4238    FSymTab             dfs_posix.o
    0x0804b380   0x0804b380   0x0000000c   Data   RO         4994    FSymTab             mem.o
    0x0804b38c   0x0804b38c   0x00000090   Data   RO         5357    FSymTab             cmd.o
    0x0804b41c   0x0804b41c   0x00000020   Data   RO         7688    Region$$Table       anon$$obj.o
    0x0804b43c   0x0804b43c   0x00000010   Data   RO         5358    VSymTab             cmd.o
    0x0804b44c   0x0804b44c   0x00000110   Data   RO         7616    locale$$data        c_w.l(lc_ctype_c.o)
    0x0804b55c   0x0804b55c   0x00000004   Data   RO            6    .init_array         attitudecontrol.o
    0x0804b560   0x0804b55c   0x00000004   Data   RO          473    .init_array         pid.o
    0x0804b564   0x0804b55c   0x00000004   Data   RO          579    .init_array         p.o
    0x0804b568   0x0804b55c   0x00000004   Data   RO          622    .init_array         pd.o
    0x0804b56c   0x0804b55c   0x00000004   Data   RO          876    .init_array         directionalign.o
    0x0804b570   0x0804b55c   0x00000004   Data   RO          932    .init_array         attitude.o
    0x0804b574   0x0804b55c   0x00000004   Data   RO         1088    .init_array         attitude_filter.o
    0x0804b578   0x0804b55c   0x00000004   Data   RO         1552    .init_array         mpu6500.o
    0x0804b57c   0x0804b55c   0x00000004   Data   RO         2135    .init_array         dcm_ekf_imu.o
    0x0804b580   0x0804b55c   0x00000004   Data   RO         2382    .init_array         can_com.o
    0x0804b584   0x0804b55c   0x00000004   Data   RO         2882    .init_array         gimbal.o
    0x0804b588   0x0804b55c   0x00000004   Data   RO         3251    .init_array         application.o
    0x0804b58c   0x0804b55c   0x00000004   Data   RO         3480    .init_array         timers.o
    0x0804b590   0x0804b55c   0x00000004   Data   RO         3508    .init_array         bgc_param.o
    0x0804b594   0x0804b55c   0x00000004   Data   RO         3609    .init_array         scheduler.o
    0x0804b598   0x0804b55c   0x00000004   Data   RO         3740    .init_array         att2mot.o
    0x0804b59c   0x0804b55c   0x00000000   Data   RO         6920    .init_array         c_w.l(init_aeabi.o)


    Execution Region RW_IRAM1 (Exec base: 0x20000000, Load base: 0x0804b59c, Size: 0x00015e08, Max: 0x00020000, ABSOLUTE, COMPRESSED[0x00000650])

    Exec Addr    Load Addr    Size         Type   Attr      Idx    E Section Name        Object

    0x20000000   COMPRESSED   0x0000022c   Data   RW            5    .data               attitudecontrol.o
    0x2000022c   COMPRESSED   0x000000a8   Data   RW          472    .data               pid.o
    0x200002d4   COMPRESSED   0x00000038   Data   RW          578    .data               p.o
    0x2000030c   COMPRESSED   0x0000008c   Data   RW          621    .data               pd.o
    0x20000398   COMPRESSED   0x00000038   Data   RW          819    .data               fuzzy_control.o
    0x200003d0   COMPRESSED   0x00000004   Data   RW          850    .data               excitation.o
    0x200003d4   COMPRESSED   0x000000fc   Data   RW          875    .data               directionalign.o
    0x200004d0   COMPRESSED   0x00000188   Data   RW          931    .data               attitude.o
    0x20000658   COMPRESSED   0x00000110   Data   RW         1087    .data               attitude_filter.o
    0x20000768   COMPRESSED   0x000000c4   Data   RW         1551    .data               mpu6500.o
    0x2000082c   COMPRESSED   0x00000140   Data   RW         1683    .data               accelerometer_calibration.o
    0x2000096c   COMPRESSED   0x00000004   Data   RW         1891    .data               bmm050.o
    0x20000970   COMPRESSED   0x00000010   Data   RW         1928    .data               bmm150.o
    0x20000980   COMPRESSED   0x0000000c   Data   RW         1964    .data               accelcal.o
    0x2000098c   COMPRESSED   0x000000c4   Data   RW         2134    .data               dcm_ekf_imu.o
    0x20000a50   COMPRESSED   0x0000000c   Data   RW         2257    .data               ap_smallekf.o
    0x20000a5c   COMPRESSED   0x00000470   Data   RW         2381    .data               can_com.o
    0x20000ecc   COMPRESSED   0x00000008   Data   RW         2680    .data               parameter.o
    0x20000ed4   COMPRESSED   0x00000044   Data   RW         2771    .data               e2pfs.o
    0x20000f18   COMPRESSED   0x00000016   Data   RW         2837    .data               eeprom.o
    0x20000f2e   COMPRESSED   0x00000002   PAD
    0x20000f30   COMPRESSED   0x00000664   Data   RW         2881    .data               gimbal.o
    0x20001594   COMPRESSED   0x00000568   Data   RW         3250    .data               application.o
    0x20001afc   COMPRESSED   0x00000004   Data   RW         3479    .data               timers.o
    0x20001b00   COMPRESSED   0x00000544   Data   RW         3507    .data               bgc_param.o
    0x20002044   COMPRESSED   0x00000545   Data   RW         3608    .data               scheduler.o
    0x20002589   COMPRESSED   0x00000003   PAD
    0x2000258c   COMPRESSED   0x00000024   Data   RW         3679    .data               upper_control_interface.o
    0x200025b0   COMPRESSED   0x000000e8   Data   RW         3739    .data               att2mot.o
    0x20002698   COMPRESSED   0x00000034   Data   RW         3842    .data               bxcan.o
    0x200026cc   COMPRESSED   0x00000010   Data   RW         3872    .data               can.o
    0x200026dc   COMPRESSED   0x00000050   Data   RW         3894    .data               gpio.o
    0x2000272c   COMPRESSED   0x00000008   Data   RW         3915    .data               idle_thread.o
    0x20002734   COMPRESSED   0x00000009   Data   RW         4002    .data               stm32_hw_spi.o
    0x2000273d   COMPRESSED   0x00000003   PAD
    0x20002740   COMPRESSED   0x000001c0   Data   RW         4040    .data               stm32f40x_timer.o
    0x20002900   COMPRESSED   0x00000018   Data   RW         4068    .data               usart.o
    0x20002918   COMPRESSED   0x00000020   Data   RW         4092    .data               hardward_bus.o
    0x20002938   COMPRESSED   0x00000008   Data   RW         4117    .data               stm32f4xx_sd.o
    0x20002940   COMPRESSED   0x00000100   Data   RW         4161    .data               dfs.o
    0x20002a40   COMPRESSED   0x00000010   Data   RW         4337    .data               cpuport.o
    0x20002a50   COMPRESSED   0x00000010   Data   RW         4709    .data               stm32f4xx_rcc.o
    0x20002a60   COMPRESSED   0x00000014   Data   RW         4862    .data               system_stm32f4xx.o
    0x20002a74   COMPRESSED   0x00000004   Data   RW         4883    .data               clock.o
    0x20002a78   COMPRESSED   0x00000004   Data   RW         4919    .data               idle.o
    0x20002a7c   COMPRESSED   0x00000001   Data   RW         4954    .data               irq.o
    0x20002a7d   COMPRESSED   0x00000003   PAD
    0x20002a80   COMPRESSED   0x0000000c   Data   RW         4971    .data               kservice.o
    0x20002a8c   COMPRESSED   0x00000020   Data   RW         4992    .data               mem.o
    0x20002aac   COMPRESSED   0x000000a4   Data   RW         5040    .data               object.o
    0x20002b50   COMPRESSED   0x0000001c   Data   RW         5060    .data               scheduler_1.o
    0x20002b6c   COMPRESSED   0x00000018   Data   RW         5104    .data               timer.o
    0x20002b84   COMPRESSED   0x00000008   Data   RW         5237    .data               block_dev.o
    0x20002b8c   COMPRESSED   0x00000010   Data   RW         5335    .data               sdio.o
    0x20002b9c   COMPRESSED   0x00000004   Data   RW         5355    .data               cmd.o
    0x20002ba0   COMPRESSED   0x00000008   Data   RW         5388    .data               finsh_compiler.o
    0x20002ba8   COMPRESSED   0x00000040   Data   RW         5426    .data               finsh_error.o
    0x20002be8   COMPRESSED   0x00000008   Data   RW         5442    .data               finsh_heap.o
    0x20002bf0   COMPRESSED   0x00000004   Data   RW         5539    .data               finsh_var.o
    0x20002bf4   COMPRESSED   0x0000000c   Data   RW         5562    .data               finsh_vm.o
    0x20002c00   COMPRESSED   0x00000004   Data   RW         5612    .data               shell.o
    0x20002c04   COMPRESSED   0x00000010   Data   RW         5630    .data               symbol.o
    0x20002c14   COMPRESSED   0x000000cc   Data   RW         6701    .data               fir_vec3f.o
    0x20002ce0        -       0x0000003c   Zero   RW          874    .bss                directionalign.o
    0x20002d1c        -       0x0000002c   Zero   RW          930    .bss                attitude.o
    0x20002d48        -       0x00000020   Zero   RW         1926    .bss                bmm150.o
    0x20002d68        -       0x00000018   Zero   RW         2255    .bss                ap_smallekf.o
    0x20002d80        -       0x00000068   Zero   RW         2379    .bss                can_com.o
    0x20002de8        -       0x0000094c   Zero   RW         2479    .bss                fast_uart.o
    0x20003734        -       0x00000018   Zero   RW         2770    .bss                e2pfs.o
    0x2000374c        -       0x00000024   Zero   RW         2815    .bss                e2pfs_port.o
    0x20003770        -       0x0000003c   Zero   RW         2836    .bss                eeprom.o
    0x200037ac        -       0x00007fd0   Zero   RW         2880    .bss                gimbal.o
    0x2000b77c        -       0x00000020   Zero   RW         3607    .bss                scheduler.o
    0x2000b79c        -       0x000000b0   Zero   RW         3738    .bss                att2mot.o
    0x2000b84c        -       0x00000100   Zero   RW         3840    .bss                bxcan.o
    0x2000b94c        -       0x00000640   Zero   RW         3893    .bss                gpio.o
    0x2000bf8c        -       0x00000044   Zero   RW         3936    .bss                led.o
    0x2000bfd0        -       0x00000078   Zero   RW         4001    .bss                stm32_hw_spi.o
    0x2000c048        -       0x000000fc   Zero   RW         4066    .bss                usart.o
    0x2000c144        -       0x00000240   Zero   RW         4091    .bss                hardward_bus.o
    0x2000c384   COMPRESSED   0x00000004   PAD
    0x2000c388        -       0x00001048   Zero   RW         4115    .bss                stm32f4xx_sd.o
    0x2000d3d0        -       0x000000d4   Zero   RW         4159    .bss                dfs.o
    0x2000d4a4        -       0x00000124   Zero   RW         4193    .bss                dfs_file.o
    0x2000d5c8        -       0x00000480   Zero   RW         4917    .bss                idle.o
    0x2000da48        -       0x00000080   Zero   RW         4969    .bss                kservice.o
    0x2000dac8        -       0x00000020   Zero   RW         4989    .bss                mem.o
    0x2000dae8        -       0x00000100   Zero   RW         5058    .bss                scheduler_1.o
    0x2000dbe8        -       0x00000280   Zero   RW         5102    .bss                timer.o
    0x2000de68        -       0x000002c0   Zero   RW         5280    .bss                mmcsd_core.o
    0x2000e128        -       0x00000080   Zero   RW         5441    .bss                finsh_heap.o
    0x2000e1a8        -       0x00000140   Zero   RW         5475    .bss                finsh_node.o
    0x2000e2e8        -       0x000000c0   Zero   RW         5538    .bss                finsh_var.o
    0x2000e3a8        -       0x00000180   Zero   RW         5561    .bss                finsh_vm.o
    0x2000e528        -       0x00000880   Zero   RW         5610    .bss                shell.o
    0x2000eda8        -       0x00000060   Zero   RW         7498    .bss                c_w.l(libspace.o)
    0x2000ee08        -       0x00003000   Zero   RW         4854    HEAP                startup_stm32f4xx.o
    0x20011e08        -       0x00004000   Zero   RW         4853    STACK               startup_stm32f4xx.o


==============================================================================

Image component sizes


      Code (inc. data)   RO Data    RW Data    ZI Data      Debug   Object Name

      1450        284          0         12          0      14821   accelcal.o
      3732         42          0          0          0      20319   accelcalibrator.o
      6856        784        206        320          0      61588   accelerometer_calibration.o
       154         12          0          0          0       3486   ap_math.o
     19410        176          0         12         24      28770   ap_smallekf.o
      1280        176        179       1384          0      96591   application.o
      1812          6          0          0          0       2670   arm_fir_f32.o
        40          0          0          0          0      11919   arm_fir_init_f32.o
     10812        478          4        232        176      28412   att2mot.o
      1100         80          4        392         44      89949   attitude.o
      8004        358          4        272          0      27164   attitude_filter.o
      4852        130         24        556          0     332377   attitudecontrol.o
       276         38        420       1348          0      62988   bgc_param.o
      1428        290          0          8          0       6347   block_dev.o
      4828         32          0          4          0      30811   bmm050.o
       584        102          8         16         32      21223   bmm150.o
       200         18          0          0          0      22383   board.o
      3556        114         52         52        256      31210   bxcan.o
      4332        508        582         16          0      10168   can.o
      5884        208         15       1136        104      27042   can_com.o
       100          6          0          4          0       1572   clock.o
      3016       1228       1104          4          0      33037   cmd.o
       456        124         57          0          0       2871   completion.o
       268         24          0          0          0        796   context_rvds.o
       400        188         19         16          0       3703   cpuport.o
       604         70          0          0          0       2904   databox.o
      1044        114         75          0          0       6297   dataqueue.o
     27416         46          4        196          0      22583   dcm_ekf_imu.o
       804        134        168          0          0       4917   device.o
       888         88         35        256        212       8528   dfs.o
      2500        364        143          0        292      13715   dfs_file.o
      1524        268        116          0          0       5824   dfs_fs.o
      1564         14         85          0          0       9915   dfs_posix.o
      1910        122          4        252         60      10344   directionalign.o
      4252       1458        176         68         24      17986   e2pfs.o
       212          8          0          0         36       2234   e2pfs_port.o
      2884        194         35         22         60      19714   eeprom.o
       300         34        840          4          0       2391   excitation.o
      1104         94         21          0       2380     327125   fast_uart.o
       726         16          0          0          0      11040   filter.o
      6168        154          0          8          0      10946   finsh_compiler.o
        44         10        243         64          0       1677   finsh_error.o
       528         18          0          8        128       3435   finsh_heap.o
        88          6          0          0          0       1680   finsh_init.o
       388          4          0          0        320       3452   finsh_node.o
      2780         36        196          0          0       8816   finsh_ops.o
      2428         32          0          0          0       9817   finsh_parser.o
      1624         16        126          0          0       6152   finsh_token.o
       412         18          0          4        192       7441   finsh_var.o
       228         34          0         12        384       7070   finsh_vm.o
       372          0          0          0          0      14059   fir.o
       252          4          0        204          0       4004   fir_vec3f.o
      1536        114          0         56          0       8483   fuzzy_control.o
      3416        512        148          0          0     235474   fuzzylogic.o
     10284        536         82       1636      32720     110579   gimbal.o
      3460        144          0         80       1600       5782   gpio.o
       456         96          0         32        576       1276   hardward_bus.o
       308         74         22          4       1152       2855   idle.o
       268         44         44          8          0       1734   idle_thread.o
      5704        422        471          0          0      20103   ipc.o
        72          6          0          1          0       1358   irq.o
      2572        176        290         12        128      11940   kservice.o
       516         98         63          0         68       3282   led.o
      3550        168          0          0          0      11965   location.o
      1434          0          0          0          0       9388   matrix3.o
      4152         10          0          0          0       7750   matrix_alg.o
      1482         10          0          0          0      21150   mavlink_com.o
      2152        558        358         32         32       5503   mem.o
       492         74          0          0          0       2125   misc.o
      2380        288        120          0          0      13776   mmc.o
      2204        200         19          0        704      17228   mmcsd_core.o
      3938        672         16        196          0      20183   mpu6500.o
       388         20          0          0          0       1998   notchfilter.o
       732        150         94        164          0       5736   object.o
        36          6          4         56          0       5600   p.o
      3160        272         27          8          0      24174   parameter.o
       692         20          4        140          0       5783   pd.o
      1066         20          4        168          0      15579   pid.o
      3456         14          0          0          0      18844   quaternion.o
      1424         84          0          0          0       4653   ringbuffer.o
      1176         56        151          0          0       6153   ringbuffer_1.o
       334          8        228          0          0      20334   rotation.o
       784         56          4       1349         32      59760   scheduler.o
       736        150         78         28        256       4709   scheduler_1.o
      2612        220        192          0          0      14861   sd.o
      5620        870        285         16          0      21276   sdio.o
      2176        316        211          0          0       7869   serial.o
        76         32          0          0          0       3568   serial_com.o
      2500        280         96          4       2176       5979   shell.o
      1528        112        163          0          0       7218   spi_core.o
       644        172        217          0          0       3995   spi_dev.o
       200         98          0          0          0       1323   startup.o
        64         26        392          0      28672        892   startup_stm32f4xx.o
       976         64          0          9        120       3753   stm32_hw_spi.o
      1732         82          0        448          0      35049   stm32f40x_timer.o
      4404        166          0          0          0       9120   stm32f4xx_can.o
      5068        352          0          0          0       9045   stm32f4xx_dma.o
      2326        132          0          0          0       5501   stm32f4xx_gpio.o
      3496        218          0          0          0      10543   stm32f4xx_i2c.o
       412         22          0          0          0       2387   stm32f4xx_it.o
      3448        258          0         16          0      13595   stm32f4xx_rcc.o
      1812        128         16          8       4168      13916   stm32f4xx_sd.o
      1628         88          0          0          0       8484   stm32f4xx_sdio.o
      3016        118          0          0          0       8629   stm32f4xx_spi.o
     12948        670          0          0          0      31292   stm32f4xx_tim.o
      3764        164          0          0          0      10180   stm32f4xx_usart.o
         0          0          0         16          0       4293   symbol.o
       524         42          0         20          0       1991   system_stm32f4xx.o
      1436        210        170          0          0       7562   thread.o
       536          0          0          0          0       5036   time_measure.o
      1464        140         92         24        640       7523   timer.o
       852        104          4          4          0      19634   timers.o
      1560        102          0         36          0       5019   upper_control_interface.o
       928        112         80         24        252      22547   usart.o
      1772         34          0          0          0      10392   vector3.o

    ----------------------------------------------------------------------
    281774      19152       9150      11488      78024    2514012   Object Totals
         0          0         32          0          0          0   (incl. Generated)
        18          0         28         11          4          0   (incl. Padding)

    ----------------------------------------------------------------------

      Code (inc. data)   RO Data    RW Data    ZI Data      Debug   Library Member Name

       248          6          0          0          0      16559   arm_mat_mult_f32.o
       152          0          0          0          0       1172   arm_mat_trans_f32.o
       100          0          0          0          0          0   __dclz77c.o
         8          0          0          0          0         68   __main.o
         0          0          0          0          0          0   __rtentry.o
        12          0          0          0          0          0   __rtentry2.o
         6          0          0          0          0          0   __rtentry4.o
        52          8          0          0          0          0   __scatter.o
        28          0          0          0          0          0   __scatter_zi.o
        28          0          0          0          0         68   _chval.o
        22          0          0          0          0        100   _rserrno.o
       158          0          0          0          0         92   _strtoul.o
        22          0          0          0          0         80   abort.o
        46          0          0          0          0         84   aeabi_atexit.o
       128         42          0          0          0         76   assert.o
        20          0          0          0          0         76   assert_puts.o
        26          0          0          0          0         80   atoi.o
        40          0          0          0          0         80   calloc.o
        66          0          0          0          0         84   cxa_finalize.o
        48         34          0          0          0         76   defsig_abrt_inner.o
        14          0          0          0          0         80   defsig_abrt_outer.o
        10          0          0          0          0         68   defsig_exit.o
        50          0          0          0          0         88   defsig_general.o
        80         58          0          0          0         76   defsig_rtmem_inner.o
        14          0          0          0          0         80   defsig_rtmem_outer.o
        18          0          0          0          0         80   exit.o
        94          0          0          0          0         80   h1_alloc.o
        52          0          0          0          0         68   h1_extend.o
        78          0          0          0          0         80   h1_free.o
        14          0          0          0          0         84   h1_init.o
         6          0          0          0          0        152   heapauxi.o
         4          0          0          0          0        136   hguard.o
         0          0          0          0          0          0   indicate_semi.o
        36         10          0          0          0         80   init_aeabi.o
       138          0          0          0          0        168   init_alloc.o
        44         10        272          0          0         76   lc_ctype_c.o
         2          0          0          0          0          0   libinit.o
        36          0          0          0          0          0   libinit2.o
         2          0          0          0          0          0   libshutdown.o
         8          0          0          0          0          0   libshutdown2.o
         8          4          0          0         96         68   libspace.o
         0          0          0          0          0          0   maybetermalloc1.o
        16          4          0          0          0         76   rt_ctype_table.o
         8          4          0          0          0         68   rt_ddtor_pointer_addr_intlibspace.o
         8          4          0          0          0         68   rt_eh_globals_addr_intlibspace.o
         8          4          0          0          0         68   rt_errno_addr_intlibspace.o
         8          4          0          0          0         68   rt_heap_descriptor_intlibspace.o
         8          4          0          0          0         68   rt_locale_intlibspace.o
        68          0          0          0          0         68   rt_memclr.o
        78          0          0          0          0         80   rt_memclr_w.o
       138          0          0          0          0         68   rt_memcpy_v6.o
       100          0          0          0          0         80   rt_memcpy_w.o
         8          4          0          0          0         68   rt_new_handler_addr_intlibspace.o
         2          0          0          0          0          0   rtexit.o
        10          0          0          0          0          0   rtexit2.o
        42          0          0          0          0         84   strcasecmp.o
        24          0          0          0          0         68   strcat.o
       128          0          0          0          0         68   strcmpv7m.o
        62          0          0          0          0         76   strlen.o
       150          0          0          0          0         80   strncmp.o
        86          0          0          0          0         76   strncpy.o
        22          0          0          0          0         68   strrchr.o
       112          0          0          0          0         88   strtol.o
        12          4          0          0          0         68   sys_exit.o
        74          0          0          0          0         80   sys_stackheap_outer.o
        14          0          0          0          0         76   sys_wrch.o
        26          0          0          0          0         76   tolower.o
         2          0          0          0          0         68   use_no_semi.o
        36          0          0          0          0         84   aeabi_vec_ctor_nocookie_nodtor.o
        80         12          0          0          0        104   arm_exceptions_globs.o
        60          0          0          0          0        108   arm_exceptions_mem.o
        26          0          0          0          0         76   arm_exceptions_terminate.o
         4          0          0          0          0         68   arm_newhandler_noexceptions.o
         8          0          0          0          0         76   array_del.o
         8          0          0          0          0         76   array_new.o
        16          0          0          0          0         68   cxa_guard_acquire.o
         8          0          0          0          0         76   delete.o
        40          6          0          0          0         76   new.o
        24          0          0          0          0        164   basic.o
        98          4          0          0          0        140   d2f.o
       826         16          0          0          0        492   daddsub_clz.o
        24          0          0          0          0        116   dcmpi.o
       688        140          0          0          0        256   ddiv.o
       120          4          0          0          0        140   deqf.o
        94          4          0          0          0        140   dfix.o
        84          0          0          0          0        232   dflt_clz.o
       120          4          0          0          0        140   dleqf.o
       340         12          0          0          0        152   dmul.o
       156          4          0          0          0        140   dnaninf.o
        12          0          0          0          0        116   dretinf.o
       108          0          0          0          0        128   drleqf.o
       408         56          0          0          0        168   dsqrt_umaal.o
        86          4          0          0          0        132   f2d.o
       140          4          0          0          0        132   fnaninf.o
        10          0          0          0          0        116   fpinit.o
       244          8          0          0          0        132   frem_clz.o
        10          0          0          0          0        116   fretinf.o
         0          0          0          0          0          0   usenofp.o
       280         46          0          0          0        176   acosf.o
       300         42          0          0          0        176   asinf.o
       744        106        152          0          0        352   atan.o
       496         64          0          0          0        192   atan2.o
       592         90          0          0          0        184   atan2f.o
       200         20          0          0          0        164   cos.o
       368         46         48          0          0        200   cos_i.o
       336         56          0          0          0        136   cosf.o
       104         16          0          0          0        496   dunder.o
       488         62         48          0          0        236   expf.o
        44          0          0          0          0        248   fabs.o
       176          0          0          0          0        168   fmodf.o
        48          0          0          0          0        124   fpclassify.o
        38          0          0          0          0        116   fpclassifyf.o
        80         24          0          0          0        696   funder.o
       364         44         64          0          0        140   logf.o
       248          0          0          0          0        152   poly.o
      1636        110        320          0          0        372   powf.o
         0          0          8          0          0          0   qnan.o
      1080        142        200          0          0        188   rred.o
       340         24         32          0          0        160   rredf.o
       200         20          0          0          0        164   sin.o
       304         24         40          0          0        208   sin_i.o
       400         56          0          0          0        212   sinf.o
       122          0          0          0          0        148   sqrt.o
       120          0          0          0          0        272   sqrtf.o
       380         58          0          0          0        200   tanf.o

    ----------------------------------------------------------------------
     16528       1540       1184          0         96      31759   Library Totals
        30          8          0          0          0          0   (incl. Padding)

    ----------------------------------------------------------------------

      Code (inc. data)   RO Data    RW Data    ZI Data      Debug   Library Name

       400          6          0          0          0      17731   arm_cortexM4lf_math.lib
      2732        198        272          0         96       4184   c_w.l
       286         18          0          0          0        812   cpprt_w.l
      3592        260          0          0          0       3152   fz_wm.l
      9488       1050        912          0          0       5880   m_wm.l

    ----------------------------------------------------------------------
     16528       1540       1184          0         96      31759   Library Totals

    ----------------------------------------------------------------------

==============================================================================


      Code (inc. data)   RO Data    RW Data    ZI Data      Debug   

    298302      20692      10334      11488      78120    2505403   Grand Totals
    298302      20692      10334       1616      78120    2505403   ELF Image Totals (compressed)
    298302      20692      10334       1616          0          0   ROM Totals

==============================================================================

    Total RO  Size (Code + RO Data)               308636 ( 301.40kB)
    Total RW  Size (RW Data + ZI Data)             89608 (  87.51kB)
    Total ROM Size (Code + RO Data + RW Data)     310252 ( 302.98kB)

==============================================================================

