Component: ARM Compiler 5.06 update 6 (build 750) Tool: armlink [4d35ed]

==============================================================================

Section Cross References

    attitudecontrol.o(.text) refers to pd.o(.text) for AC_PD::set_dt(float)
    attitudecontrol.o(.text) refers to pid.o(.text) for AC_PID::set_dt(float)
    attitudecontrol.o(.text) refers to attitude.o(.text) for Attitude::cos_pitch()
    attitudecontrol.o(.text) refers to vector3.o(t._ZNK7Vector3IfEmlEf) for Vector3<float>::operator *(float) const
    attitudecontrol.o(.text) refers to location.o(.text) for wrap_360_cd_float(float)
    attitudecontrol.o(.text) refers to ap_math.o(.text) for safe_sqrt(float)
    attitudecontrol.o(.text) refers to attitudecontrol.o(t._ZN7Vector3IfEC1Ev) for Vector3<float>::Vector3()
    attitudecontrol.o(.text) refers to attitudecontrol.o(.data) for scop_out_loop_x
    attitudecontrol.o(.text) refers to vector3.o(t._ZN7Vector3IfEpLERKS0_) for Vector3<float>::operator +=(const Vector3<float>&)
    attitudecontrol.o(.text) refers to vector3.o(t._ZNK7Vector3IfEmiERKS0_) for Vector3<float>::operator -(const Vector3<float>&) const
    attitudecontrol.o(.text) refers to attitudecontrol.o(i._ZNK6AC_PID2kDEv) for AC_PID::kD() const
    attitudecontrol.o(.text) refers to attitudecontrol.o(i._ZNK6AC_PID2kPEv) for AC_PID::kP() const
    attitudecontrol.o(.text) refers to attitudecontrol.o(t._ZN9AP_ParamTIfL11ap_var_type4EEaSERKf) for AP_ParamT<float, (ap_var_type)4>::operator =(const float&)
    attitudecontrol.o(.text) refers to att2mot.o(.text) for ChMatrix3::ChMatrix3()
    attitudecontrol.o(.ARM.exidx) refers to attitudecontrol.o(.text) for .text
    attitudecontrol.o(.init_array) refers to attitudecontrol.o(.text) for __sti___19_AttitudeControl_cpp_61cf2197
    attitudecontrol.o(.init_array) refers to init_aeabi.o(.text) for __cpp_initialize__aeabi_
    pid.o(.text) refers to attitudecontrol.o(t._ZN9AP_ParamTIfL11ap_var_type4EEaSERKf) for AP_ParamT<float, (ap_var_type)4>::operator =(const float&)
    pid.o(.text) refers to pid.o(i._ZN9AP_ParamTIfL11ap_var_type4EEC1Ev) for AP_ParamT<float, (ap_var_type)4>::AP_ParamT()
    pid.o(.text) refers to pid.o(i.__ARM_isfinitef) for __ARM_isfinitef
    pid.o(.text) refers to pid.o(.data) for AC_PID::var_info
    pid.o(.ARM.exidx) refers to pid.o(.text) for .text
    pid.o(.init_array) refers to pid.o(.text) for __sti___7_PID_cpp_d532c8a9
    pid.o(.init_array) refers to init_aeabi.o(.text) for __cpp_initialize__aeabi_
    p.o(.text) refers to p.o(.data) for AC_P::var_info
    p.o(.ARM.exidx) refers to p.o(.text) for .text
    p.o(.init_array) refers to p.o(.text) for __sti___5_P_cpp_5a5710aa
    p.o(.init_array) refers to init_aeabi.o(.text) for __cpp_initialize__aeabi_
    pd.o(.text) refers to attitudecontrol.o(t._ZN9AP_ParamTIfL11ap_var_type4EEaSERKf) for AP_ParamT<float, (ap_var_type)4>::operator =(const float&)
    pd.o(.text) refers to pid.o(i._ZN9AP_ParamTIfL11ap_var_type4EEC1Ev) for AP_ParamT<float, (ap_var_type)4>::AP_ParamT()
    pd.o(.text) refers to pd.o(.data) for AC_PD::var_info
    pd.o(.ARM.exidx) refers to pd.o(.text) for .text
    pd.o(.init_array) refers to pd.o(.text) for __sti___6_PD_cpp_693c8706
    pd.o(.init_array) refers to init_aeabi.o(.text) for __cpp_initialize__aeabi_
    fuzzylogic.o(.text) refers to kservice.o(.text) for rt_kprintf
    fuzzylogic.o(.text) refers to fuzzylogic.o(i._ZSt3expf) for std::exp(float)
    fuzzylogic.o(.text) refers to powf.o(i.__hardfp_powf) for __hardfp_powf
    fuzzylogic.o(.text) refers to fuzzylogic.o(.constdata) for __FUNCTION__
    fuzzylogic.o(.text) refers to fuzzylogic.o(.conststring) for .conststring
    fuzzylogic.o(.text) refers to strcmpv7m.o(.text) for strcmp
    fuzzylogic.o(.text) refers to mem.o(.text) for rt_malloc
    fuzzylogic.o(.text) refers to calloc.o(.text) for calloc
    fuzzylogic.o(.ARM.exidx) refers to fuzzylogic.o(.text) for .text
    fuzzy_control.o(.text) refers to expf.o(i.__hardfp_expf) for __hardfp_expf
    fuzzy_control.o(.text) refers to fuzzy_control.o(i._ZN7Gaussmf10set_centerEf) for Gaussmf::set_center(float)
    fuzzy_control.o(.text) refers to kservice.o(.text) for rt_kprintf
    fuzzy_control.o(.text) refers to fuzzy_control.o(.data) for scop_fc_fuzzificat_i1
    fuzzy_control.o(.ARM.exidx) refers to fuzzy_control.o(.text) for .text
    excitation.o(.text) refers to sinf.o(i.__hardfp_sinf) for __hardfp_sinf
    excitation.o(.text) refers to excitation.o(.constdata) for log_w_table
    excitation.o(.text) refers to excitation.o(.data) for scop_excitation_freq
    excitation.o(.ARM.exidx) refers to excitation.o(.text) for .text
    directionalign.o(.text) refers to pid.o(i._ZN9AP_ParamTIfL11ap_var_type4EEC1Ev) for AP_ParamT<float, (ap_var_type)4>::AP_ParamT()
    directionalign.o(.text) refers to attitudecontrol.o(t._ZN7Vector3IfEC1Ev) for Vector3<float>::Vector3()
[...]
    scop_dcm_angle_tsz                       0x20002634   Data           4  att2mot.o(.data)
    scop_dcm_angle_lsz                       0x20002638   Data           4  att2mot.o(.data)
    js_sx                                    0x2000263c   Data           4  att2mot.o(.data)
    js_sy                                    0x20002640   Data           4  att2mot.o(.data)
    js_sz                                    0x20002644   Data           4  att2mot.o(.data)
    js_vx                                    0x20002648   Data           4  att2mot.o(.data)
    js_vy                                    0x2000264c   Data           4  att2mot.o(.data)
    js_vz                                    0x20002650   Data           4  att2mot.o(.data)
    js_vox                                   0x20002654   Data           4  att2mot.o(.data)
    js_voy                                   0x20002658   Data           4  att2mot.o(.data)
    js_voz                                   0x2000265c   Data           4  att2mot.o(.data)
    js_speed_z                               0x20002660   Data           4  att2mot.o(.data)
    js_gyro_z                                0x20002664   Data           4  att2mot.o(.data)
    scop_tr_temp                             0x20002668   Data           4  att2mot.o(.data)
    scop_tr_k                                0x2000266c   Data           4  att2mot.o(.data)
    scop_tr_angle                            0x20002670   Data           4  att2mot.o(.data)
    scop_tr_d                                0x20002674   Data           4  att2mot.o(.data)
    scop_tr_d_                               0x20002678   Data           4  att2mot.o(.data)
    scop_tr_set                              0x2000267c   Data           4  att2mot.o(.data)
    gpioa                                    0x20002718   Data          12  gpio.o(.data)
    _GPIOA                                   0x20002724   Data           4  gpio.o(.data)
    gpiob                                    0x20002728   Data          12  gpio.o(.data)
    _GPIOB                                   0x20002734   Data           4  gpio.o(.data)
    gpioc                                    0x20002738   Data          12  gpio.o(.data)
    _GPIOC                                   0x20002744   Data           4  gpio.o(.data)
    gpiod                                    0x20002748   Data          12  gpio.o(.data)
    _GPIOD                                   0x20002754   Data           4  gpio.o(.data)
    gpioe                                    0x20002758   Data          12  gpio.o(.data)
    _GPIOE                                   0x20002764   Data           4  gpio.o(.data)
    TIMER1                                   0x200027b0   Data           4  stm32f40x_timer.o(.data)
    TIMER2                                   0x200027e8   Data           4  stm32f40x_timer.o(.data)
    TIMER3                                   0x20002820   Data           4  stm32f40x_timer.o(.data)
    TIMER4                                   0x20002858   Data           4  stm32f40x_timer.o(.data)
    TIMER5                                   0x20002890   Data           4  stm32f40x_timer.o(.data)
    TIMER6                                   0x200028c8   Data           4  stm32f40x_timer.o(.data)
    TIMER7                                   0x20002900   Data           4  stm32f40x_timer.o(.data)
    TIMER8                                   0x20002938   Data           4  stm32f40x_timer.o(.data)
    uart1                                    0x2000293c   Data           8  usart.o(.data)
    uart3                                    0x20002944   Data           8  usart.o(.data)
    uart6                                    0x2000294c   Data           8  usart.o(.data)
    rx_data                                  0x20002978   Data           4  stm32f4xx_sd.o(.data)
    working_directory                        0x2000297c   Data         256  dfs.o(.data)
    rt_interrupt_from_thread                 0x20002a7c   Data           4  cpuport.o(.data)
    rt_interrupt_to_thread                   0x20002a80   Data           4  cpuport.o(.data)
    rt_thread_switch_interrupt_flag          0x20002a84   Data           4  cpuport.o(.data)
    SystemCoreClock                          0x20002a9c   Data           4  system_stm32f4xx.o(.data)
    AHBPrescTable                            0x20002aa0   Data          16  system_stm32f4xx.o(.data)
    rt_interrupt_nest                        0x20002ab8   Data           1  irq.o(.data)
    rt_assert_hook                           0x20002ac4   Data           4  kservice.o(.data)
    rt_object_container                      0x20002ae8   Data         144  object.o(.data)
    rt_object_trytake_hook                   0x20002b80   Data           4  object.o(.data)
    rt_object_take_hook                      0x20002b84   Data           4  object.o(.data)
    rt_object_put_hook                       0x20002b88   Data           4  object.o(.data)
    rt_current_thread                        0x20002b90   Data           4  scheduler_1.o(.data)
    rt_current_priority                      0x20002b94   Data           1  scheduler_1.o(.data)
    rt_thread_ready_priority_group           0x20002b98   Data           4  scheduler_1.o(.data)
    rt_thread_defunct                        0x20002b9c   Data           8  scheduler_1.o(.data)
    scop_ringsize                            0x20002bc0   Data           4  ringbuffer_1.o(.data)
    finsh_compile_sp                         0x20002be0   Data           4  finsh_compiler.o(.data)
    finsh_compile_pc                         0x20002be4   Data           4  finsh_compiler.o(.data)
    global_errno                             0x20002be8   Data           1  finsh_error.o(.data)
    global_sysvar_list                       0x20002c30   Data           4  finsh_var.o(.data)
    finsh_sp                                 0x20002c34   Data           4  finsh_vm.o(.data)
    finsh_pc                                 0x20002c38   Data           4  finsh_vm.o(.data)
    global_syscall_list                      0x20002c3c   Data           4  finsh_vm.o(.data)
    shell                                    0x20002c40   Data           4  shell.o(.data)
    _syscall_table_begin                     0x20002c44   Data           4  symbol.o(.data)
    _syscall_table_end                       0x20002c48   Data           4  symbol.o(.data)
    _sysvar_table_begin                      0x20002c4c   Data           4  symbol.o(.data)
    _sysvar_table_end                        0x20002c50   Data           4  symbol.o(.data)
    kf_gyrox                                 0x20002d5c   Data          32  attitude.o(.bss)
    bmm150                                   0x20002d88   Data          32  bmm150.o(.bss)
    sOFiles                                  0x20003834   Data          24  e2pfs.o(.bss)
    sEEDMA_InitStructure                     0x20003870   Data          60  eeprom.o(.bss)
    gimbal                                   0x200038ac   Data       32732  gimbal.o(.bss)
    Scheduler::Sys_Event                     0x2000b8ac   Data          32  scheduler.o(.bss)
    kf                                       0x2000b8cc   Data          32  att2mot.o(.bss)
    bxcan1                                   0x2000b97c   Data         256  bxcan.o(.bss)
    PIN_MAP                                  0x2000ba7c   Data        1600  gpio.o(.bss)
    DMA_TX_InitStructure                     0x2000c100   Data          60  stm32_hw_spi.o(.bss)
    DMA_RX_InitStructure                     0x2000c13c   Data          60  stm32_hw_spi.o(.bss)
    serial1                                  0x2000c178   Data          84  usart.o(.bss)
    serial3                                  0x2000c1cc   Data          84  usart.o(.bss)
    serial6                                  0x2000c220   Data          84  usart.o(.bss)
    SDIO_InitStructure                       0x2000c4b8   Data          24  stm32f4xx_sd.o(.bss)
    SDIO_CmdInitStructure                    0x2000c4d0   Data          20  stm32f4xx_sd.o(.bss)
    SDIO_DataInitStructure                   0x2000c4e4   Data          24  stm32f4xx_sd.o(.bss)
    rx_buf                                   0x2000c500   Data        4096  stm32f4xx_sd.o(.bss)
    filesystem_operation_table               0x2000d500   Data          16  dfs.o(.bss)
    filesystem_table                         0x2000d510   Data          32  dfs.o(.bss)
    fd_table                                 0x2000d554   Data         128  dfs.o(.bss)
    rt_thread_priority_table                 0x2000dc18   Data         256  scheduler_1.o(.bss)
    finsh_heap                               0x2000e258   Data         128  finsh_heap.o(.bss)
    global_node_table                        0x2000e2d8   Data         320  finsh_node.o(.bss)
    global_variable                          0x2000e418   Data         192  finsh_var.o(.bss)
    finsh_vm_stack                           0x2000e4d8   Data         256  finsh_vm.o(.bss)
    text_segment                             0x2000e5d8   Data         128  finsh_vm.o(.bss)
    __libspace_start                         0x2000eed8   Data          96  libspace.o(.bss)
    __temporary_stack_top$libspace           0x2000ef38   Data           0  libspace.o(.bss)
    Image$$RW_IRAM1$$ZI$$Limit               0x20015f38   Number         0  anon$$obj.o ABSOLUTE



==============================================================================

Memory Map of the image

  Image Entry point : 0x08000189

  Load Region LR_IROM1 (Base: 0x08000000, Size: 0x0004e49c, Max: 0x00100000, ABSOLUTE, COMPRESSED[0x0004bdd0])

    Execution Region ER_IROM1 (Exec base: 0x08000000, Load base: 0x08000000, Size: 0x0004b77c, Max: 0x00100000, ABSOLUTE)

    Exec Addr    Load Addr    Size         Type   Attr      Idx    E Section Name        Object

    0x08000000   0x08000000   0x00000188   Data   RO         4845    RESET               startup_stm32f4xx.o
    0x08000188   0x08000188   0x00000008   Code   RO         6910  * !!!main             c_w.l(__main.o)
    0x08000190   0x08000190   0x00000034   Code   RO         7685    !!!scatter          c_w.l(__scatter.o)
    0x080001c4   0x080001c4   0x00000064   Code   RO         7683    !!dclz77c           c_w.l(__dclz77c.o)
    0x08000228   0x08000228   0x0000001c   Code   RO         7687    !!handler_zi        c_w.l(__scatter_zi.o)
    0x08000244   0x08000244   0x00000002   Code   RO         7629    .ARM.Collect$$libinit$$00000000  c_w.l(libinit.o)
    0x08000246   0x08000246   0x00000004   Code   RO         7337    .ARM.Collect$$libinit$$00000001  c_w.l(libinit2.o)
    0x0800024a   0x0800024a   0x00000000   Code   RO         7340    .ARM.Collect$$libinit$$00000004  c_w.l(libinit2.o)
    0x0800024a   0x0800024a   0x00000008   Code   RO         7341    .ARM.Collect$$libinit$$00000005  c_w.l(libinit2.o)
    0x08000252   0x08000252   0x00000000   Code   RO         7343    .ARM.Collect$$libinit$$0000000A  c_w.l(libinit2.o)
    0x08000252   0x08000252   0x00000000   Code   RO         7345    .ARM.Collect$$libinit$$0000000C  c_w.l(libinit2.o)
    0x08000252   0x08000252   0x00000000   Code   RO         7347    .ARM.Collect$$libinit$$0000000E  c_w.l(libinit2.o)
    0x08000252   0x08000252   0x00000006   Code   RO         7348    .ARM.Collect$$libinit$$0000000F  c_w.l(libinit2.o)
    0x08000258   0x08000258   0x00000000   Code   RO         7350    .ARM.Collect$$libinit$$00000011  c_w.l(libinit2.o)
    0x08000258   0x08000258   0x0000000c   Code   RO         7351    .ARM.Collect$$libinit$$00000012  c_w.l(libinit2.o)
    0x08000264   0x08000264   0x00000000   Code   RO         7352    .ARM.Collect$$libinit$$00000013  c_w.l(libinit2.o)
    0x08000264   0x08000264   0x00000000   Code   RO         7354    .ARM.Collect$$libinit$$00000015  c_w.l(libinit2.o)
    0x08000264   0x08000264   0x00000000   Code   RO         7356    .ARM.Collect$$libinit$$00000017  c_w.l(libinit2.o)
    0x08000264   0x08000264   0x00000000   Code   RO         7358    .ARM.Collect$$libinit$$00000019  c_w.l(libinit2.o)
    0x08000264   0x08000264   0x00000000   Code   RO         7360    .ARM.Collect$$libinit$$0000001B  c_w.l(libinit2.o)
    0x08000264   0x08000264   0x00000000   Code   RO         7362    .ARM.Collect$$libinit$$0000001D  c_w.l(libinit2.o)
    0x08000264   0x08000264   0x00000000   Code   RO         7364    .ARM.Collect$$libinit$$0000001F  c_w.l(libinit2.o)
    0x08000264   0x08000264   0x00000000   Code   RO         7366    .ARM.Collect$$libinit$$00000021  c_w.l(libinit2.o)
    0x08000264   0x08000264   0x00000000   Code   RO         7368    .ARM.Collect$$libinit$$00000023  c_w.l(libinit2.o)
    0x08000264   0x08000264   0x00000000   Code   RO         7370    .ARM.Collect$$libinit$$00000025  c_w.l(libinit2.o)
    0x08000264   0x08000264   0x00000000   Code   RO         7374    .ARM.Collect$$libinit$$0000002C  c_w.l(libinit2.o)
    0x08000264   0x08000264   0x00000000   Code   RO         7376    .ARM.Collect$$libinit$$0000002E  c_w.l(libinit2.o)
    0x08000264   0x08000264   0x00000000   Code   RO         7378    .ARM.Collect$$libinit$$00000030  c_w.l(libinit2.o)
    0x08000264   0x08000264   0x00000004   Code   RO         7379    .ARM.Collect$$libinit$$00000031  c_w.l(libinit2.o)
    0x08000268   0x08000268   0x00000000   Code   RO         7380    .ARM.Collect$$libinit$$00000032  c_w.l(libinit2.o)
    0x08000268   0x08000268   0x00000002   Code   RO         7381    .ARM.Collect$$libinit$$00000033  c_w.l(libinit2.o)
    0x0800026a   0x0800026a   0x00000002   Code   RO         7680    .ARM.Collect$$libshutdown$$00000000  c_w.l(libshutdown.o)
    0x0800026c   0x0800026c   0x00000006   Code   RO         7538    .ARM.Collect$$libshutdown$$00000001  c_w.l(libshutdown2.o)
    0x08000272   0x08000272   0x00000000   Code   RO         7539    .ARM.Collect$$libshutdown$$00000002  c_w.l(libshutdown2.o)
    0x08000272   0x08000272   0x00000000   Code   RO         7541    .ARM.Collect$$libshutdown$$00000004  c_w.l(libshutdown2.o)
    0x08000272   0x08000272   0x00000000   Code   RO         7544    .ARM.Collect$$libshutdown$$00000007  c_w.l(libshutdown2.o)
    0x08000272   0x08000272   0x00000000   Code   RO         7547    .ARM.Collect$$libshutdown$$0000000A  c_w.l(libshutdown2.o)
    0x08000272   0x08000272   0x00000000   Code   RO         7549    .ARM.Collect$$libshutdown$$0000000C  c_w.l(libshutdown2.o)
    0x08000272   0x08000272   0x00000000   Code   RO         7552    .ARM.Collect$$libshutdown$$0000000F  c_w.l(libshutdown2.o)
    0x08000272   0x08000272   0x00000002   Code   RO         7553    .ARM.Collect$$libshutdown$$00000010  c_w.l(libshutdown2.o)
    0x08000274   0x08000274   0x00000000   Code   RO         7285    .ARM.Collect$$rtentry$$00000000  c_w.l(__rtentry.o)
    0x08000274   0x08000274   0x00000000   Code   RO         7494    .ARM.Collect$$rtentry$$00000002  c_w.l(__rtentry2.o)
    0x08000274   0x08000274   0x00000006   Code   RO         7506    .ARM.Collect$$rtentry$$00000004  c_w.l(__rtentry4.o)
    0x0800027a   0x0800027a   0x00000000   Code   RO         7496    .ARM.Collect$$rtentry$$00000009  c_w.l(__rtentry2.o)
    0x0800027a   0x0800027a   0x00000004   Code   RO         7497    .ARM.Collect$$rtentry$$0000000A  c_w.l(__rtentry2.o)
    0x0800027e   0x0800027e   0x00000000   Code   RO         7499    .ARM.Collect$$rtentry$$0000000C  c_w.l(__rtentry2.o)
    0x0800027e   0x0800027e   0x00000008   Code   RO         7500    .ARM.Collect$$rtentry$$0000000D  c_w.l(__rtentry2.o)
    0x08000286   0x08000286   0x00000002   Code   RO         7643    .ARM.Collect$$rtexit$$00000000  c_w.l(rtexit.o)
    0x08000288   0x08000288   0x00000000   Code   RO         7656    .ARM.Collect$$rtexit$$00000002  c_w.l(rtexit2.o)
    0x08000288   0x08000288   0x00000004   Code   RO         7657    .ARM.Collect$$rtexit$$00000003  c_w.l(rtexit2.o)
    0x0800028c   0x0800028c   0x00000006   Code   RO         7658    .ARM.Collect$$rtexit$$00000004  c_w.l(rtexit2.o)
    0x08000292   0x08000292   0x00000002   PAD
    0x08000294   0x08000294   0x00000000   Code   RO         7517    .emb_text           c_w.l(maybetermalloc1.o)
    0x08000294   0x08000294   0x000012bc   Code   RO            3    .text               attitudecontrol.o
    0x08001550   0x08001550   0x00000414   Code   RO          470    .text               pid.o
    0x08001964   0x08001964   0x00000024   Code   RO          576    .text               p.o
    0x08001988   0x08001988   0x000002b4   Code   RO          619    .text               pd.o
    0x08001c3c   0x08001c3c   0x00000d40   Code   RO          647    .text               fuzzylogic.o
    0x0800297c   0x0800297c   0x000005fa   Code   RO          817    .text               fuzzy_control.o
    0x08002f76   0x08002f76   0x00000002   PAD
    0x08002f78   0x08002f78   0x0000012c   Code   RO          847    .text               excitation.o
    0x080030a4   0x080030a4   0x00000778   Code   RO          872    .text               directionalign.o
    0x0800381c   0x0800381c   0x00000438   Code   RO          929    .text               attitude.o
    0x08003c54   0x08003c54   0x00001f44   Code   RO         1086    .text               attitude_filter.o
    0x08005b98   0x08005b98   0x00000f80   Code   RO         1549    .text               mpu6500.o
    0x08006b18   0x08006b18   0x00000084   Code   RO         1619    .text               rotation.o
    0x08006b9c   0x08006b9c   0x0000195c   Code   RO         1680    .text               accelerometer_calibration.o
    0x080084f8   0x080084f8   0x000012dc   Code   RO         1890    .text               bmm050.o
    0x080097d4   0x080097d4   0x00000248   Code   RO         1925    .text               bmm150.o
    0x08009a1c   0x08009a1c   0x000005a4   Code   RO         1963    .text               accelcal.o
    0x08009fc0   0x08009fc0   0x00000de8   Code   RO         2018    .text               accelcalibrator.o
    0x0800ada8   0x0800ada8   0x00006ae0   Code   RO         2133    .text               dcm_ekf_imu.o
    0x08011888   0x08011888   0x00000048   Code   RO         2204    .text               notchfilter.o
    0x080118d0   0x080118d0   0x00004c4c   Code   RO         2254    .text               ap_smallekf.o
    0x0801651c   0x0801651c   0x0000004c   Code   RO         2352    .text               serial_com.o
    0x08016568   0x08016568   0x000016fc   Code   RO         2378    .text               can_com.o
    0x08017c64   0x08017c64   0x000005fc   Code   RO         2442    .text               mavlink_com.o
    0x08018260   0x08018260   0x0000046c   Code   RO         2482    .text               fast_uart.o
    0x080186cc   0x080186cc   0x00000590   Code   RO         2657    .text               ringbuffer.o
    0x08018c5c   0x08018c5c   0x00000c3c   Code   RO         2683    .text               parameter.o
    0x08019898   0x08019898   0x0000109c   Code   RO         2775    .text               e2pfs.o
    0x0801a934   0x0801a934   0x000000d4   Code   RO         2820    .text               e2pfs_port.o
    0x0801aa08   0x0801aa08   0x00000b44   Code   RO         2841    .text               eeprom.o
    0x0801b54c   0x0801b54c   0x00002520   Code   RO         2884    .text               gimbal.o
    0x0801da6c   0x0801da6c   0x000000c8   Code   RO         3216    .text               startup.o
    0x0801db34   0x0801db34   0x00000500   Code   RO         3236    .text               application.o
    0x0801e034   0x0801e034   0x00000218   Code   RO         3444    .text               time_measure.o
    0x0801e24c   0x0801e24c   0x00000354   Code   RO         3467    .text               timers.o
    0x0801e5a0   0x0801e5a0   0x00000114   Code   RO         3494    .text               bgc_param.o
    0x0801e6b4   0x0801e6b4   0x00000310   Code   RO         3595    .text               scheduler.o
    0x0801e9c4   0x0801e9c4   0x00000618   Code   RO         3667    .text               upper_control_interface.o
    0x0801efdc   0x0801efdc   0x0000025c   Code   RO         3699    .text               databox.o
    0x0801f238   0x0801f238   0x00002a0c   Code   RO         3726    .text               att2mot.o
    0x08021c44   0x08021c44   0x000000c8   Code   RO         3785    .text               board.o
    0x08021d0c   0x08021d0c   0x00000de4   Code   RO         3829    .text               bxcan.o
    0x08022af0   0x08022af0   0x000010ec   Code   RO         3859    .text               can.o
    0x08023bdc   0x08023bdc   0x00000d84   Code   RO         3882    .text               gpio.o
    0x08024960   0x08024960   0x0000010c   Code   RO         3904    .text               idle_thread.o
    0x08024a6c   0x08024a6c   0x00000204   Code   RO         3925    .text               led.o
    0x08024c70   0x08024c70   0x000005f8   Code   RO         3960    .text               spi_core.o
    0x08025268   0x08025268   0x00000284   Code   RO         3976    .text               spi_dev.o
    0x080254ec   0x080254ec   0x000003d0   Code   RO         3990    .text               stm32_hw_spi.o
    0x080258bc   0x080258bc   0x0000019c   Code   RO         4013    .text               stm32f4xx_it.o
    0x08025a58   0x08025a58   0x000006c4   Code   RO         4029    .text               stm32f40x_timer.o
    0x0802611c   0x0802611c   0x000003a0   Code   RO         4055    .text               usart.o
    0x080264bc   0x080264bc   0x000001c8   Code   RO         4080    .text               hardward_bus.o
    0x08026684   0x08026684   0x00000714   Code   RO         4104    .text               stm32f4xx_sd.o
    0x08026d98   0x08026d98   0x00000378   Code   RO         4148    .text               dfs.o
    0x08027110   0x08027110   0x000009c4   Code   RO         4182    .text               dfs_file.o
    0x08027ad4   0x08027ad4   0x000005f4   Code   RO         4209    .text               dfs_fs.o
    0x080280c8   0x080280c8   0x0000061c   Code   RO         4226    .text               dfs_posix.o
    0x080286e4   0x080286e4   0x00000190   Code   RO         4325    .text               cpuport.o
    0x08028874   0x08028874   0x0000010c   Code   RO         4341    .text               context_rvds.o
    0x08028980   0x08028980   0x000001ec   Code   RO         4346    .text               misc.o
    0x08028b6c   0x08028b6c   0x00001134   Code   RO         4378    .text               stm32f4xx_can.o
    0x08029ca0   0x08029ca0   0x000013cc   Code   RO         4522    .text               stm32f4xx_dma.o
    0x0802b06c   0x0802b06c   0x00000916   Code   RO         4586    .text               stm32f4xx_gpio.o
    0x0802b982   0x0802b982   0x00000002   PAD
    0x0802b984   0x0802b984   0x00000da8   Code   RO         4650    .text               stm32f4xx_i2c.o
    0x0802c72c   0x0802c72c   0x00000d78   Code   RO         4698    .text               stm32f4xx_rcc.o
    0x0802d4a4   0x0802d4a4   0x0000065c   Code   RO         4748    .text               stm32f4xx_sdio.o
    0x0802db00   0x0802db00   0x00000bc8   Code   RO         4764    .text               stm32f4xx_spi.o
    0x0802e6c8   0x0802e6c8   0x00003294   Code   RO         4796    .text               stm32f4xx_tim.o
    0x0803195c   0x0803195c   0x00000eb4   Code   RO         4812    .text               stm32f4xx_usart.o
    0x08032810   0x08032810   0x00000040   Code   RO         4846    .text               startup_stm32f4xx.o
    0x08032850   0x08032850   0x0000020c   Code   RO         4851    .text               system_stm32f4xx.o
    0x08032a5c   0x08032a5c   0x00000064   Code   RO         4872    .text               clock.o
    0x08032ac0   0x08032ac0   0x00000324   Code   RO         4892    .text               device.o
    0x08032de4   0x08032de4   0x00000134   Code   RO         4906    .text               idle.o
    0x08032f18   0x08032f18   0x00001648   Code   RO         4926    .text               ipc.o
    0x08034560   0x08034560   0x00000048   Code   RO         4943    .text               irq.o
    0x080345a8   0x080345a8   0x00000a0c   Code   RO         4958    .text               kservice.o
    0x08034fb4   0x08034fb4   0x00000868   Code   RO         4978    .text               mem.o
    0x0803581c   0x0803581c   0x000002dc   Code   RO         5028    .text               object.o
    0x08035af8   0x08035af8   0x000002e0   Code   RO         5047    .text               scheduler_1.o
    0x08035dd8   0x08035dd8   0x0000059c   Code   RO         5074    .text               thread.o
    0x08036374   0x08036374   0x000005b8   Code   RO         5091    .text               timer.o
    0x0803692c   0x0803692c   0x000001c8   Code   RO         5111    .text               completion.o
    0x08036af4   0x08036af4   0x00000414   Code   RO         5127    .text               dataqueue.o
    0x08036f08   0x08036f08   0x000004a0   Code   RO         5178    .text               ringbuffer_1.o
    0x080373a8   0x080373a8   0x00000880   Code   RO         5216    .text               serial.o
    0x08037c28   0x08037c28   0x00000594   Code   RO         5229    .text               block_dev.o
    0x080381bc   0x080381bc   0x0000094c   Code   RO         5246    .text               mmc.o
    0x08038b08   0x08038b08   0x0000089c   Code   RO         5272    .text               mmcsd_core.o
    0x080393a4   0x080393a4   0x00000a34   Code   RO         5302    .text               sd.o
    0x08039dd8   0x08039dd8   0x000015f4   Code   RO         5326    .text               sdio.o
    0x0803b3cc   0x0803b3cc   0x00000bc8   Code   RO         5345    .text               cmd.o
    0x0803bf94   0x0803bf94   0x00001818   Code   RO         5380    .text               finsh_compiler.o
    0x0803d7ac   0x0803d7ac   0x0000002c   Code   RO         5417    .text               finsh_error.o
    0x0803d7d8   0x0803d7d8   0x00000210   Code   RO         5433    .text               finsh_heap.o
    0x0803d9e8   0x0803d9e8   0x00000058   Code   RO         5449    .text               finsh_init.o
    0x0803da40   0x0803da40   0x00000184   Code   RO         5467    .text               finsh_node.o
    0x0803dbc4   0x0803dbc4   0x00000adc   Code   RO         5482    .text               finsh_ops.o
    0x0803e6a0   0x0803e6a0   0x0000097c   Code   RO         5500    .text               finsh_parser.o
    0x0803f01c   0x0803f01c   0x00000658   Code   RO         5515    .text               finsh_token.o
    0x0803f674   0x0803f674   0x0000019c   Code   RO         5530    .text               finsh_var.o
    0x0803f810   0x0803f810   0x000000e4   Code   RO         5553    .text               finsh_vm.o
    0x0803f8f4   0x0803f8f4   0x000009c4   Code   RO         5602    .text               shell.o
    0x080402b8   0x080402b8   0x0000008c   Code   RO         5638    .text               ap_math.o
    0x08040344   0x08040344   0x00000d94   Code   RO         5738    .text               location.o
    0x080410d8   0x080410d8   0x00001038   Code   RO         5811    .text               matrix_alg.o
    0x08042110   0x08042110   0x00000d80   Code   RO         6095    .text               quaternion.o
    0x08042e90   0x08042e90   0x0000005c   Code   RO         6283    .text               vector3.o
    0x08042eec   0x08042eec   0x00000028   Code   RO         6615    .text               arm_fir_init_f32.o
    0x08042f14   0x08042f14   0x00000174   Code   RO         6644    .text               fir.o
    0x08043088   0x08043088   0x00000714   Code   RO         6676    .text               arm_fir_f32.o
    0x0804379c   0x0804379c   0x000000fc   Code   RO         6692    .text               fir_vec3f.o
    0x08043898   0x08043898   0x000000f8   Code   RO         6745    .text               arm_cortexM4lf_math.lib(arm_mat_mult_f32.o)
    0x08043990   0x08043990   0x00000098   Code   RO         6790    .text               arm_cortexM4lf_math.lib(arm_mat_trans_f32.o)
    0x08043a28   0x08043a28   0x00000028   Code   RO         6814    .text               c_w.l(calloc.o)
    0x08043a50   0x08043a50   0x0000005e   Code   RO         6816    .text               c_w.l(h1_alloc.o)
    0x08043aae   0x08043aae   0x0000004e   Code   RO         6818    .text               c_w.l(h1_free.o)
    0x08043afc   0x08043afc   0x0000001a   Code   RO         6874    .text               c_w.l(atoi.o)
    0x08043b16   0x08043b16   0x0000002e   Code   RO         6879    .text               c_w.l(aeabi_atexit.o)
    0x08043b44   0x08043b44   0x00000080   Code   RO         6882    .text               c_w.l(assert.o)
    0x08043bc4   0x08043bc4   0x0000002a   Code   RO         6884    .text               c_w.l(strcasecmp.o)
    0x08043bee   0x08043bee   0x00000016   Code   RO         6886    .text               c_w.l(strrchr.o)
    0x08043c04   0x08043c04   0x0000003e   Code   RO         6888    .text               c_w.l(strlen.o)
    0x08043c42   0x08043c42   0x00000096   Code   RO         6890    .text               c_w.l(strncmp.o)
    0x08043cd8   0x08043cd8   0x00000018   Code   RO         6892    .text               c_w.l(strcat.o)
    0x08043cf0   0x08043cf0   0x0000008a   Code   RO         6894    .text               c_w.l(rt_memcpy_v6.o)
    0x08043d7a   0x08043d7a   0x00000064   Code   RO         6896    .text               c_w.l(rt_memcpy_w.o)
    0x08043dde   0x08043dde   0x00000044   Code   RO         6898    .text               c_w.l(rt_memclr.o)
    0x08043e22   0x08043e22   0x0000004e   Code   RO         6900    .text               c_w.l(rt_memclr_w.o)
    0x08043e70   0x08043e70   0x00000056   Code   RO         6902    .text               c_w.l(strncpy.o)
    0x08043ec6   0x08043ec6   0x00000002   PAD
    0x08043ec8   0x08043ec8   0x00000080   Code   RO         6904    .text               c_w.l(strcmpv7m.o)
    0x08043f48   0x08043f48   0x00000006   Code   RO         6908    .text               c_w.l(heapauxi.o)
    0x08043f4e   0x08043f4e   0x00000002   PAD
    0x08043f50   0x08043f50   0x00000024   Code   RO         6915    .text               c_w.l(init_aeabi.o)
    0x08043f74   0x08043f74   0x00000008   Code   RO         7289    .text               c_w.l(rt_heap_descriptor_intlibspace.o)
    0x08043f7c   0x08043f7c   0x00000008   Code   RO         7294    .text               c_w.l(rt_ddtor_pointer_addr_intlibspace.o)
    0x08043f84   0x08043f84   0x00000008   Code   RO         7299    .text               c_w.l(rt_errno_addr_intlibspace.o)
    0x08043f8c   0x08043f8c   0x00000004   Code   RO         7301    .text               c_w.l(hguard.o)
    0x08043f90   0x08043f90   0x0000008a   Code   RO         7303    .text               c_w.l(init_alloc.o)
    0x0804401a   0x0804401a   0x0000000e   Code   RO         7307    .text               c_w.l(h1_init.o)
    0x08044028   0x08044028   0x00000016   Code   RO         7321    .text               c_w.l(_rserrno.o)
    0x0804403e   0x0804403e   0x0000001a   Code   RO         7323    .text               c_w.l(tolower.o)
    0x08044058   0x08044058   0x00000070   Code   RO         7325    .text               c_w.l(strtol.o)
    0x080440c8   0x080440c8   0x00000016   Code   RO         7327    .text               c_w.l(abort.o)
    0x080440de   0x080440de   0x00000042   Code   RO         7329    .text               c_w.l(cxa_finalize.o)
    0x08044120   0x08044120   0x00000014   Code   RO         7332    .text               c_w.l(assert_puts.o)
    0x08044134   0x08044134   0x0000000e   Code   RO         7484    .text               c_w.l(sys_wrch.o)
    0x08044142   0x08044142   0x00000002   PAD
    0x08044144   0x08044144   0x0000000c   Code   RO         7488    .text               c_w.l(sys_exit.o)
    0x08044150   0x08044150   0x00000008   Code   RO         7490    .text               c_w.l(libspace.o)
    0x08044158   0x08044158   0x00000010   Code   RO         7508    .text               c_w.l(rt_ctype_table.o)
    0x08044168   0x08044168   0x00000008   Code   RO         7513    .text               c_w.l(rt_new_handler_addr_intlibspace.o)
    0x08044170   0x08044170   0x00000034   Code   RO         7519    .text               c_w.l(h1_extend.o)
    0x080441a4   0x080441a4   0x0000009e   Code   RO         7523    .text               c_w.l(_strtoul.o)
    0x08044242   0x08044242   0x0000000e   Code   RO         7525    .text               c_w.l(defsig_abrt_outer.o)
    0x08044250   0x08044250   0x0000000e   Code   RO         7529    .text               c_w.l(defsig_rtmem_outer.o)
    0x0804425e   0x0804425e   0x00000004   Code   RO         7557    .text               cpprt_w.l(arm_newhandler_noexceptions.o)
    0x08044262   0x08044262   0x0000001a   Code   RO         7573    .text               cpprt_w.l(arm_exceptions_terminate.o)
    0x0804427c   0x0804427c   0x00000050   Code   RO         7580    .text               cpprt_w.l(arm_exceptions_globs.o)
    0x080442cc   0x080442cc   0x00000002   Code   RO         7588    .text               c_w.l(use_no_semi.o)
    0x080442ce   0x080442ce   0x00000000   Code   RO         7590    .text               c_w.l(indicate_semi.o)
    0x080442ce   0x080442ce   0x0000004a   Code   RO         7591    .text               c_w.l(sys_stackheap_outer.o)
    0x08044318   0x08044318   0x00000008   Code   RO         7598    .text               c_w.l(rt_locale_intlibspace.o)
    0x08044320   0x08044320   0x00000008   Code   RO         7603    .text               c_w.l(rt_eh_globals_addr_intlibspace.o)
    0x08044328   0x08044328   0x0000001c   Code   RO         7607    .text               c_w.l(_chval.o)
    0x08044344   0x08044344   0x00000012   Code   RO         7612    .text               c_w.l(exit.o)
    0x08044356   0x08044356   0x0000000a   Code   RO         7614    .text               c_w.l(defsig_exit.o)
    0x08044360   0x08044360   0x00000030   Code   RO         7616    .text               c_w.l(defsig_abrt_inner.o)
    0x08044390   0x08044390   0x00000050   Code   RO         7618    .text               c_w.l(defsig_rtmem_inner.o)
    0x080443e0   0x080443e0   0x0000003c   Code   RO         7633    .text               cpprt_w.l(arm_exceptions_mem.o)
    0x0804441c   0x0804441c   0x00000032   Code   RO         7653    .text               c_w.l(defsig_general.o)
    0x0804444e   0x0804444e   0x00000002   PAD
    0x08044450   0x08044450   0x00000020   Code   RO         2280    i._ZN10QuaternionC1Ev  ap_smallekf.o
    0x08044470   0x08044470   0x0000000a   Code   RO         2286    i._ZN10QuaternionixEh  ap_smallekf.o
    0x0804447a   0x0804447a   0x00000012   Code   RO         2940    i._ZN10Time_pointC1Ev  gimbal.o
    0x0804448c   0x0804448c   0x0000003e   Code   RO         2916    i._ZN14DirectionAlign19align_enc_directionEP7Vector3IfE  gimbal.o
    0x080444ca   0x080444ca   0x00000020   Code   RO         2988    i._ZN14DirectionAlign9not_alignEv  gimbal.o
    0x080444ea   0x080444ea   0x00000006   Code   RO         2970    i._ZN15FuzzyController6get_keEv  gimbal.o
    0x080444f0   0x080444f0   0x00000006   Code   RO         2952    i._ZN15FuzzyController6set_keEf  gimbal.o
    0x080444f6   0x080444f6   0x00000006   Code   RO         2976    i._ZN15FuzzyController7get_kceEv  gimbal.o
    0x080444fc   0x080444fc   0x00000006   Code   RO         2958    i._ZN15FuzzyController7set_kceEf  gimbal.o
    0x08044502   0x08044502   0x00000006   Code   RO         2982    i._ZN15FuzzyController8get_koutEv  gimbal.o
    0x08044508   0x08044508   0x00000006   Code   RO         2964    i._ZN15FuzzyController8set_koutEf  gimbal.o
    0x0804450e   0x0804450e   0x00000002   PAD
    0x08044510   0x08044510   0x000000d4   Code   RO         2910    i._ZN18AC_AttitudeControlC1ER8AttitudeR5AC_PDS3_S3_R6AC_PIDS5_S5_  gimbal.o
    0x080445e4   0x080445e4   0x000000ca   Code   RO         1637    i._ZN4math6MatrixILj3ELj3EE10from_eulerEfff  rotation.o
    0x080446ae   0x080446ae   0x00000002   PAD
    0x080446b0   0x080446b0   0x00000020   Code   RO         1714    i._ZN4math6MatrixILj3ELj3EEC1Ev  accelerometer_calibration.o
    0x080446d0   0x080446d0   0x00000004   Code   RO         1738    i._ZN4math6MatrixILj3ELj3EED1Ev  accelerometer_calibration.o
    0x080446d4   0x080446d4   0x00000038   Code   RO         1708    i._ZN4math6VectorILj3EEC1EPKf  accelerometer_calibration.o
    0x0804470c   0x0804470c   0x00000004   Code   RO         1741    i._ZN4math6VectorILj3EED1Ev  accelerometer_calibration.o
    0x08044710   0x08044710   0x00000016   Code   RO         2934    i._ZN6AC_PID4imaxEf  gimbal.o
    0x08044726   0x08044726   0x0000003c   Code   RO         2994    i._ZN6GimbalD1Ev    gimbal.o
    0x08044762   0x08044762   0x00000006   Code   RO          833    i._ZN7Gaussmf10set_centerEf  fuzzy_control.o
    0x08044768   0x08044768   0x00000240   Code   RO         2904    i._ZN8AttitudeC1ER8MadgwickR10MahonyAHRSR7DCM_EKFR7MPU6500R6BMM150S7_R8AccelCalR15AccelCalibrator  gimbal.o
    0x080449a8   0x080449a8   0x00000004   Code   RO          494    i._ZN9AP_ParamTIfL11ap_var_type4EEC1Ev  pid.o
    0x080449ac   0x080449ac   0x000000f8   Code   RO         2946    i._ZN9BGC_PARAMC1Ev  gimbal.o
    0x08044aa4   0x08044aa4   0x00000006   Code   RO         1978    i._ZNK15AccelCalibrator10get_statusEv  accelcal.o
    0x08044aaa   0x08044aaa   0x00000002   PAD
    0x08044aac   0x08044aac   0x000000b0   Code   RO         1702    i._ZNK4math6MatrixILj3ELj3EEmlERKNS_6VectorILj3EEE  accelerometer_calibration.o
    0x08044b5c   0x08044b5c   0x0000000c   Code   RO           43    i._ZNK6AC_PID2kDEv  attitudecontrol.o
    0x08044b68   0x08044b68   0x0000000a   Code   RO           37    i._ZNK6AC_PID2kPEv  attitudecontrol.o
    0x08044b72   0x08044b72   0x0000000c   Code   RO         2922    i._ZNK6AC_PID4imaxEv  gimbal.o
    0x08044b7e   0x08044b7e   0x0000000c   Code   RO         2928    i._ZNK6AC_PID7filt_hzEv  gimbal.o
    0x08044b8a   0x08044b8a   0x0000000a   Code   RO         1732    i._ZSt3absf         accelerometer_calibration.o
    0x08044b94   0x08044b94   0x00000018   Code   RO         3747    i._ZSt3cosf         att2mot.o
    0x08044bac   0x08044bac   0x00000018   Code   RO          661    i._ZSt3expf         fuzzylogic.o
    0x08044bc4   0x08044bc4   0x00000018   Code   RO         3753    i._ZSt3sinf         att2mot.o
    0x08044bdc   0x08044bdc   0x00000020   Code   RO         5760    i._ZSt4fmodff       location.o
    0x08044bfc   0x08044bfc   0x00000018   Code   RO         1726    i._ZSt4sqrtf        accelerometer_calibration.o
    0x08044c14   0x08044c14   0x00000020   Code   RO         2157    i._ZSt5atan2ff      dcm_ekf_imu.o
    0x08044c34   0x08044c34   0x00000008   Code   RO         6918    i._ZdaPv            cpprt_w.l(array_del.o)
    0x08044c3c   0x08044c3c   0x00000008   Code   RO         6925    i._ZdlPv            cpprt_w.l(delete.o)
    0x08044c44   0x08044c44   0x00000008   Code   RO         6921    i._Znaj             cpprt_w.l(array_new.o)
    0x08044c4c   0x08044c4c   0x00000028   Code   RO         7382    i._Znwj             cpprt_w.l(new.o)
    0x08044c74   0x08044c74   0x00000030   Code   RO         7449    i.__ARM_fpclassify  m_wm.l(fpclassify.o)
    0x08044ca4   0x08044ca4   0x00000026   Code   RO         7451    i.__ARM_fpclassifyf  m_wm.l(fpclassifyf.o)
    0x08044cca   0x08044cca   0x00000012   Code   RO          488    i.__ARM_isfinitef   pid.o
    0x08044cdc   0x08044cdc   0x0000000e   Code   RO         5654    i.__ARM_isnanf      ap_math.o
    0x08044cea   0x08044cea   0x00000024   Code   RO         7040    i.__aeabi_vec_ctor_nocookie_nodtor  cpprt_w.l(aeabi_vec_ctor_nocookie_nodtor.o)
    0x08044d0e   0x08044d0e   0x00000010   Code   RO         6928    i.__cxa_guard_acquire  cpprt_w.l(cxa_guard_acquire.o)
    0x08044d1e   0x08044d1e   0x00000002   PAD
    0x08044d20   0x08044d20   0x00000118   Code   RO         7077    i.__hardfp_acosf    m_wm.l(acosf.o)
    0x08044e38   0x08044e38   0x0000012c   Code   RO         7089    i.__hardfp_asinf    m_wm.l(asinf.o)
    0x08044f64   0x08044f64   0x00000004   PAD
    0x08044f68   0x08044f68   0x000002d8   Code   RO         7101    i.__hardfp_atan     m_wm.l(atan.o)
    0x08045240   0x08045240   0x000001f0   Code   RO         7115    i.__hardfp_atan2    m_wm.l(atan2.o)
    0x08045430   0x08045430   0x00000250   Code   RO         7127    i.__hardfp_atan2f   m_wm.l(atan2f.o)
    0x08045680   0x08045680   0x00000016   Code   RO         5754    i.__hardfp_copysign  location.o
    0x08045696   0x08045696   0x00000002   PAD
    0x08045698   0x08045698   0x000000c8   Code   RO         7139    i.__hardfp_cos      m_wm.l(cos.o)
    0x08045760   0x08045760   0x00000150   Code   RO         7151    i.__hardfp_cosf     m_wm.l(cosf.o)
    0x080458b0   0x080458b0   0x000001e8   Code   RO         7163    i.__hardfp_expf     m_wm.l(expf.o)
    0x08045a98   0x08045a98   0x00000014   Code   RO         7177    i.__hardfp_fabs     m_wm.l(fabs.o)
    0x08045aac   0x08045aac   0x000000b0   Code   RO         7183    i.__hardfp_fmodf    m_wm.l(fmodf.o)
    0x08045b5c   0x08045b5c   0x0000016c   Code   RO         7195    i.__hardfp_logf     m_wm.l(logf.o)
    0x08045cc8   0x08045cc8   0x00000664   Code   RO         7209    i.__hardfp_powf     m_wm.l(powf.o)
    0x0804632c   0x0804632c   0x00000004   PAD
    0x08046330   0x08046330   0x000000c8   Code   RO         7223    i.__hardfp_sin      m_wm.l(sin.o)
    0x080463f8   0x080463f8   0x00000190   Code   RO         7235    i.__hardfp_sinf     m_wm.l(sinf.o)
    0x08046588   0x08046588   0x0000007a   Code   RO         7247    i.__hardfp_sqrt     m_wm.l(sqrt.o)
    0x08046602   0x08046602   0x0000003a   Code   RO         7259    i.__hardfp_sqrtf    m_wm.l(sqrtf.o)
    0x0804663c   0x0804663c   0x0000017c   Code   RO         7271    i.__hardfp_tanf     m_wm.l(tanf.o)
    0x080467b8   0x080467b8   0x00000438   Code   RO         7470    i.__ieee754_rem_pio2  m_wm.l(rred.o)
    0x08046bf0   0x08046bf0   0x00000170   Code   RO         7432    i.__kernel_cos      m_wm.l(cos_i.o)
    0x08046d60   0x08046d60   0x000000f8   Code   RO         7467    i.__kernel_poly     m_wm.l(poly.o)
    0x08046e58   0x08046e58   0x00000130   Code   RO         7478    i.__kernel_sin      m_wm.l(sin_i.o)
    0x08046f88   0x08046f88   0x00000014   Code   RO         7436    i.__mathlib_dbl_infnan  m_wm.l(dunder.o)
    0x08046f9c   0x08046f9c   0x00000014   Code   RO         7437    i.__mathlib_dbl_infnan2  m_wm.l(dunder.o)
    0x08046fb0   0x08046fb0   0x00000020   Code   RO         7438    i.__mathlib_dbl_invalid  m_wm.l(dunder.o)
    0x08046fd0   0x08046fd0   0x00000020   Code   RO         7441    i.__mathlib_dbl_underflow  m_wm.l(dunder.o)
    0x08046ff0   0x08046ff0   0x00000014   Code   RO         7453    i.__mathlib_flt_divzero  m_wm.l(funder.o)
    0x08047004   0x08047004   0x00000006   Code   RO         7454    i.__mathlib_flt_infnan  m_wm.l(funder.o)
    0x0804700a   0x0804700a   0x00000006   Code   RO         7455    i.__mathlib_flt_infnan2  m_wm.l(funder.o)
    0x08047010   0x08047010   0x00000010   Code   RO         7456    i.__mathlib_flt_invalid  m_wm.l(funder.o)
    0x08047020   0x08047020   0x00000010   Code   RO         7457    i.__mathlib_flt_overflow  m_wm.l(funder.o)
    0x08047030   0x08047030   0x00000010   Code   RO         7459    i.__mathlib_flt_underflow  m_wm.l(funder.o)
    0x08047040   0x08047040   0x00000154   Code   RO         7475    i.__mathlib_rredf2  m_wm.l(rredf.o)
    0x08047194   0x08047194   0x00000010   Code   RO         7103    i.atan              m_wm.l(atan.o)
    0x080471a4   0x080471a4   0x00000018   Code   RO         7179    i.fabs              m_wm.l(fabs.o)
    0x080471bc   0x080471bc   0x0000003e   Code   RO         7261    i.sqrtf             m_wm.l(sqrtf.o)
    0x080471fa   0x080471fa   0x00000002   PAD
    0x080471fc   0x080471fc   0x0000002c   Code   RO         7610    locale$$code        c_w.l(lc_ctype_c.o)
    0x08047228   0x08047228   0x0000013c   Code   RO         2232    t._ZN11NotchFilterI7Vector3IfEE4initEffff  notchfilter.o
    0x08047364   0x08047364   0x00000024   Code   RO         1464    t._ZN15LowPassFilter2pI7Vector3IfEE20set_cutoff_frequencyEff  filter.o
    0x08047388   0x08047388   0x00000032   Code   RO         1470    t._ZN15LowPassFilter2pI7Vector3IfEEC1Eff  filter.o
    0x080473ba   0x080473ba   0x00000002   PAD
    0x080473bc   0x080473bc   0x000000c8   Code   RO         1452    t._ZN19DigitalBiquadFilterI7Vector3IfEE14compute_paramsEffRNS2_13biquad_paramsE  filter.o
    0x08047484   0x08047484   0x00000040   Code   RO         1434    t._ZN19DigitalBiquadFilterI7Vector3IfEEC1Ev  filter.o
    0x080474c4   0x080474c4   0x00000018   Code   RO         1696    t._ZN4math10VectorBaseILj3EEC1Ev  accelerometer_calibration.o
    0x080474dc   0x080474dc   0x000000ce   Code   RO         5907    t._ZN7Matrix3IfE13from_euler312Efff  matrix3.o
    0x080475aa   0x080475aa   0x00000116   Code   RO         5913    t._ZN7Matrix3IfE6rotateERK7Vector3IfE  matrix3.o
    0x080476c0   0x080476c0   0x00000020   Code   RO         5841    t._ZN7Matrix3IfEC1ERK7Vector3IfES4_S4_  matrix3.o
    0x080476e0   0x080476e0   0x00000078   Code   RO         2030    t._ZN7Matrix3IfEC1Efffffffff  accelcalibrator.o
    0x08047758   0x08047758   0x00000028   Code   RO         2274    t._ZN7Matrix3IfEC1Ev  ap_smallekf.o
    0x08047780   0x08047780   0x0000000e   Code   RO         2298    t._ZN7Matrix3IfEixEh  ap_smallekf.o
    0x0804778e   0x0804778e   0x0000006c   Code   RO         5847    t._ZN7Matrix3IfEpLERKS0_  matrix3.o
    0x080477fa   0x080477fa   0x0000000a   Code   RO         5772    t._ZN7Vector3IdEixEh  location.o
    0x08047804   0x08047804   0x00000018   Code   RO         2151    t._ZN7Vector3IfE4zeroEv  dcm_ekf_imu.o
    0x0804781c   0x0804781c   0x0000040e   Code   RO         6425    t._ZN7Vector3IfE6rotateE8Rotation  vector3.o
    0x08047c2a   0x08047c2a   0x0000000e   Code   RO         2036    t._ZN7Vector3IfEC1Efff  accelcalibrator.o
    0x08047c38   0x08047c38   0x00000018   Code   RO           49    t._ZN7Vector3IfEC1Ev  attitudecontrol.o
    0x08047c50   0x08047c50   0x0000000e   Code   RO          893    t._ZN7Vector3IfEclEfff  directionalign.o
    0x08047c5e   0x08047c5e   0x00000026   Code   RO         6371    t._ZN7Vector3IfEdVEf  vector3.o
    0x08047c84   0x08047c84   0x0000000a   Code   RO         2292    t._ZN7Vector3IfEixEh  ap_smallekf.o
    0x08047c8e   0x08047c8e   0x00000026   Code   RO         6365    t._ZN7Vector3IfEmLEf  vector3.o
    0x08047cb4   0x08047cb4   0x00000032   Code   RO         6353    t._ZN7Vector3IfEpLERKS0_  vector3.o
    0x08047ce6   0x08047ce6   0x0000000a   Code   RO         1566    t._ZN7Vector3IsEC1Ev  mpu6500.o
    0x08047cf0   0x08047cf0   0x0000000e   Code   RO         2048    t._ZN7VectorNIfLh9EE4zeroEv  accelcalibrator.o
    0x08047cfe   0x08047cfe   0x00000010   Code   RO         2054    t._ZN7VectorNIfLh9EEC1Ev  accelcalibrator.o
    0x08047d0e   0x08047d0e   0x00000008   Code   RO         2042    t._ZN7VectorNIfLh9EEixEh  accelcalibrator.o
    0x08047d16   0x08047d16   0x00000006   Code   RO         2716    t._ZN9AP_ParamTIaL11ap_var_type1EE3setERKa  parameter.o
    0x08047d1c   0x08047d1c   0x0000000a   Code   RO         2698    t._ZN9AP_ParamTIfL11ap_var_type4EE3setERKf  parameter.o
    0x08047d26   0x08047d26   0x0000000a   Code   RO           31    t._ZN9AP_ParamTIfL11ap_var_type4EEaSERKf  attitudecontrol.o
    0x08047d30   0x08047d30   0x00000006   Code   RO         2704    t._ZN9AP_ParamTIiL11ap_var_type3EE3setERKi  parameter.o
    0x08047d36   0x08047d36   0x00000006   Code   RO         2710    t._ZN9AP_ParamTIsL11ap_var_type2EE3setERKs  parameter.o
    0x08047d3c   0x08047d3c   0x00000022   Code   RO         1720    t._ZNK4math10MatrixBaseILj3ELj3EEmlILj3EEENS_6MatrixILj3EXT_EEERKNS3_ILj3EXT_EEE  accelerometer_calibration.o
    0x08047d5e   0x08047d5e   0x0000007c   Code   RO         5877    t._ZNK7Matrix3IfE10transposedEv  matrix3.o
    0x08047dda   0x08047dda   0x00000074   Code   RO         5901    t._ZNK7Matrix3IfE11to_euler312Ev  matrix3.o
    0x08047e4e   0x08047e4e   0x00000092   Code   RO         5853    t._ZNK7Matrix3IfEmlERK7Vector3IfE  matrix3.o
    0x08047ee0   0x08047ee0   0x000001a8   Code   RO         5871    t._ZNK7Matrix3IfEmlERKS0_  matrix3.o
    0x08048088   0x08048088   0x0000000a   Code   RO         5766    t._ZNK7Vector3IdEixEh  location.o
    0x08048092   0x08048092   0x00000022   Code   RO         6401    t._ZNK7Vector3IfE6lengthEv  vector3.o
    0x080480b4   0x080480b4   0x00000058   Code   RO         6347    t._ZNK7Vector3IfEdvEf  vector3.o
    0x0804810c   0x0804810c   0x0000004a   Code   RO         6335    t._ZNK7Vector3IfEmiERKS0_  vector3.o
    0x08048156   0x08048156   0x0000004c   Code   RO         6341    t._ZNK7Vector3IfEmlEf  vector3.o
    0x080481a2   0x080481a2   0x0000003c   Code   RO         6323    t._ZNK7Vector3IfEngEv  vector3.o
    0x080481de   0x080481de   0x0000004a   Code   RO         6329    t._ZNK7Vector3IfEplERKS0_  vector3.o
    0x08048228   0x08048228   0x0000006e   Code   RO         6395    t._ZNK7Vector3IfErmERKS0_  vector3.o
    0x08048296   0x08048296   0x00000018   Code   RO         7043    x$fpl$basic         fz_wm.l(basic.o)
    0x080482ae   0x080482ae   0x00000002   PAD
    0x080482b0   0x080482b0   0x00000062   Code   RO         7045    x$fpl$d2f           fz_wm.l(d2f.o)
    0x08048312   0x08048312   0x00000002   PAD
    0x08048314   0x08048314   0x00000150   Code   RO         7047    x$fpl$dadd          fz_wm.l(daddsub_clz.o)
    0x08048464   0x08048464   0x00000018   Code   RO         7415    x$fpl$dcmpinf       fz_wm.l(dcmpi.o)
    0x0804847c   0x0804847c   0x000002b0   Code   RO         7054    x$fpl$ddiv          fz_wm.l(ddiv.o)
    0x0804872c   0x0804872c   0x00000078   Code   RO         7057    x$fpl$deqf          fz_wm.l(deqf.o)
    0x080487a4   0x080487a4   0x0000005e   Code   RO         7059    x$fpl$dfix          fz_wm.l(dfix.o)
    0x08048802   0x08048802   0x0000002e   Code   RO         7064    x$fpl$dflt          fz_wm.l(dflt_clz.o)
    0x08048830   0x08048830   0x00000026   Code   RO         7063    x$fpl$dfltu         fz_wm.l(dflt_clz.o)
    0x08048856   0x08048856   0x00000002   PAD
    0x08048858   0x08048858   0x00000078   Code   RO         7069    x$fpl$dleqf         fz_wm.l(dleqf.o)
    0x080488d0   0x080488d0   0x00000154   Code   RO         7071    x$fpl$dmul          fz_wm.l(dmul.o)
    0x08048a24   0x08048a24   0x0000009c   Code   RO         7417    x$fpl$dnaninf       fz_wm.l(dnaninf.o)
    0x08048ac0   0x08048ac0   0x0000000c   Code   RO         7419    x$fpl$dretinf       fz_wm.l(dretinf.o)
    0x08048acc   0x08048acc   0x0000006c   Code   RO         7073    x$fpl$drleqf        fz_wm.l(drleqf.o)
    0x08048b38   0x08048b38   0x00000016   Code   RO         7048    x$fpl$drsb          fz_wm.l(daddsub_clz.o)
    0x08048b4e   0x08048b4e   0x00000002   PAD
    0x08048b50   0x08048b50   0x00000198   Code   RO         7421    x$fpl$dsqrt         fz_wm.l(dsqrt_umaal.o)
    0x08048ce8   0x08048ce8   0x000001d4   Code   RO         7049    x$fpl$dsub          fz_wm.l(daddsub_clz.o)
    0x08048ebc   0x08048ebc   0x00000056   Code   RO         7075    x$fpl$f2d           fz_wm.l(f2d.o)
    0x08048f12   0x08048f12   0x0000008c   Code   RO         7423    x$fpl$fnaninf       fz_wm.l(fnaninf.o)
    0x08048f9e   0x08048f9e   0x0000000a   Code   RO         7586    x$fpl$fpinit        fz_wm.l(fpinit.o)
    0x08048fa8   0x08048fa8   0x000000f4   Code   RO         7425    x$fpl$frem          fz_wm.l(frem_clz.o)
    0x0804909c   0x0804909c   0x0000000a   Code   RO         7427    x$fpl$fretinf       fz_wm.l(fretinf.o)
    0x080490a6   0x080490a6   0x00000000   Code   RO         7431    x$fpl$usenofp       fz_wm.l(usenofp.o)
    0x080490a6   0x080490a6   0x00000048   Data   RO          649    .constdata          fuzzylogic.o
    0x080490ee   0x080490ee   0x00000002   PAD
    0x080490f0   0x080490f0   0x00000348   Data   RO          849    .constdata          excitation.o
    0x08049438   0x08049438   0x0000000c   Data   RO         1551    .constdata          mpu6500.o
    0x08049444   0x08049444   0x000000e4   Data   RO         1621    .constdata          rotation.o
    0x08049528   0x08049528   0x00000018   Data   RO         1682    .constdata          accelerometer_calibration.o
    0x08049540   0x08049540   0x00000008   Data   RO         1928    .constdata          bmm150.o
    0x08049548   0x08049548   0x0000000b   Data   RO         2381    .constdata          can_com.o
    0x08049553   0x08049553   0x00000015   Data   RO         2484    .constdata          fast_uart.o
    0x08049568   0x08049568   0x0000001b   Data   RO         2685    .constdata          parameter.o
    0x08049583   0x08049583   0x00000001   PAD
    0x08049584   0x08049584   0x00000070   Data   RO         3238    .constdata          application.o
    0x080495f4   0x080495f4   0x000001a0   Data   RO         3496    .constdata          bgc_param.o
    0x08049794   0x08049794   0x00000034   Data   RO         3831    .constdata          bxcan.o
    0x080497c8   0x080497c8   0x00000097   Data   RO         3860    .constdata          can.o
    0x0804985f   0x0804985f   0x00000001   PAD
    0x08049860   0x08049860   0x0000003f   Data   RO         3927    .constdata          led.o
    0x0804989f   0x0804989f   0x000000a3   Data   RO         3961    .constdata          spi_core.o
    0x08049942   0x08049942   0x000000d9   Data   RO         3977    .constdata          spi_dev.o
    0x08049a1b   0x08049a1b   0x00000001   PAD
    0x08049a1c   0x08049a1c   0x00000050   Data   RO         4057    .constdata          usart.o
    0x08049a6c   0x08049a6c   0x00000010   Data   RO         4106    .constdata          stm32f4xx_sd.o
    0x08049a7c   0x08049a7c   0x00000023   Data   RO         4150    .constdata          dfs.o
    0x08049a9f   0x08049a9f   0x00000033   Data   RO         4210    .constdata          dfs_fs.o
    0x08049ad2   0x08049ad2   0x00000013   Data   RO         4326    .constdata          cpuport.o
    0x08049ae5   0x08049ae5   0x000000a8   Data   RO         4893    .constdata          device.o
    0x08049b8d   0x08049b8d   0x00000016   Data   RO         4908    .constdata          idle.o
    0x08049ba3   0x08049ba3   0x000001d7   Data   RO         4927    .constdata          ipc.o
    0x08049d7a   0x08049d7a   0x00000122   Data   RO         4960    .constdata          kservice.o
    0x08049e9c   0x08049e9c   0x00000046   Data   RO         4980    .constdata          mem.o
    0x08049ee2   0x08049ee2   0x0000005e   Data   RO         5029    .constdata          object.o
    0x08049f40   0x08049f40   0x0000004e   Data   RO         5049    .constdata          scheduler_1.o
    0x08049f8e   0x08049f8e   0x000000aa   Data   RO         5075    .constdata          thread.o
    0x0804a038   0x0804a038   0x0000005c   Data   RO         5093    .constdata          timer.o
    0x0804a094   0x0804a094   0x00000039   Data   RO         5112    .constdata          completion.o
    0x0804a0cd   0x0804a0cd   0x0000004b   Data   RO         5128    .constdata          dataqueue.o
    0x0804a118   0x0804a118   0x00000097   Data   RO         5179    .constdata          ringbuffer_1.o
    0x0804a1af   0x0804a1af   0x000000d3   Data   RO         5217    .constdata          serial.o
    0x0804a282   0x0804a282   0x00000002   PAD
    0x0804a284   0x0804a284   0x00000078   Data   RO         5247    .constdata          mmc.o
    0x0804a2fc   0x0804a2fc   0x00000013   Data   RO         5274    .constdata          mmcsd_core.o
    0x0804a30f   0x0804a30f   0x00000001   PAD
    0x0804a310   0x0804a310   0x00000060   Data   RO         5303    .constdata          sd.o
    0x0804a370   0x0804a370   0x0000011d   Data   RO         5327    .constdata          sdio.o
    0x0804a48d   0x0804a48d   0x00000003   PAD
    0x0804a490   0x0804a490   0x00000050   Data   RO         5346    .constdata          cmd.o
    0x0804a4e0   0x0804a4e0   0x000000c4   Data   RO         5483    .constdata          finsh_ops.o
    0x0804a5a4   0x0804a5a4   0x00000040   Data   RO         5516    .constdata          finsh_token.o
    0x0804a5e4   0x0804a5e4   0x00000060   Data   RO         5604    .constdata          shell.o
    0x0804a644   0x0804a644   0x00000004   PAD
    0x0804a648   0x0804a648   0x00000098   Data   RO         7104    .constdata          m_wm.l(atan.o)
    0x0804a6e0   0x0804a6e0   0x00000030   Data   RO         7166    .constdata          m_wm.l(expf.o)
    0x0804a710   0x0804a710   0x00000040   Data   RO         7198    .constdata          m_wm.l(logf.o)
    0x0804a750   0x0804a750   0x00000140   Data   RO         7212    .constdata          m_wm.l(powf.o)
    0x0804a890   0x0804a890   0x00000030   Data   RO         7433    .constdata          m_wm.l(cos_i.o)
    0x0804a8c0   0x0804a8c0   0x00000008   Data   RO         7469    .constdata          m_wm.l(qnan.o)
    0x0804a8c8   0x0804a8c8   0x000000c8   Data   RO         7472    .constdata          m_wm.l(rred.o)
    0x0804a990   0x0804a990   0x00000020   Data   RO         7476    .constdata          m_wm.l(rredf.o)
    0x0804a9b0   0x0804a9b0   0x00000028   Data   RO         7479    .constdata          m_wm.l(sin_i.o)
    0x0804a9d8   0x0804a9d8   0x00000014   Data   RO           24    .constdata__ZTV18AC_AttitudeControl  attitudecontrol.o
    0x0804a9ec   0x0804a9ec   0x00000010   Data   RO         1749    .constdata__ZTVN4math10MatrixBaseILj3ELj3EEE  accelerometer_calibration.o
    0x0804a9fc   0x0804a9fc   0x00000010   Data   RO         1745    .constdata__ZTVN4math10VectorBaseILj3EEE  accelerometer_calibration.o
    0x0804aa0c   0x0804aa0c   0x00000010   Data   RO         1751    .constdata__ZTVN4math6MatrixILj3ELj3EEE  accelerometer_calibration.o
    0x0804aa1c   0x0804aa1c   0x00000010   Data   RO         1747    .constdata__ZTVN4math6VectorILj3EEE  accelerometer_calibration.o
    0x0804aa2c   0x0804aa2c   0x0000004c   Data   RO          650    .conststring        fuzzylogic.o
    0x0804aa78   0x0804aa78   0x00000076   Data   RO         1683    .conststring        accelerometer_calibration.o
    0x0804aaee   0x0804aaee   0x00000002   PAD
    0x0804aaf0   0x0804aaf0   0x0000003f   Data   RO         3239    .conststring        application.o
    0x0804ab2f   0x0804ab2f   0x00000001   PAD
    0x0804ab30   0x0804ab30   0x00000182   Data   RO         3861    .conststring        can.o
    0x0804acb2   0x0804acb2   0x00000002   PAD
    0x0804acb4   0x0804acb4   0x000000ed   Data   RO         4981    .conststring        mem.o
    0x0804ada1   0x0804ada1   0x00000003   PAD
    0x0804ada4   0x0804ada4   0x00000060   Data   RO         5304    .conststring        sd.o
    0x0804ae04   0x0804ae04   0x000001ad   Data   RO         5347    .conststring        cmd.o
    0x0804afb1   0x0804afb1   0x00000003   PAD
    0x0804afb4   0x0804afb4   0x000000f3   Data   RO         5418    .conststring        finsh_error.o
    0x0804b0a7   0x0804b0a7   0x00000001   PAD
    0x0804b0a8   0x0804b0a8   0x0000003e   Data   RO         5517    .conststring        finsh_token.o
    0x0804b0e6   0x0804b0e6   0x00000080   Data   RO         2778    .rodata.name        e2pfs.o
    0x0804b166   0x0804b166   0x00000017   Data   RO         2844    .rodata.name        eeprom.o
    0x0804b17d   0x0804b17d   0x00000036   Data   RO         2889    .rodata.name        gimbal.o
    0x0804b1b3   0x0804b1b3   0x00000021   Data   RO         3863    .rodata.name        can.o
    0x0804b1d4   0x0804b1d4   0x00000020   Data   RO         3906    .rodata.name        idle_thread.o
    0x0804b1f4   0x0804b1f4   0x0000005f   Data   RO         4184    .rodata.name        dfs_file.o
    0x0804b253   0x0804b253   0x00000029   Data   RO         4211    .rodata.name        dfs_fs.o
    0x0804b27c   0x0804b27c   0x0000003d   Data   RO         4227    .rodata.name        dfs_posix.o
    0x0804b2b9   0x0804b2b9   0x00000027   Data   RO         4983    .rodata.name        mem.o
    0x0804b2e0   0x0804b2e0   0x000001b3   Data   RO         5349    .rodata.name        cmd.o
    0x0804b493   0x0804b493   0x00000001   PAD
    0x0804b494   0x0804b494   0x00000030   Data   RO         2779    FSymTab             e2pfs.o
    0x0804b4c4   0x0804b4c4   0x0000000c   Data   RO         2845    FSymTab             eeprom.o
    0x0804b4d0   0x0804b4d0   0x00000018   Data   RO         2890    FSymTab             gimbal.o
    0x0804b4e8   0x0804b4e8   0x0000000c   Data   RO         3864    FSymTab             can.o
    0x0804b4f4   0x0804b4f4   0x0000000c   Data   RO         3907    FSymTab             idle_thread.o
    0x0804b500   0x0804b500   0x00000030   Data   RO         4185    FSymTab             dfs_file.o
    0x0804b530   0x0804b530   0x00000018   Data   RO         4212    FSymTab             dfs_fs.o
    0x0804b548   0x0804b548   0x00000018   Data   RO         4228    FSymTab             dfs_posix.o
    0x0804b560   0x0804b560   0x0000000c   Data   RO         4984    FSymTab             mem.o
    0x0804b56c   0x0804b56c   0x00000090   Data   RO         5350    FSymTab             cmd.o
    0x0804b5fc   0x0804b5fc   0x00000020   Data   RO         7681    Region$$Table       anon$$obj.o
    0x0804b61c   0x0804b61c   0x00000010   Data   RO         5351    VSymTab             cmd.o
    0x0804b62c   0x0804b62c   0x00000110   Data   RO         7609    locale$$data        c_w.l(lc_ctype_c.o)
    0x0804b73c   0x0804b73c   0x00000004   Data   RO            6    .init_array         attitudecontrol.o
    0x0804b740   0x0804b73c   0x00000004   Data   RO          473    .init_array         pid.o
    0x0804b744   0x0804b73c   0x00000004   Data   RO          579    .init_array         p.o
    0x0804b748   0x0804b73c   0x00000004   Data   RO          622    .init_array         pd.o
    0x0804b74c   0x0804b73c   0x00000004   Data   RO          876    .init_array         directionalign.o
    0x0804b750   0x0804b73c   0x00000004   Data   RO          933    .init_array         attitude.o
    0x0804b754   0x0804b73c   0x00000004   Data   RO         1089    .init_array         attitude_filter.o
    0x0804b758   0x0804b73c   0x00000004   Data   RO         1553    .init_array         mpu6500.o
    0x0804b75c   0x0804b73c   0x00000004   Data   RO         2136    .init_array         dcm_ekf_imu.o
    0x0804b760   0x0804b73c   0x00000004   Data   RO         2383    .init_array         can_com.o
    0x0804b764   0x0804b73c   0x00000004   Data   RO         2888    .init_array         gimbal.o
    0x0804b768   0x0804b73c   0x00000004   Data   RO         3241    .init_array         application.o
    0x0804b76c   0x0804b73c   0x00000004   Data   RO         3470    .init_array         timers.o
    0x0804b770   0x0804b73c   0x00000004   Data   RO         3498    .init_array         bgc_param.o
    0x0804b774   0x0804b73c   0x00000004   Data   RO         3599    .init_array         scheduler.o
    0x0804b778   0x0804b73c   0x00000004   Data   RO         3730    .init_array         att2mot.o
    0x0804b77c   0x0804b73c   0x00000000   Data   RO         6913    .init_array         c_w.l(init_aeabi.o)


    Execution Region RW_IRAM1 (Exec base: 0x20000000, Load base: 0x0804b77c, Size: 0x00015f38, Max: 0x00020000, ABSOLUTE, COMPRESSED[0x00000654])

    Exec Addr    Load Addr    Size         Type   Attr      Idx    E Section Name        Object

    0x20000000   COMPRESSED   0x0000022c   Data   RW            5    .data               attitudecontrol.o
    0x2000022c   COMPRESSED   0x000000a8   Data   RW          472    .data               pid.o
    0x200002d4   COMPRESSED   0x00000038   Data   RW          578    .data               p.o
    0x2000030c   COMPRESSED   0x0000008c   Data   RW          621    .data               pd.o
    0x20000398   COMPRESSED   0x00000038   Data   RW          819    .data               fuzzy_control.o
    0x200003d0   COMPRESSED   0x00000004   Data   RW          850    .data               excitation.o
    0x200003d4   COMPRESSED   0x00000100   Data   RW          875    .data               directionalign.o
    0x200004d4   COMPRESSED   0x00000188   Data   RW          932    .data               attitude.o
    0x2000065c   COMPRESSED   0x00000110   Data   RW         1088    .data               attitude_filter.o
    0x2000076c   COMPRESSED   0x000000c4   Data   RW         1552    .data               mpu6500.o
    0x20000830   COMPRESSED   0x00000140   Data   RW         1684    .data               accelerometer_calibration.o
    0x20000970   COMPRESSED   0x00000004   Data   RW         1892    .data               bmm050.o
    0x20000974   COMPRESSED   0x00000010   Data   RW         1929    .data               bmm150.o
    0x20000984   COMPRESSED   0x0000000c   Data   RW         1965    .data               accelcal.o
    0x20000990   COMPRESSED   0x000000c4   Data   RW         2135    .data               dcm_ekf_imu.o
    0x20000a54   COMPRESSED   0x0000000c   Data   RW         2258    .data               ap_smallekf.o
    0x20000a60   COMPRESSED   0x00000470   Data   RW         2382    .data               can_com.o
    0x20000ed0   COMPRESSED   0x00000004   Data   RW         2444    .data               mavlink_com.o
    0x20000ed4   COMPRESSED   0x00000008   Data   RW         2485    .data               fast_uart.o
    0x20000edc   COMPRESSED   0x00000008   Data   RW         2686    .data               parameter.o
    0x20000ee4   COMPRESSED   0x00000044   Data   RW         2777    .data               e2pfs.o
    0x20000f28   COMPRESSED   0x00000016   Data   RW         2843    .data               eeprom.o
    0x20000f3e   COMPRESSED   0x00000002   PAD
    0x20000f40   COMPRESSED   0x00000690   Data   RW         2887    .data               gimbal.o
    0x200015d0   COMPRESSED   0x00000568   Data   RW         3240    .data               application.o
    0x20001b38   COMPRESSED   0x00000004   Data   RW         3469    .data               timers.o
    0x20001b3c   COMPRESSED   0x00000544   Data   RW         3497    .data               bgc_param.o
    0x20002080   COMPRESSED   0x00000545   Data   RW         3598    .data               scheduler.o
    0x200025c5   COMPRESSED   0x00000003   PAD
    0x200025c8   COMPRESSED   0x00000024   Data   RW         3669    .data               upper_control_interface.o
    0x200025ec   COMPRESSED   0x000000e8   Data   RW         3729    .data               att2mot.o
    0x200026d4   COMPRESSED   0x00000034   Data   RW         3832    .data               bxcan.o
    0x20002708   COMPRESSED   0x00000010   Data   RW         3862    .data               can.o
    0x20002718   COMPRESSED   0x00000050   Data   RW         3884    .data               gpio.o
    0x20002768   COMPRESSED   0x00000008   Data   RW         3905    .data               idle_thread.o
    0x20002770   COMPRESSED   0x00000009   Data   RW         3992    .data               stm32_hw_spi.o
    0x20002779   COMPRESSED   0x00000003   PAD
    0x2000277c   COMPRESSED   0x000001c0   Data   RW         4030    .data               stm32f40x_timer.o
    0x2000293c   COMPRESSED   0x00000018   Data   RW         4058    .data               usart.o
    0x20002954   COMPRESSED   0x00000020   Data   RW         4082    .data               hardward_bus.o
    0x20002974   COMPRESSED   0x00000008   Data   RW         4107    .data               stm32f4xx_sd.o
    0x2000297c   COMPRESSED   0x00000100   Data   RW         4151    .data               dfs.o
    0x20002a7c   COMPRESSED   0x00000010   Data   RW         4327    .data               cpuport.o
    0x20002a8c   COMPRESSED   0x00000010   Data   RW         4699    .data               stm32f4xx_rcc.o
    0x20002a9c   COMPRESSED   0x00000014   Data   RW         4852    .data               system_stm32f4xx.o
    0x20002ab0   COMPRESSED   0x00000004   Data   RW         4873    .data               clock.o
    0x20002ab4   COMPRESSED   0x00000004   Data   RW         4909    .data               idle.o
    0x20002ab8   COMPRESSED   0x00000001   Data   RW         4944    .data               irq.o
    0x20002ab9   COMPRESSED   0x00000003   PAD
    0x20002abc   COMPRESSED   0x0000000c   Data   RW         4961    .data               kservice.o
    0x20002ac8   COMPRESSED   0x00000020   Data   RW         4982    .data               mem.o
    0x20002ae8   COMPRESSED   0x000000a4   Data   RW         5030    .data               object.o
    0x20002b8c   COMPRESSED   0x0000001c   Data   RW         5050    .data               scheduler_1.o
    0x20002ba8   COMPRESSED   0x00000018   Data   RW         5094    .data               timer.o
    0x20002bc0   COMPRESSED   0x00000004   Data   RW         5180    .data               ringbuffer_1.o
    0x20002bc4   COMPRESSED   0x00000008   Data   RW         5230    .data               block_dev.o
    0x20002bcc   COMPRESSED   0x00000010   Data   RW         5328    .data               sdio.o
    0x20002bdc   COMPRESSED   0x00000004   Data   RW         5348    .data               cmd.o
    0x20002be0   COMPRESSED   0x00000008   Data   RW         5381    .data               finsh_compiler.o
    0x20002be8   COMPRESSED   0x00000040   Data   RW         5419    .data               finsh_error.o
    0x20002c28   COMPRESSED   0x00000008   Data   RW         5435    .data               finsh_heap.o
    0x20002c30   COMPRESSED   0x00000004   Data   RW         5532    .data               finsh_var.o
    0x20002c34   COMPRESSED   0x0000000c   Data   RW         5555    .data               finsh_vm.o
    0x20002c40   COMPRESSED   0x00000004   Data   RW         5605    .data               shell.o
    0x20002c44   COMPRESSED   0x00000010   Data   RW         5623    .data               symbol.o
    0x20002c54   COMPRESSED   0x000000cc   Data   RW         6694    .data               fir_vec3f.o
    0x20002d20        -       0x0000003c   Zero   RW          874    .bss                directionalign.o
    0x20002d5c        -       0x0000002c   Zero   RW          931    .bss                attitude.o
    0x20002d88        -       0x00000020   Zero   RW         1927    .bss                bmm150.o
    0x20002da8        -       0x00000018   Zero   RW         2256    .bss                ap_smallekf.o
    0x20002dc0        -       0x00000068   Zero   RW         2380    .bss                can_com.o
    0x20002e28        -       0x00000a0c   Zero   RW         2483    .bss                fast_uart.o
    0x20003834        -       0x00000018   Zero   RW         2776    .bss                e2pfs.o
    0x2000384c        -       0x00000024   Zero   RW         2821    .bss                e2pfs_port.o
    0x20003870        -       0x0000003c   Zero   RW         2842    .bss                eeprom.o
    0x200038ac        -       0x00008000   Zero   RW         2886    .bss                gimbal.o
    0x2000b8ac        -       0x00000020   Zero   RW         3597    .bss                scheduler.o
    0x2000b8cc        -       0x000000b0   Zero   RW         3728    .bss                att2mot.o
    0x2000b97c        -       0x00000100   Zero   RW         3830    .bss                bxcan.o
    0x2000ba7c        -       0x00000640   Zero   RW         3883    .bss                gpio.o
    0x2000c0bc        -       0x00000044   Zero   RW         3926    .bss                led.o
    0x2000c100        -       0x00000078   Zero   RW         3991    .bss                stm32_hw_spi.o
    0x2000c178        -       0x000000fc   Zero   RW         4056    .bss                usart.o
    0x2000c274        -       0x00000240   Zero   RW         4081    .bss                hardward_bus.o
    0x2000c4b4   COMPRESSED   0x00000004   PAD
    0x2000c4b8        -       0x00001048   Zero   RW         4105    .bss                stm32f4xx_sd.o
    0x2000d500        -       0x000000d4   Zero   RW         4149    .bss                dfs.o
    0x2000d5d4        -       0x00000124   Zero   RW         4183    .bss                dfs_file.o
    0x2000d6f8        -       0x00000480   Zero   RW         4907    .bss                idle.o
    0x2000db78        -       0x00000080   Zero   RW         4959    .bss                kservice.o
    0x2000dbf8        -       0x00000020   Zero   RW         4979    .bss                mem.o
    0x2000dc18        -       0x00000100   Zero   RW         5048    .bss                scheduler_1.o
    0x2000dd18        -       0x00000280   Zero   RW         5092    .bss                timer.o
    0x2000df98        -       0x000002c0   Zero   RW         5273    .bss                mmcsd_core.o
    0x2000e258        -       0x00000080   Zero   RW         5434    .bss                finsh_heap.o
    0x2000e2d8        -       0x00000140   Zero   RW         5468    .bss                finsh_node.o
    0x2000e418        -       0x000000c0   Zero   RW         5531    .bss                finsh_var.o
    0x2000e4d8        -       0x00000180   Zero   RW         5554    .bss                finsh_vm.o
    0x2000e658        -       0x00000880   Zero   RW         5603    .bss                shell.o
    0x2000eed8        -       0x00000060   Zero   RW         7491    .bss                c_w.l(libspace.o)
    0x2000ef38        -       0x00003000   Zero   RW         4844    HEAP                startup_stm32f4xx.o
    0x20011f38        -       0x00004000   Zero   RW         4843    STACK               startup_stm32f4xx.o


==============================================================================

Image component sizes


      Code (inc. data)   RO Data    RW Data    ZI Data      Debug   Object Name

      1450        284          0         12          0      14821   accelcal.o
      3732         42          0          0          0      20319   accelcalibrator.o
      6856        784        206        320          0      61588   accelerometer_calibration.o
       154         12          0          0          0       3486   ap_math.o
     19638        168          0         12         24      29747   ap_smallekf.o
      1280        176        179       1384          0      97043   application.o
      1812          6          0          0          0       2670   arm_fir_f32.o
        40          0          0          0          0      11919   arm_fir_init_f32.o
     10812        478          4        232        176      28412   att2mot.o
      1080         80          4        392         44      89949   attitude.o
      8004        358          4        272          0      27164   attitude_filter.o
      4852        130         24        556          0     332377   attitudecontrol.o
       276         38        420       1348          0      63440   bgc_param.o
      1428        290          0          8          0       6347   block_dev.o
      4828         32          0          4          0      30811   bmm050.o
       584        102          8         16         32      21223   bmm150.o
       200         18          0          0          0      22383   board.o
      3556        114         52         52        256      31210   bxcan.o
      4332        508        582         16          0      10168   can.o
      5884        208         15       1136        104      27042   can_com.o
       100          6          0          4          0       1572   clock.o
      3016       1228       1104          4          0      33037   cmd.o
       456        124         57          0          0       2871   completion.o
       268         24          0          0          0        796   context_rvds.o
       400        188         19         16          0       3703   cpuport.o
       604         70          0          0          0       2904   databox.o
      1044        114         75          0          0       6297   dataqueue.o
     27416         46          4        196          0      22583   dcm_ekf_imu.o
       804        134        168          0          0       4917   device.o
       888         88         35        256        212       8528   dfs.o
      2500        364        143          0        292      13715   dfs_file.o
      1524        268        116          0          0       5824   dfs_fs.o
      1564         14         85          0          0       9915   dfs_posix.o
      1926        130          4        256         60      10423   directionalign.o
      4252       1458        176         68         24      17986   e2pfs.o
       212          8          0          0         36       2234   e2pfs_port.o
      2884        194         35         22         60      19714   eeprom.o
       300         34        840          4          0       2391   excitation.o
      1132        102         21          8       2572     327229   fast_uart.o
       350         10          0          0          0       7840   filter.o
      6168        154          0          8          0      10946   finsh_compiler.o
        44         10        243         64          0       1677   finsh_error.o
       528         18          0          8        128       3435   finsh_heap.o
        88          6          0          0          0       1680   finsh_init.o
       388          4          0          0        320       3452   finsh_node.o
      2780         36        196          0          0       8816   finsh_ops.o
      2428         32          0          0          0       9817   finsh_parser.o
      1624         16        126          0          0       6152   finsh_token.o
       412         18          0          4        192       7441   finsh_var.o
       228         34          0         12        384       7070   finsh_vm.o
       372          0          0          0          0      14059   fir.o
       252          4          0        204          0       4004   fir_vec3f.o
      1536        114          0         56          0       8483   fuzzy_control.o
      3416        512        148          0          0     235474   fuzzylogic.o
     10794        606         82       1680      32768     111461   gimbal.o
      3460        144          0         80       1600       5782   gpio.o
       456         96          0         32        576       1276   hardward_bus.o
       308         74         22          4       1152       2855   idle.o
       268         44         44          8          0       1734   idle_thread.o
      5704        422        471          0          0      20103   ipc.o
        72          6          0          1          0       1358   irq.o
      2572        176        290         12        128      11940   kservice.o
       516         98         63          0         68       3282   led.o
      3550        168          0          0          0      11965   location.o
      1434          0          0          0          0       9388   matrix3.o
      4152         10          0          0          0       7750   matrix_alg.o
      1532         16          0          4          0      21521   mavlink_com.o
      2152        558        358         32         32       5503   mem.o
       492         74          0          0          0       2125   misc.o
      2380        288        120          0          0      13776   mmc.o
      2204        200         19          0        704      17228   mmcsd_core.o
      3978        672         16        196          0      20207   mpu6500.o
       388         20          0          0          0       1998   notchfilter.o
       732        150         94        164          0       5736   object.o
        36          6          4         56          0       5600   p.o
      3160        272         27          8          0      24174   parameter.o
       692         20          4        140          0       5783   pd.o
      1066         20          4        168          0      15579   pid.o
      3456         14          0          0          0      18844   quaternion.o
      1424         84          0          0          0       4653   ringbuffer.o
      1184         60        151          4          0       6397   ringbuffer_1.o
       334          8        228          0          0      20334   rotation.o
       784         56          4       1349         32      59868   scheduler.o
       736        150         78         28        256       4709   scheduler_1.o
      2612        220        192          0          0      14861   sd.o
      5620        870        285         16          0      21276   sdio.o
      2176        316        211          0          0       7869   serial.o
        76         32          0          0          0       3568   serial_com.o
      2500        280         96          4       2176       5979   shell.o
      1528        112        163          0          0       7218   spi_core.o
       644        172        217          0          0       3995   spi_dev.o
       200         98          0          0          0       1323   startup.o
        64         26        392          0      28672        892   startup_stm32f4xx.o
       976         64          0          9        120       3753   stm32_hw_spi.o
      1732         82          0        448          0      35049   stm32f40x_timer.o
      4404        166          0          0          0       9120   stm32f4xx_can.o
      5068        352          0          0          0       9045   stm32f4xx_dma.o
      2326        132          0          0          0       5501   stm32f4xx_gpio.o
      3496        218          0          0          0      10543   stm32f4xx_i2c.o
       412         22          0          0          0       2387   stm32f4xx_it.o
      3448        258          0         16          0      13595   stm32f4xx_rcc.o
      1812        128         16          8       4168      13916   stm32f4xx_sd.o
      1628         88          0          0          0       8484   stm32f4xx_sdio.o
      3016        118          0          0          0       8629   stm32f4xx_spi.o
     12948        670          0          0          0      31292   stm32f4xx_tim.o
      3764        164          0          0          0      10180   stm32f4xx_usart.o
         0          0          0         16          0       4293   symbol.o
       524         42          0         20          0       1991   system_stm32f4xx.o
      1436        210        170          0          0       7562   thread.o
       536          0          0          0          0       5036   time_measure.o
      1464        140         92         24        640       7523   timer.o
       852        104          4          4          0      19634   timers.o
      1560        102          0         36          0       5019   upper_control_interface.o
       928        112         80         24        252      22547   usart.o
      1772         34          0          0          0      10392   vector3.o

    ----------------------------------------------------------------------
    282254      19234       9150      11552      78264    2514505   Object Totals
         0          0         32          0          0          0   (incl. Generated)
        14          0         28         11          4          0   (incl. Padding)

    ----------------------------------------------------------------------

      Code (inc. data)   RO Data    RW Data    ZI Data      Debug   Library Member Name

       248          6          0          0          0      16559   arm_mat_mult_f32.o
       152          0          0          0          0       1172   arm_mat_trans_f32.o
       100          0          0          0          0          0   __dclz77c.o
         8          0          0          0          0         68   __main.o
         0          0          0          0          0          0   __rtentry.o
        12          0          0          0          0          0   __rtentry2.o
         6          0          0          0          0          0   __rtentry4.o
        52          8          0          0          0          0   __scatter.o
        28          0          0          0          0          0   __scatter_zi.o
        28          0          0          0          0         68   _chval.o
        22          0          0          0          0        100   _rserrno.o
       158          0          0          0          0         92   _strtoul.o
        22          0          0          0          0         80   abort.o
        46          0          0          0          0         84   aeabi_atexit.o
       128         42          0          0          0         76   assert.o
        20          0          0          0          0         76   assert_puts.o
        26          0          0          0          0         80   atoi.o
        40          0          0          0          0         80   calloc.o
        66          0          0          0          0         84   cxa_finalize.o
        48         34          0          0          0         76   defsig_abrt_inner.o
        14          0          0          0          0         80   defsig_abrt_outer.o
        10          0          0          0          0         68   defsig_exit.o
        50          0          0          0          0         88   defsig_general.o
        80         58          0          0          0         76   defsig_rtmem_inner.o
        14          0          0          0          0         80   defsig_rtmem_outer.o
        18          0          0          0          0         80   exit.o
        94          0          0          0          0         80   h1_alloc.o
        52          0          0          0          0         68   h1_extend.o
        78          0          0          0          0         80   h1_free.o
        14          0          0          0          0         84   h1_init.o
         6          0          0          0          0        152   heapauxi.o
         4          0          0          0          0        136   hguard.o
         0          0          0          0          0          0   indicate_semi.o
        36         10          0          0          0         80   init_aeabi.o
       138          0          0          0          0        168   init_alloc.o
        44         10        272          0          0         76   lc_ctype_c.o
         2          0          0          0          0          0   libinit.o
        36          0          0          0          0          0   libinit2.o
         2          0          0          0          0          0   libshutdown.o
         8          0          0          0          0          0   libshutdown2.o
         8          4          0          0         96         68   libspace.o
         0          0          0          0          0          0   maybetermalloc1.o
        16          4          0          0          0         76   rt_ctype_table.o
         8          4          0          0          0         68   rt_ddtor_pointer_addr_intlibspace.o
         8          4          0          0          0         68   rt_eh_globals_addr_intlibspace.o
         8          4          0          0          0         68   rt_errno_addr_intlibspace.o
         8          4          0          0          0         68   rt_heap_descriptor_intlibspace.o
         8          4          0          0          0         68   rt_locale_intlibspace.o
        68          0          0          0          0         68   rt_memclr.o
        78          0          0          0          0         80   rt_memclr_w.o
       138          0          0          0          0         68   rt_memcpy_v6.o
       100          0          0          0          0         80   rt_memcpy_w.o
         8          4          0          0          0         68   rt_new_handler_addr_intlibspace.o
         2          0          0          0          0          0   rtexit.o
        10          0          0          0          0          0   rtexit2.o
        42          0          0          0          0         84   strcasecmp.o
        24          0          0          0          0         68   strcat.o
       128          0          0          0          0         68   strcmpv7m.o
        62          0          0          0          0         76   strlen.o
       150          0          0          0          0         80   strncmp.o
        86          0          0          0          0         76   strncpy.o
        22          0          0          0          0         68   strrchr.o
       112          0          0          0          0         88   strtol.o
        12          4          0          0          0         68   sys_exit.o
        74          0          0          0          0         80   sys_stackheap_outer.o
        14          0          0          0          0         76   sys_wrch.o
        26          0          0          0          0         76   tolower.o
         2          0          0          0          0         68   use_no_semi.o
        36          0          0          0          0         84   aeabi_vec_ctor_nocookie_nodtor.o
        80         12          0          0          0        104   arm_exceptions_globs.o
        60          0          0          0          0        108   arm_exceptions_mem.o
        26          0          0          0          0         76   arm_exceptions_terminate.o
         4          0          0          0          0         68   arm_newhandler_noexceptions.o
         8          0          0          0          0         76   array_del.o
         8          0          0          0          0         76   array_new.o
        16          0          0          0          0         68   cxa_guard_acquire.o
         8          0          0          0          0         76   delete.o
        40          6          0          0          0         76   new.o
        24          0          0          0          0        164   basic.o
        98          4          0          0          0        140   d2f.o
       826         16          0          0          0        492   daddsub_clz.o
        24          0          0          0          0        116   dcmpi.o
       688        140          0          0          0        256   ddiv.o
       120          4          0          0          0        140   deqf.o
        94          4          0          0          0        140   dfix.o
        84          0          0          0          0        232   dflt_clz.o
       120          4          0          0          0        140   dleqf.o
       340         12          0          0          0        152   dmul.o
       156          4          0          0          0        140   dnaninf.o
        12          0          0          0          0        116   dretinf.o
       108          0          0          0          0        128   drleqf.o
       408         56          0          0          0        168   dsqrt_umaal.o
        86          4          0          0          0        132   f2d.o
       140          4          0          0          0        132   fnaninf.o
        10          0          0          0          0        116   fpinit.o
       244          8          0          0          0        132   frem_clz.o
        10          0          0          0          0        116   fretinf.o
         0          0          0          0          0          0   usenofp.o
       280         46          0          0          0        176   acosf.o
       300         42          0          0          0        176   asinf.o
       744        106        152          0          0        352   atan.o
       496         64          0          0          0        192   atan2.o
       592         90          0          0          0        184   atan2f.o
       200         20          0          0          0        164   cos.o
       368         46         48          0          0        200   cos_i.o
       336         56          0          0          0        136   cosf.o
       104         16          0          0          0        496   dunder.o
       488         62         48          0          0        236   expf.o
        44          0          0          0          0        248   fabs.o
       176          0          0          0          0        168   fmodf.o
        48          0          0          0          0        124   fpclassify.o
        38          0          0          0          0        116   fpclassifyf.o
        80         24          0          0          0        696   funder.o
       364         44         64          0          0        140   logf.o
       248          0          0          0          0        152   poly.o
      1636        110        320          0          0        372   powf.o
         0          0          8          0          0          0   qnan.o
      1080        142        200          0          0        188   rred.o
       340         24         32          0          0        160   rredf.o
       200         20          0          0          0        164   sin.o
       304         24         40          0          0        208   sin_i.o
       400         56          0          0          0        212   sinf.o
       122          0          0          0          0        148   sqrt.o
       120          0          0          0          0        272   sqrtf.o
       380         58          0          0          0        200   tanf.o

    ----------------------------------------------------------------------
     16528       1540       1184          0         96      31759   Library Totals
        30          8          0          0          0          0   (incl. Padding)

    ----------------------------------------------------------------------

      Code (inc. data)   RO Data    RW Data    ZI Data      Debug   Library Name

       400          6          0          0          0      17731   arm_cortexM4lf_math.lib
      2732        198        272          0         96       4184   c_w.l
       286         18          0          0          0        812   cpprt_w.l
      3592        260          0          0          0       3152   fz_wm.l
      9488       1050        912          0          0       5880   m_wm.l

    ----------------------------------------------------------------------
     16528       1540       1184          0         96      31759   Library Totals

    ----------------------------------------------------------------------

==============================================================================


      Code (inc. data)   RO Data    RW Data    ZI Data      Debug   

    298782      20774      10334      11552      78360    2506396   Grand Totals
    298782      20774      10334       1620      78360    2506396   ELF Image Totals (compressed)
    298782      20774      10334       1620          0          0   ROM Totals

==============================================================================

    Total RO  Size (Code + RO Data)               309116 ( 301.87kB)
    Total RW  Size (RW Data + ZI Data)             89912 (  87.80kB)
    Total ROM Size (Code + RO Data + RW Data)     310736 ( 303.45kB)

==============================================================================

